Component: ARM Compiler 5.06 update 5 (build 528) Tool: armlink [4d35e2]

==============================================================================

Section Cross References

    system_stm32f10x.o(i.SetSysClock) refers to system_stm32f10x.o(i.SetSysClockTo72) for SetSysClockTo72
    system_stm32f10x.o(i.SystemCoreClockUpdate) refers to system_stm32f10x.o(.data) for SystemCoreClock
    system_stm32f10x.o(i.SystemInit) refers to system_stm32f10x.o(i.SetSysClock) for SetSysClock
    startup_stm32f10x_md.o(RESET) refers to startup_stm32f10x_md.o(STACK) for __initial_sp
    startup_stm32f10x_md.o(RESET) refers to startup_stm32f10x_md.o(.text) for Reset_Handler
    startup_stm32f10x_md.o(RESET) refers to stm32f10x_it.o(i.NMI_Handler) for NMI_Handler
    startup_stm32f10x_md.o(RESET) refers to stm32f10x_it.o(i.HardFault_Handler) for HardFault_Handler
    startup_stm32f10x_md.o(RESET) refers to stm32f10x_it.o(i.MemManage_Handler) for MemManage_Handler
    startup_stm32f10x_md.o(RESET) refers to stm32f10x_it.o(i.BusFault_Handler) for BusFault_Handler
    startup_stm32f10x_md.o(RESET) refers to stm32f10x_it.o(i.UsageFault_Handler) for UsageFault_Handler
    startup_stm32f10x_md.o(RESET) refers to stm32f10x_it.o(i.SVC_Handler) for SVC_Handler
    startup_stm32f10x_md.o(RESET) refers to stm32f10x_it.o(i.DebugMon_Handler) for DebugMon_Handler
    startup_stm32f10x_md.o(RESET) refers to stm32f10x_it.o(i.PendSV_Handler) for PendSV_Handler
    startup_stm32f10x_md.o(RESET) refers to stm32f10x_it.o(i.SysTick_Handler) for SysTick_Handler
    startup_stm32f10x_md.o(RESET) refers to myrtc.o(i.RTC_IRQHandler) for RTC_IRQHandler
    startup_stm32f10x_md.o(RESET) refers to _28byj48.o(i.TIM1_UP_IRQHandler) for TIM1_UP_IRQHandler
    startup_stm32f10x_md.o(RESET) refers to dth11.o(i.TIM3_IRQHandler) for TIM3_IRQHandler
    startup_stm32f10x_md.o(RESET) refers to serial.o(i.USART1_IRQHandler) for USART1_IRQHandler
    startup_stm32f10x_md.o(.text) refers to system_stm32f10x.o(i.SystemInit) for SystemInit
    startup_stm32f10x_md.o(.text) refers to entry.o(.ARM.Collect$$$$00000000) for __main
    stm32f10x_adc.o(i.ADC_DeInit) refers to stm32f10x_rcc.o(i.RCC_APB2PeriphResetCmd) for RCC_APB2PeriphResetCmd
    stm32f10x_bkp.o(i.BKP_DeInit) refers to stm32f10x_rcc.o(i.RCC_BackupResetCmd) for RCC_BackupResetCmd
    stm32f10x_can.o(i.CAN_DeInit) refers to stm32f10x_rcc.o(i.RCC_APB1PeriphResetCmd) for RCC_APB1PeriphResetCmd
    stm32f10x_can.o(i.CAN_GetITStatus) refers to stm32f10x_can.o(i.CheckITStatus) for CheckITStatus
    stm32f10x_cec.o(i.CEC_DeInit) refers to stm32f10x_rcc.o(i.RCC_APB1PeriphResetCmd) for RCC_APB1PeriphResetCmd
    stm32f10x_dac.o(i.DAC_DeInit) refers to stm32f10x_rcc.o(i.RCC_APB1PeriphResetCmd) for RCC_APB1PeriphResetCmd
    stm32f10x_flash.o(i.FLASH_EnableWriteProtection) refers to stm32f10x_flash.o(i.FLASH_WaitForLastOperation) for FLASH_WaitForLastOperation
    stm32f10x_flash.o(i.FLASH_EraseAllBank1Pages) refers to stm32f10x_flash.o(i.FLASH_WaitForLastBank1Operation) for FLASH_WaitForLastBank1Operation
    stm32f10x_flash.o(i.FLASH_EraseAllPages) refers to stm32f10x_flash.o(i.FLASH_WaitForLastOperation) for FLASH_WaitForLastOperation
    stm32f10x_flash.o(i.FLASH_EraseOptionBytes) refers to stm32f10x_flash.o(i.FLASH_GetReadOutProtectionStatus) for FLASH_GetReadOutProtectionStatus
    stm32f10x_flash.o(i.FLASH_EraseOptionBytes) refers to stm32f10x_flash.o(i.FLASH_WaitForLastOperation) for FLASH_WaitForLastOperation
    stm32f10x_flash.o(i.FLASH_ErasePage) refers to stm32f10x_flash.o(i.FLASH_WaitForLastOperation) for FLASH_WaitForLastOperation
    stm32f10x_flash.o(i.FLASH_ProgramHalfWord) refers to stm32f10x_flash.o(i.FLASH_WaitForLastOperation) for FLASH_WaitForLastOperation
    stm32f10x_flash.o(i.FLASH_ProgramOptionByteData) refers to stm32f10x_flash.o(i.FLASH_WaitForLastOperation) for FLASH_WaitForLastOperation
    stm32f10x_flash.o(i.FLASH_ProgramWord) refers to stm32f10x_flash.o(i.FLASH_WaitForLastOperation) for FLASH_WaitForLastOperation
    stm32f10x_flash.o(i.FLASH_ReadOutProtection) refers to stm32f10x_flash.o(i.FLASH_WaitForLastOperation) for FLASH_WaitForLastOperation
    stm32f10x_flash.o(i.FLASH_UserOptionByteConfig) refers to stm32f10x_flash.o(i.FLASH_WaitForLastOperation) for FLASH_WaitForLastOperation
    stm32f10x_flash.o(i.FLASH_WaitForLastBank1Operation) refers to stm32f10x_flash.o(i.FLASH_GetBank1Status) for FLASH_GetBank1Status
    stm32f10x_flash.o(i.FLASH_WaitForLastOperation) refers to stm32f10x_flash.o(i.FLASH_GetBank1Status) for FLASH_GetBank1Status
    stm32f10x_gpio.o(i.GPIO_AFIODeInit) refers to stm32f10x_rcc.o(i.RCC_APB2PeriphResetCmd) for RCC_APB2PeriphResetCmd
    stm32f10x_gpio.o(i.GPIO_DeInit) refers to stm32f10x_rcc.o(i.RCC_APB2PeriphResetCmd) for RCC_APB2PeriphResetCmd
    stm32f10x_i2c.o(i.I2C_DeInit) refers to stm32f10x_rcc.o(i.RCC_APB1PeriphResetCmd) for RCC_APB1PeriphResetCmd
[...]
    __aeabi_fdiv                             0x08000409   Thumb Code   124  fdiv.o(.text)
    __aeabi_dadd                             0x08000485   Thumb Code   322  dadd.o(.text)
    __aeabi_dsub                             0x080005c7   Thumb Code     6  dadd.o(.text)
    __aeabi_drsub                            0x080005cd   Thumb Code     6  dadd.o(.text)
    __aeabi_dmul                             0x080005d3   Thumb Code   228  dmul.o(.text)
    __aeabi_ddiv                             0x080006b7   Thumb Code   222  ddiv.o(.text)
    __aeabi_i2f                              0x08000795   Thumb Code    18  fflti.o(.text)
    __aeabi_ui2f                             0x080007a7   Thumb Code    10  ffltui.o(.text)
    __aeabi_ui2d                             0x080007b1   Thumb Code    26  dfltui.o(.text)
    __aeabi_f2uiz                            0x080007cb   Thumb Code    40  ffixui.o(.text)
    __aeabi_f2d                              0x080007f3   Thumb Code    38  f2d.o(.text)
    __aeabi_cdcmpeq                          0x08000819   Thumb Code     0  cdcmple.o(.text)
    __aeabi_cdcmple                          0x08000819   Thumb Code    48  cdcmple.o(.text)
    __aeabi_cdrcmple                         0x08000849   Thumb Code    48  cdrcmple.o(.text)
    __aeabi_d2f                              0x08000879   Thumb Code    56  d2f.o(.text)
    __aeabi_cfrcmple                         0x080008b1   Thumb Code    20  cfrcmple.o(.text)
    __aeabi_uldivmod                         0x080008c5   Thumb Code    98  uldiv.o(.text)
    __aeabi_llsl                             0x08000927   Thumb Code    30  llshl.o(.text)
    _ll_shift_l                              0x08000927   Thumb Code     0  llshl.o(.text)
    __aeabi_lasr                             0x08000945   Thumb Code    36  llsshr.o(.text)
    _ll_sshift_r                             0x08000945   Thumb Code     0  llsshr.o(.text)
    __strtod_int                             0x0800099f   Thumb Code    90  strtod.o(.text)
    __strtoll                                0x08000a05   Thumb Code   144  __strtoll.o(.text)
    __I$use$fp                               0x08000a95   Thumb Code     0  iusefp.o(.text)
    _float_round                             0x08000a95   Thumb Code    18  fepilogue.o(.text)
    _float_epilogue                          0x08000aa7   Thumb Code    92  fepilogue.o(.text)
    _double_round                            0x08000b03   Thumb Code    30  depilogue.o(.text)
    _double_epilogue                         0x08000b21   Thumb Code   156  depilogue.o(.text)
    __aeabi_d2ulz                            0x08000bbd   Thumb Code    48  dfixul.o(.text)
    __scatterload                            0x08000bed   Thumb Code    28  init.o(.text)
    __scatterload_rt2                        0x08000bed   Thumb Code     0  init.o(.text)
    __aeabi_llsr                             0x08000c11   Thumb Code    32  llushr.o(.text)
    _ll_ushift_r                             0x08000c11   Thumb Code     0  llushr.o(.text)
    __rt_ctype_table                         0x08000c31   Thumb Code     4  ctype_o.o(.text)
    isspace                                  0x08000c39   Thumb Code    18  isspace_o.o(.text)
    _scanf_real                              0x08000d75   Thumb Code     0  scanf_fp.o(.text)
    _scanf_really_real                       0x08000d75   Thumb Code   556  scanf_fp.o(.text)
    _sgetc                                   0x08000fad   Thumb Code    30  _sgetc.o(.text)
    _sbackspace                              0x08000fcb   Thumb Code    34  _sgetc.o(.text)
    _strtoull                                0x08000fed   Thumb Code   194  _strtoull.o(.text)
    _chval                                   0x080010af   Thumb Code    28  _chval.o(.text)
    __aeabi_ul2d                             0x080010cb   Thumb Code    24  dfltul.o(.text)
    ADC_Cmd                                  0x080010e3   Thumb Code    22  stm32f10x_adc.o(i.ADC_Cmd)
    ADC_GetCalibrationStatus                 0x080010f9   Thumb Code    20  stm32f10x_adc.o(i.ADC_GetCalibrationStatus)
    ADC_GetConversionValue                   0x0800110d   Thumb Code     8  stm32f10x_adc.o(i.ADC_GetConversionValue)
    ADC_GetFlagStatus                        0x08001115   Thumb Code    18  stm32f10x_adc.o(i.ADC_GetFlagStatus)
    ADC_GetResetCalibrationStatus            0x08001127   Thumb Code    20  stm32f10x_adc.o(i.ADC_GetResetCalibrationStatus)
    ADC_Init                                 0x0800113d   Thumb Code    70  stm32f10x_adc.o(i.ADC_Init)
    ADC_RegularChannelConfig                 0x0800118d   Thumb Code   184  stm32f10x_adc.o(i.ADC_RegularChannelConfig)
    ADC_ResetCalibration                     0x08001245   Thumb Code    10  stm32f10x_adc.o(i.ADC_ResetCalibration)
    ADC_SoftwareStartConvCmd                 0x0800124f   Thumb Code    22  stm32f10x_adc.o(i.ADC_SoftwareStartConvCmd)
    ADC_StartCalibration                     0x08001265   Thumb Code    10  stm32f10x_adc.o(i.ADC_StartCalibration)
    BH1750_Init                              0x0800126f   Thumb Code    26  bh1750.o(i.BH1750_Init)
    BusFault_Handler                         0x08001289   Thumb Code     4  stm32f10x_it.o(i.BusFault_Handler)
    DS18B20_ConvertT                         0x0800128d   Thumb Code    20  ds18b20.o(i.DS18B20_ConvertT)
    DS18B20_Detect                           0x080012a1   Thumb Code   110  ds18b20.o(i.DS18B20_Detect)
    DS18B20_Init                             0x08001325   Thumb Code    12  ds18b20.o(i.DS18B20_Init)
    DS18B20_ReadT                            0x08001331   Thumb Code   136  ds18b20.o(i.DS18B20_ReadT)
    DebugMon_Handler                         0x080013c9   Thumb Code     2  stm32f10x_it.o(i.DebugMon_Handler)
    Delay_ms                                 0x080013cb   Thumb Code    24  delay.o(i.Delay_ms)
    Delay_s                                  0x080013e3   Thumb Code    24  delay.o(i.Delay_s)
    Delay_us                                 0x080013fb   Thumb Code    46  delay.o(i.Delay_us)
    Dth11_Init                               0x08001429   Thumb Code     8  dth11.o(i.Dth11_Init)
    Dth11_Read                               0x08001431   Thumb Code   666  dth11.o(i.Dth11_Read)
    Esp8266_Init                             0x08001709   Thumb Code     8  esp8266.o(i.Esp8266_Init)
    Esp8266_ModeNetSet                       0x08001711   Thumb Code   342  esp8266.o(i.Esp8266_ModeNetSet)
    Esp8266_WifiAndTcp_Connect               0x08001989   Thumb Code    24  esp8266.o(i.Esp8266_WifiAndTcp_Connect)
    Esp8266_WriteCmd                         0x080019a1   Thumb Code   170  esp8266.o(i.Esp8266_WriteCmd)
    Esp8266_detect                           0x08001a55   Thumb Code    52  esp8266.o(i.Esp8266_detect)
    GPIO_Init                                0x08001aad   Thumb Code   278  stm32f10x_gpio.o(i.GPIO_Init)
    GPIO_ReadInputDataBit                    0x08001bc3   Thumb Code    18  stm32f10x_gpio.o(i.GPIO_ReadInputDataBit)
    GPIO_ResetBits                           0x08001bd5   Thumb Code     4  stm32f10x_gpio.o(i.GPIO_ResetBits)
    GPIO_SetBits                             0x08001bd9   Thumb Code     4  stm32f10x_gpio.o(i.GPIO_SetBits)
    GPIO_Write                               0x08001bdd   Thumb Code     4  stm32f10x_gpio.o(i.GPIO_Write)
    GPIO_WriteBit                            0x08001be1   Thumb Code    10  stm32f10x_gpio.o(i.GPIO_WriteBit)
    HandleCommandFromTcp                     0x08001bed   Thumb Code   422  interactwithtcp.o(i.HandleCommandFromTcp)
    HardFault_Handler                        0x08001e41   Thumb Code     4  stm32f10x_it.o(i.HardFault_Handler)
    HeatingCore_Control                      0x08001e45   Thumb Code    42  heatingcore.o(i.HeatingCore_Control)
    HeatingCore_Init                         0x08001e79   Thumb Code    48  heatingcore.o(i.HeatingCore_Init)
    I2C_AcknowledgeConfig                    0x08001ead   Thumb Code    24  stm32f10x_i2c.o(i.I2C_AcknowledgeConfig)
    I2C_CheckEvent                           0x08001ec5   Thumb Code    42  stm32f10x_i2c.o(i.I2C_CheckEvent)
    I2C_Cmd                                  0x08001eef   Thumb Code    24  stm32f10x_i2c.o(i.I2C_Cmd)
    I2C_GenerateSTART                        0x08001f07   Thumb Code    24  stm32f10x_i2c.o(i.I2C_GenerateSTART)
    I2C_GenerateSTOP                         0x08001f1f   Thumb Code    24  stm32f10x_i2c.o(i.I2C_GenerateSTOP)
    I2C_Init                                 0x08001f39   Thumb Code   222  stm32f10x_i2c.o(i.I2C_Init)
    I2C_ReceiveData                          0x08002025   Thumb Code     8  stm32f10x_i2c.o(i.I2C_ReceiveData)
    I2C_Send7bitAddress                      0x0800202d   Thumb Code    18  stm32f10x_i2c.o(i.I2C_Send7bitAddress)
    I2C_SendData                             0x0800203f   Thumb Code     4  stm32f10x_i2c.o(i.I2C_SendData)
    IC_Init                                  0x08002045   Thumb Code   190  ic.o(i.IC_Init)
    Is_Leap_Year                             0x0800210d   Thumb Code    58  myrtc.o(i.Is_Leap_Year)
    LED_Control                              0x08002149   Thumb Code    74  led.o(i.LED_Control)
    LED_Init                                 0x08002199   Thumb Code    50  led.o(i.LED_Init)
    LED_SetStrength                          0x080021d1   Thumb Code    30  led.o(i.LED_SetStrength)
    MemManage_Handler                        0x080021f9   Thumb Code     4  stm32f10x_it.o(i.MemManage_Handler)
    Module_Init                              0x080021fd   Thumb Code    68  interactwithtcp.o(i.Module_Init)
    Motor_Control                            0x08002241   Thumb Code   134  motor.o(i.Motor_Control)
    Motor_Init                               0x080022cd   Thumb Code    48  motor.o(i.Motor_Init)
    Motor_SetSpeed                           0x08002301   Thumb Code    54  motor.o(i.Motor_SetSpeed)
    Multiple_read_BH1750                     0x08002341   Thumb Code   104  bh1750.o(i.Multiple_read_BH1750)
    MyI2C_Init                               0x080023b5   Thumb Code    50  myi2c.o(i.MyI2C_Init)
    MyI2C_R_SDA                              0x080023ed   Thumb Code    24  myi2c.o(i.MyI2C_R_SDA)
    MyI2C_ReceiveAck                         0x08002409   Thumb Code    30  myi2c.o(i.MyI2C_ReceiveAck)
    MyI2C_ReceiveByte                        0x08002427   Thumb Code    52  myi2c.o(i.MyI2C_ReceiveByte)
    MyI2C_SendAck                            0x0800245b   Thumb Code    24  myi2c.o(i.MyI2C_SendAck)
    MyI2C_SendByte                           0x08002473   Thumb Code    54  myi2c.o(i.MyI2C_SendByte)
    MyI2C_Start                              0x080024a9   Thumb Code    28  myi2c.o(i.MyI2C_Start)
    MyI2C_Stop                               0x080024c5   Thumb Code    22  myi2c.o(i.MyI2C_Stop)
    MyI2C_W_SCL                              0x080024dd   Thumb Code    24  myi2c.o(i.MyI2C_W_SCL)
    MyI2C_W_SDA                              0x080024f9   Thumb Code    24  myi2c.o(i.MyI2C_W_SDA)
    My_I2C_Init                              0x08002515   Thumb Code   136  my_i2c.o(i.My_I2C_Init)
    NMI_Handler                              0x080025a5   Thumb Code     2  stm32f10x_it.o(i.NMI_Handler)
    NVIC_Init                                0x080025a9   Thumb Code   100  misc.o(i.NVIC_Init)
    NVIC_PriorityGroupConfig                 0x08002619   Thumb Code    10  misc.o(i.NVIC_PriorityGroupConfig)
    OLED_Clear                               0x0800262d   Thumb Code    42  oled.o(i.OLED_Clear)
    OLED_I2C_Init                            0x08002659   Thumb Code    76  oled.o(i.OLED_I2C_Init)
    OLED_I2C_SendByte                        0x080026a9   Thumb Code    80  oled.o(i.OLED_I2C_SendByte)
    OLED_I2C_Start                           0x080026fd   Thumb Code    48  oled.o(i.OLED_I2C_Start)
    OLED_I2C_Stop                            0x08002731   Thumb Code    36  oled.o(i.OLED_I2C_Stop)
    OLED_Init                                0x08002759   Thumb Code   174  oled.o(i.OLED_Init)
    OLED_Pow                                 0x08002807   Thumb Code    20  oled.o(i.OLED_Pow)
    OLED_SetCursor                           0x0800281b   Thumb Code    34  oled.o(i.OLED_SetCursor)
    OLED_ShowChar                            0x0800283d   Thumb Code   110  oled.o(i.OLED_ShowChar)
    OLED_ShowNum                             0x080028b1   Thumb Code    68  oled.o(i.OLED_ShowNum)
    OLED_ShowString                          0x080028f5   Thumb Code    40  oled.o(i.OLED_ShowString)
    OLED_WriteCommand                        0x0800291d   Thumb Code    32  oled.o(i.OLED_WriteCommand)
    OLED_WriteData                           0x0800293d   Thumb Code    32  oled.o(i.OLED_WriteData)
    OneWire_Init                             0x0800295d   Thumb Code    38  onewire.o(i.OneWire_Init)
    OneWire_ReceiveBit                       0x08002989   Thumb Code    48  onewire.o(i.OneWire_ReceiveBit)
    OneWire_ReceiveByte                      0x080029c1   Thumb Code    34  onewire.o(i.OneWire_ReceiveByte)
    OneWire_SendBit                          0x080029e5   Thumb Code    50  onewire.o(i.OneWire_SendBit)
    OneWire_SendByte                         0x08002a1d   Thumb Code    30  onewire.o(i.OneWire_SendByte)
    OneWire_Set_In                           0x08002a3d   Thumb Code    26  onewire.o(i.OneWire_Set_In)
    OneWire_Set_Out                          0x08002a5d   Thumb Code    30  onewire.o(i.OneWire_Set_Out)
    PH_AD_GetValue                           0x08002a81   Thumb Code   110  ad.o(i.PH_AD_GetValue)
    PH_AD_Init                               0x08002afd   Thumb Code   138  ad.o(i.PH_AD_Init)
    PWM_Init                                 0x08002b91   Thumb Code   154  pwm.o(i.PWM_Init)
    PWM_SetCompare3                          0x08002c31   Thumb Code    16  pwm.o(i.PWM_SetCompare3)
    PWM_SetCompare4                          0x08002c41   Thumb Code    16  pwm.o(i.PWM_SetCompare4)
    PendSV_Handler                           0x08002c51   Thumb Code     2  stm32f10x_it.o(i.PendSV_Handler)
    PhSensorValue_Get                        0x08002c55   Thumb Code   268  phsensor.o(i.PhSensorValue_Get)
    PhSensor_Init                            0x08002d8d   Thumb Code     8  phsensor.o(i.PhSensor_Init)
    Pow                                      0x08002d95   Thumb Code    26  dth11.o(i.Pow)
    Pump_Control                             0x08002db1   Thumb Code    42  pump.o(i.Pump_Control)
    Pump_Init                                0x08002de5   Thumb Code    48  pump.o(i.Pump_Init)
    RCC_ADCCLKConfig                         0x08002e19   Thumb Code    18  stm32f10x_rcc.o(i.RCC_ADCCLKConfig)
    RCC_APB1PeriphClockCmd                   0x08002e31   Thumb Code    26  stm32f10x_rcc.o(i.RCC_APB1PeriphClockCmd)
    RCC_APB2PeriphClockCmd                   0x08002e51   Thumb Code    26  stm32f10x_rcc.o(i.RCC_APB2PeriphClockCmd)
    RCC_GetClocksFreq                        0x08002e71   Thumb Code   192  stm32f10x_rcc.o(i.RCC_GetClocksFreq)
    RTC_ClearITPendingBit                    0x08002f45   Thumb Code    12  stm32f10x_rtc.o(i.RTC_ClearITPendingBit)
    RTC_Get                                  0x08002f55   Thumb Code   240  myrtc.o(i.RTC_Get)
    RTC_GetCounter                           0x08003055   Thumb Code    16  stm32f10x_rtc.o(i.RTC_GetCounter)
    RTC_GetITStatus                          0x08003069   Thumb Code    32  stm32f10x_rtc.o(i.RTC_GetITStatus)
    RTC_Get_Week                             0x0800308d   Thumb Code   116  myrtc.o(i.RTC_Get_Week)
    RTC_IRQHandler                           0x08003105   Thumb Code    44  myrtc.o(i.RTC_IRQHandler)
    RTC_WaitForLastTask                      0x08003131   Thumb Code    16  stm32f10x_rtc.o(i.RTC_WaitForLastTask)
    ReconnectToTcp                           0x08003145   Thumb Code   278  esp8266.o(i.ReconnectToTcp)
    SGP30_Init                               0x08003319   Thumb Code    16  sgp30.o(i.SGP30_Init)
    SGP30_Read                               0x08003329   Thumb Code   224  sgp30.o(i.SGP30_Read)
    SGP30_WaitEvent                          0x0800341d   Thumb Code    36  sgp30.o(i.SGP30_WaitEvent)
    SGP30_Write                              0x08003441   Thumb Code   100  sgp30.o(i.SGP30_Write)
    SOIL_AD_GetValue                         0x080034b1   Thumb Code   110  ad.o(i.SOIL_AD_GetValue)
    SOIL_AD_Init                             0x0800352d   Thumb Code   138  ad.o(i.SOIL_AD_Init)
    SVC_Handler                              0x080035c1   Thumb Code     2  stm32f10x_it.o(i.SVC_Handler)
    SendPropertyToTcp                        0x080035c5   Thumb Code   326  interactwithtcp.o(i.SendPropertyToTcp)
    Serial_GetRxFlag                         0x08003855   Thumb Code    22  serial.o(i.Serial_GetRxFlag)
    Serial_Init                              0x08003871   Thumb Code   174  serial.o(i.Serial_Init)
    Serial_OledShowString                    0x08003929   Thumb Code    66  serial.o(i.Serial_OledShowString)
    Serial_RxFromEspBuf_Clear                0x0800396d   Thumb Code    14  serial.o(i.Serial_RxFromEspBuf_Clear)
    Serial_RxFromTcpBuf_Clear                0x08003981   Thumb Code    20  serial.o(i.Serial_RxFromTcpBuf_Clear)
    Serial_SendByte                          0x0800399d   Thumb Code    28  serial.o(i.Serial_SendByte)
    Serial_SendString                        0x080039bd   Thumb Code    26  serial.o(i.Serial_SendString)
    Single_Write_BH1750                      0x08003ac1   Thumb Code    26  bh1750.o(i.Single_Write_BH1750)
    SoilHumSensor_Init                       0x08003adb   Thumb Code     8  soilhumsensor.o(i.SoilHumSensor_Init)
    SoilHumValue_Get                         0x08003ae5   Thumb Code    58  soilhumsensor.o(i.SoilHumValue_Get)
    SteeperMotor_Control                     0x08003b2d   Thumb Code    48  _28byj48.o(i.SteeperMotor_Control)
    SysTick_Handler                          0x08003b61   Thumb Code     2  stm32f10x_it.o(i.SysTick_Handler)
    SystemInit                               0x08003b65   Thumb Code    78  system_stm32f10x.o(i.SystemInit)
    TIM1_UP_IRQHandler                       0x08003cdd   Thumb Code   178  _28byj48.o(i.TIM1_UP_IRQHandler)
    TIM3_IRQHandler                          0x08003db1   Thumb Code    50  dth11.o(i.TIM3_IRQHandler)
    TIM_ClearITPendingBit                    0x08003df1   Thumb Code     6  stm32f10x_tim.o(i.TIM_ClearITPendingBit)
    TIM_Cmd                                  0x08003df7   Thumb Code    24  stm32f10x_tim.o(i.TIM_Cmd)
    TIM_GetCapture1                          0x08003e0f   Thumb Code     6  stm32f10x_tim.o(i.TIM_GetCapture1)
    TIM_GetITStatus                          0x08003e15   Thumb Code    34  stm32f10x_tim.o(i.TIM_GetITStatus)
    TIM_ITConfig                             0x08003e37   Thumb Code    18  stm32f10x_tim.o(i.TIM_ITConfig)
    TIM_InternalClockConfig                  0x08003e49   Thumb Code    12  stm32f10x_tim.o(i.TIM_InternalClockConfig)
    TIM_OC3Init                              0x08003e55   Thumb Code   150  stm32f10x_tim.o(i.TIM_OC3Init)
    TIM_OC4Init                              0x08003ef5   Thumb Code   114  stm32f10x_tim.o(i.TIM_OC4Init)
    TIM_OCStructInit                         0x08003f71   Thumb Code    20  stm32f10x_tim.o(i.TIM_OCStructInit)
    TIM_PWMIConfig                           0x08003f85   Thumb Code   124  stm32f10x_tim.o(i.TIM_PWMIConfig)
    TIM_SelectInputTrigger                   0x08004001   Thumb Code    18  stm32f10x_tim.o(i.TIM_SelectInputTrigger)
    TIM_SelectSlaveMode                      0x08004013   Thumb Code    18  stm32f10x_tim.o(i.TIM_SelectSlaveMode)
    TIM_SetAutoreload                        0x08004025   Thumb Code     4  stm32f10x_tim.o(i.TIM_SetAutoreload)
    TIM_SetCompare3                          0x08004029   Thumb Code     4  stm32f10x_tim.o(i.TIM_SetCompare3)
    TIM_SetCompare4                          0x0800402d   Thumb Code     6  stm32f10x_tim.o(i.TIM_SetCompare4)
    TIM_SetIC1Prescaler                      0x08004033   Thumb Code    18  stm32f10x_tim.o(i.TIM_SetIC1Prescaler)
    TIM_SetIC2Prescaler                      0x08004045   Thumb Code    26  stm32f10x_tim.o(i.TIM_SetIC2Prescaler)
    TIM_TimeBaseInit                         0x08004061   Thumb Code   122  stm32f10x_tim.o(i.TIM_TimeBaseInit)
    USART1_IRQHandler                        0x08004105   Thumb Code   386  serial.o(i.USART1_IRQHandler)
    USART_ClearITPendingBit                  0x080042a9   Thumb Code    30  stm32f10x_usart.o(i.USART_ClearITPendingBit)
    USART_Cmd                                0x080042c7   Thumb Code    24  stm32f10x_usart.o(i.USART_Cmd)
    USART_GetFlagStatus                      0x080042df   Thumb Code    26  stm32f10x_usart.o(i.USART_GetFlagStatus)
    USART_GetITStatus                        0x080042f9   Thumb Code    84  stm32f10x_usart.o(i.USART_GetITStatus)
    USART_ITConfig                           0x0800434d   Thumb Code    74  stm32f10x_usart.o(i.USART_ITConfig)
    USART_Init                               0x08004399   Thumb Code   210  stm32f10x_usart.o(i.USART_Init)
    USART_ReceiveData                        0x08004471   Thumb Code    10  stm32f10x_usart.o(i.USART_ReceiveData)
    USART_SendData                           0x0800447b   Thumb Code     8  stm32f10x_usart.o(i.USART_SendData)
    UsageFault_Handler                       0x08004483   Thumb Code     4  stm32f10x_it.o(i.UsageFault_Handler)
    Valve1_Control                           0x08004489   Thumb Code    42  valve1.o(i.Valve1_Control)
    Valve1_Init                              0x080044bd   Thumb Code    48  valve1.o(i.Valve1_Init)
    Valve2_Control                           0x080044f1   Thumb Code    42  valve2.o(i.Valve2_Control)
    Valve2_Init                              0x08004525   Thumb Code    48  valve2.o(i.Valve2_Init)
    _28BYJ48Stop                             0x08004559   Thumb Code    26  _28byj48.o(i._28BYJ48Stop)
    _28BYJ48_Forward_Ration                  0x08004581   Thumb Code    30  _28byj48.o(i._28BYJ48_Forward_Ration)
    _28BYJ48_Init                            0x080045b1   Thumb Code   128  _28byj48.o(i._28BYJ48_Init)
    _28BYJ48_Reverse_Rotation                0x08004639   Thumb Code    30  _28byj48.o(i._28BYJ48_Reverse_Rotation)
    __0snprintf                              0x08004669   Thumb Code    44  printfa.o(i.__0snprintf)
    __1snprintf                              0x08004669   Thumb Code     0  printfa.o(i.__0snprintf)
    __2snprintf                              0x08004669   Thumb Code     0  printfa.o(i.__0snprintf)
    __c89snprintf                            0x08004669   Thumb Code     0  printfa.o(i.__0snprintf)
    snprintf                                 0x08004669   Thumb Code     0  printfa.o(i.__0snprintf)
    __0sprintf                               0x08004699   Thumb Code    34  printfa.o(i.__0sprintf)
    __1sprintf                               0x08004699   Thumb Code     0  printfa.o(i.__0sprintf)
    __2sprintf                               0x08004699   Thumb Code     0  printfa.o(i.__0sprintf)
    __c89sprintf                             0x08004699   Thumb Code     0  printfa.o(i.__0sprintf)
    sprintf                                  0x08004699   Thumb Code     0  printfa.o(i.__0sprintf)
    __0vsnprintf                             0x080046c1   Thumb Code    40  printfa.o(i.__0vsnprintf)
    __1vsnprintf                             0x080046c1   Thumb Code     0  printfa.o(i.__0vsnprintf)
    __2vsnprintf                             0x080046c1   Thumb Code     0  printfa.o(i.__0vsnprintf)
    __c89vsnprintf                           0x080046c1   Thumb Code     0  printfa.o(i.__0vsnprintf)
    vsnprintf                                0x080046c1   Thumb Code     0  printfa.o(i.__0vsnprintf)
    __ARM_common_switch8                     0x080046ed   Thumb Code    26  dump.o(i.__ARM_common_switch8)
    __ARM_isinf                              0x08004707   Thumb Code    22  value.o(i.__ARM_isinf)
    __ARM_isnan                              0x0800471d   Thumb Code    20  value.o(i.__ARM_isnan)
    __aeabi_errno_addr                       0x08004735   Thumb Code     4  errno.o(i.__aeabi_errno_addr)
    __rt_errno_addr                          0x08004735   Thumb Code     0  errno.o(i.__aeabi_errno_addr)
    __scatterload_copy                       0x0800473d   Thumb Code    14  handlers.o(i.__scatterload_copy)
    __scatterload_null                       0x0800474b   Thumb Code     2  handlers.o(i.__scatterload_null)
    __scatterload_zeroinit                   0x0800474d   Thumb Code    14  handlers.o(i.__scatterload_zeroinit)
    _is_digit                                0x080048e1   Thumb Code    14  scanf_fp.o(i._is_digit)
    free                                     0x080056c9   Thumb Code    76  malloc.o(i.free)
    hashtable_close                          0x0800585d   Thumb Code    16  hashtable.o(i.hashtable_close)
    hashtable_get                            0x08005941   Thumb Code    58  hashtable.o(i.hashtable_get)
    hashtable_init                           0x08005981   Thumb Code    72  hashtable.o(i.hashtable_init)
    hashtable_iter                           0x080059c9   Thumb Code    12  hashtable.o(i.hashtable_iter)
    hashtable_iter_key                       0x080059d5   Thumb Code     4  hashtable.o(i.hashtable_iter_key)
    hashtable_iter_next                      0x080059d9   Thumb Code    14  hashtable.o(i.hashtable_iter_next)
    hashtable_iter_serial                    0x080059e7   Thumb Code     4  hashtable.o(i.hashtable_iter_serial)
    hashtable_iter_value                     0x080059eb   Thumb Code     4  hashtable.o(i.hashtable_iter_value)
    hashtable_set                            0x080059f1   Thumb Code   168  hashtable.o(i.hashtable_set)
    json_array                               0x08005ac7   Thumb Code    54  value.o(i.json_array)
    json_array_append_new                    0x08005afd   Thumb Code    68  value.o(i.json_array_append_new)
    json_array_get                           0x08005b45   Thumb Code    28  value.o(i.json_array_get)
    json_array_size                          0x08005bad   Thumb Code    18  value.o(i.json_array_size)
    json_delete                              0x08005c3b   Thumb Code    84  value.o(i.json_delete)
    json_dump_callback                       0x08005c8f   Thumb Code    42  dump.o(i.json_dump_callback)
    json_dumps                               0x08005cb9   Thumb Code    62  dump.o(i.json_dumps)
    json_false                               0x08005cfd   Thumb Code     4  value.o(i.json_false)
    json_integer                             0x08005d25   Thumb Code    28  value.o(i.json_integer)
    json_integer_value                       0x08005d41   Thumb Code    24  value.o(i.json_integer_value)
    json_loads                               0x08005d59   Thumb Code    82  load.o(i.json_loads)
    json_null                                0x08005dcd   Thumb Code     4  value.o(i.json_null)
    json_object                              0x08005dd5   Thumb Code    70  value.o(i.json_object)
    json_object_get                          0x08005e21   Thumb Code    28  value.o(i.json_object_get)
    json_object_iter                         0x08005e3d   Thumb Code    24  value.o(i.json_object_iter)
    json_object_iter_key                     0x08005e55   Thumb Code    12  value.o(i.json_object_iter_key)
    json_object_iter_next                    0x08005e61   Thumb Code    28  value.o(i.json_object_iter_next)
    json_object_iter_value                   0x08005e7d   Thumb Code    12  value.o(i.json_object_iter_value)
    json_object_seed                         0x08005e89   Thumb Code    34  hashtable_seed.o(i.json_object_seed)
    json_object_set_new_nocheck              0x08005eb1   Thumb Code    58  value.o(i.json_object_set_new_nocheck)
    json_object_size                         0x08005ef1   Thumb Code    18  value.o(i.json_object_size)
    json_pack                                0x08005f03   Thumb Code    24  pack_unpack.o(i.json_pack)
    json_real                                0x08005f1b   Thumb Code    52  value.o(i.json_real)
    json_real_value                          0x08005f4f   Thumb Code    24  value.o(i.json_real_value)
    json_string_length                       0x08005f67   Thumb Code    18  value.o(i.json_string_length)
    json_string_value                        0x08005f79   Thumb Code    18  value.o(i.json_string_value)
    json_stringn_nocheck                     0x08005f8b   Thumb Code    10  value.o(i.json_stringn_nocheck)
    json_true                                0x08005f95   Thumb Code     4  value.o(i.json_true)
    json_vpack_ex                            0x08005f9d   Thumb Code   128  pack_unpack.o(i.json_vpack_ex)
    jsonp_dtostr                             0x08006061   Thumb Code   150  strconv.o(i.jsonp_dtostr)
    jsonp_error_init                         0x08006101   Thumb Code    34  error.o(i.jsonp_error_init)
    jsonp_error_set                          0x08006123   Thumb Code    16  error.o(i.jsonp_error_set)
    jsonp_error_set_source                   0x08006135   Thumb Code    56  error.o(i.jsonp_error_set_source)
    jsonp_error_vset                         0x08006171   Thumb Code    44  error.o(i.jsonp_error_vset)
    jsonp_free                               0x0800619d   Thumb Code    12  memory.o(i.jsonp_free)
    jsonp_malloc                             0x080061ad   Thumb Code    12  memory.o(i.jsonp_malloc)
    jsonp_strdup                             0x080061bd   Thumb Code    18  memory.o(i.jsonp_strdup)
    jsonp_stringn_nocheck_own                0x080061cf   Thumb Code    10  value.o(i.jsonp_stringn_nocheck_own)
    jsonp_strndup                            0x080061d9   Thumb Code    36  memory.o(i.jsonp_strndup)
    jsonp_strtod                             0x080061fd   Thumb Code    90  strconv.o(i.jsonp_strtod)
    main                                     0x08006871   Thumb Code    36  main.o(i.main)
    malloc                                   0x08006895   Thumb Code    92  malloc.o(i.malloc)
    seed_from_timestamp_and_pid              0x08007225   Thumb Code     6  jansson_config.o(i.seed_from_timestamp_and_pid)
    strbuffer_append_byte                    0x08007257   Thumb Code    12  strbuffer.o(i.strbuffer_append_byte)
    strbuffer_append_bytes                   0x08007265   Thumb Code   108  strbuffer.o(i.strbuffer_append_bytes)
    strbuffer_clear                          0x080072d5   Thumb Code    10  strbuffer.o(i.strbuffer_clear)
    strbuffer_close                          0x080072df   Thumb Code    24  strbuffer.o(i.strbuffer_close)
    strbuffer_init                           0x080072f7   Thumb Code    34  strbuffer.o(i.strbuffer_init)
    strbuffer_pop                            0x08007319   Thumb Code    24  strbuffer.o(i.strbuffer_pop)
    strbuffer_steal_value                    0x08007331   Thumb Code    10  strbuffer.o(i.strbuffer_steal_value)
    strbuffer_value                          0x0800733b   Thumb Code     4  strbuffer.o(i.strbuffer_value)
    strtod                                   0x080074c5   Thumb Code    28  strtod.o(i.strtod)
    utf8_check_first                         0x080074e1   Thumb Code    60  utf.o(i.utf8_check_first)
    utf8_check_full                          0x0800751d   Thumb Code   126  utf.o(i.utf8_check_full)
    utf8_check_string                        0x080075a5   Thumb Code    62  utf.o(i.utf8_check_string)
    utf8_encode                              0x080075e5   Thumb Code   120  utf.o(i.utf8_encode)
    utf8_iterate                             0x08007661   Thumb Code    64  utf.o(i.utf8_iterate)
    table_week                               0x080076a0   Data          12  myrtc.o(.constdata)
    mon_table                                0x080076ac   Data          12  myrtc.o(.constdata)
    OLED_F8x16                               0x080076b8   Data        1520  oled.o(.constdata)
    CW                                       0x08007ca8   Data          16  _28byj48.o(.constdata)
    CCW                                      0x08007cb8   Data          16  _28byj48.o(.constdata)
    __ctype_table                            0x08007ce9   Data         129  ctype_o.o(.constdata)
    Region$$Table$$Base                      0x08007d88   Number         0  anon$$obj.o(Region$$Table)
    Region$$Table$$Limit                     0x08007da8   Number         0  anon$$obj.o(Region$$Table)
    pt                                       0x20000014   Data           4  myrtc.o(.data)
    pd                                       0x20000018   Data           4  myrtc.o(.data)
    month                                    0x2000001c   Data          65  myrtc.o(.data)
    alarm                                    0x2000005d   Data           3  myrtc.o(.data)
    light_status                             0x20000062   Data           1  led.o(.data)
    light_workmode                           0x20000063   Data           1  led.o(.data)
    Serial_RxFlag                            0x20000064   Data           1  serial.o(.data)
    pRx_State                                0x20000066   Data           2  serial.o(.data)
    tumid_int                                0x2000006c   Data           1  dth11.o(.data)
    tumid_frac                               0x2000006d   Data           1  dth11.o(.data)
    temp_int                                 0x2000006e   Data           1  dth11.o(.data)
    temp_frac                                0x2000006f   Data           1  dth11.o(.data)
    check_sum                                0x20000070   Data           1  dth11.o(.data)
    i                                        0x20000071   Data           1  dth11.o(.data)
    air_temperature                          0x20000074   Data           4  dth11.o(.data)
    air_humidity                             0x20000078   Data           4  dth11.o(.data)
    DTH11_ErrorCount                         0x2000007c   Data           1  dth11.o(.data)
    DTH11_WorkStatus                         0x2000007d   Data           1  dth11.o(.data)
    fan_status                               0x2000007e   Data           1  motor.o(.data)
    fan_workmode                             0x2000007f   Data           1  motor.o(.data)
    CO2Data                                  0x20000080   Data           2  sgp30.o(.data)
    TVOCData                                 0x20000082   Data           2  sgp30.o(.data)
    SGP30_ErrorCount                         0x20000084   Data           1  sgp30.o(.data)
    SGP30_WorkStatus                         0x20000085   Data           1  sgp30.o(.data)
    ph_value                                 0x2000008c   Data           4  phsensor.o(.data)
    PhSensor_ErrorCount                      0x20000090   Data           1  phsensor.o(.data)
    PhSensor_WorkStatus                      0x20000091   Data           1  phsensor.o(.data)
    DS18B20_ErrorCount                       0x20000094   Data           1  ds18b20.o(.data)
    DS18B20_WorkStatus                       0x20000095   Data           1  ds18b20.o(.data)
    soil_temperature                         0x20000098   Data           4  ds18b20.o(.data)
    light                                    0x2000009c   Data           4  bh1750.o(.data)
    BH1750_ErrorCount                        0x200000a0   Data           1  bh1750.o(.data)
    BH1750_WorkStatus                        0x200000a1   Data           1  bh1750.o(.data)
    soil_moisture                            0x200000a4   Data           4  soilhumsensor.o(.data)
    soilHumSensor_ErrorCount                 0x200000a8   Data           1  soilhumsensor.o(.data)
    soilHumSensor_WorkStatus                 0x200000a9   Data           1  soilhumsensor.o(.data)
    pump_status                              0x200000aa   Data           1  pump.o(.data)
    valve1_status                            0x200000ab   Data           1  valve1.o(.data)
    valve1_workmode                          0x200000ac   Data           1  valve1.o(.data)
    hc_status                                0x200000ad   Data           1  heatingcore.o(.data)
    hc_workmode                              0x200000ae   Data           1  heatingcore.o(.data)
    valve2_status                            0x200000af   Data           1  valve2.o(.data)
    valve2_workmode                          0x200000b0   Data           1  valve2.o(.data)
    Mode                                     0x200000b2   Data           1  _28byj48.o(.data)
    Count                                    0x200000b4   Data           2  _28byj48.o(.data)
    arr                                      0x200000b6   Data           1  _28byj48.o(.data)
    curtain_status                           0x200000b7   Data           1  _28byj48.o(.data)
    hashtable_seed                           0x200000dc   Data           4  hashtable_seed.o(.data)
    __microlib_freelist                      0x200000e4   Data           4  mvars.o(.data)
    __microlib_freelist_initialised          0x200000e8   Data           4  mvars.o(.data)
    calendar                                 0x200000ec   Data          10  myrtc.o(.bss)
    Serial_RxFromEspBuf                      0x200000f6   Data         500  serial.o(.bss)
    Serial_RxFromTcpBuf                      0x200002ea   Data         500  serial.o(.bss)
    Rx_Temp                                  0x200004de   Data         500  serial.o(.bss)
    lst_pulse_perid                          0x200006d2   Data          43  dth11.o(.bss)
    lst_bit                                  0x200006fd   Data          40  dth11.o(.bss)
    __heap_base                              0x20000750   Data           0  startup_stm32f10x_md.o(HEAP)
    __heap_limit                             0x20001308   Data           0  startup_stm32f10x_md.o(HEAP)
    __initial_sp                             0x20001708   Data           0  startup_stm32f10x_md.o(STACK)



==============================================================================

Memory Map of the image

  Image Entry point : 0x080000ed

  Load Region LR_IROM1 (Base: 0x08000000, Size: 0x00007e94, Max: 0x00010000, ABSOLUTE)

    Execution Region ER_IROM1 (Exec base: 0x08000000, Load base: 0x08000000, Size: 0x00007da8, Max: 0x00010000, ABSOLUTE)

    Exec Addr    Load Addr    Size         Type   Attr      Idx    E Section Name        Object

    0x08000000   0x08000000   0x000000ec   Data   RO          132    RESET               startup_stm32f10x_md.o
    0x080000ec   0x080000ec   0x00000000   Code   RO         5641  * .ARM.Collect$$$$00000000  mc_w.l(entry.o)
    0x080000ec   0x080000ec   0x00000004   Code   RO         6028    .ARM.Collect$$$$00000001  mc_w.l(entry2.o)
    0x080000f0   0x080000f0   0x00000004   Code   RO         6031    .ARM.Collect$$$$00000004  mc_w.l(entry5.o)
    0x080000f4   0x080000f4   0x00000000   Code   RO         6033    .ARM.Collect$$$$00000008  mc_w.l(entry7b.o)
    0x080000f4   0x080000f4   0x00000000   Code   RO         6035    .ARM.Collect$$$$0000000A  mc_w.l(entry8b.o)
    0x080000f4   0x080000f4   0x00000008   Code   RO         6036    .ARM.Collect$$$$0000000B  mc_w.l(entry9a.o)
    0x080000fc   0x080000fc   0x00000000   Code   RO         6038    .ARM.Collect$$$$0000000D  mc_w.l(entry10a.o)
    0x080000fc   0x080000fc   0x00000000   Code   RO         6040    .ARM.Collect$$$$0000000F  mc_w.l(entry11a.o)
    0x080000fc   0x080000fc   0x00000004   Code   RO         6029    .ARM.Collect$$$$00002712  mc_w.l(entry2.o)
    0x08000100   0x08000100   0x00000024   Code   RO          133    .text               startup_stm32f10x_md.o
    0x08000124   0x08000124   0x0000002c   Code   RO         5664    .text               mc_w.l(uidiv.o)
    0x08000150   0x08000150   0x0000009c   Code   RO         5666    .text               mc_w.l(qsort.o)
    0x080001ec   0x080001ec   0x00000040   Code   RO         5672    .text               mc_w.l(memmovea.o)
    0x0800022c   0x0800022c   0x00000024   Code   RO         5674    .text               mc_w.l(memseta.o)
    0x08000250   0x08000250   0x00000018   Code   RO         5676    .text               mc_w.l(strcat.o)
    0x08000268   0x08000268   0x00000024   Code   RO         5678    .text               mc_w.l(strstr.o)
    0x0800028c   0x0800028c   0x00000014   Code   RO         5680    .text               mc_w.l(strchr.o)
    0x080002a0   0x080002a0   0x0000000e   Code   RO         5682    .text               mc_w.l(strlen.o)
    0x080002ae   0x080002ae   0x0000001c   Code   RO         5684    .text               mc_w.l(strcmp.o)
    0x080002ca   0x080002ca   0x00000014   Code   RO         5686    .text               mc_w.l(memchr.o)
    0x080002de   0x080002de   0x00000012   Code   RO         5690    .text               mc_w.l(strcpy.o)
    0x080002f0   0x080002f0   0x00000004   Code   RO         5994    .text               mc_w.l(strtoll.o)
    0x080002f4   0x080002f4   0x000000b0   Code   RO         5996    .text               mf_w.l(fadd.o)
    0x080003a4   0x080003a4   0x00000064   Code   RO         5998    .text               mf_w.l(fmul.o)
    0x08000408   0x08000408   0x0000007c   Code   RO         6000    .text               mf_w.l(fdiv.o)
    0x08000484   0x08000484   0x0000014e   Code   RO         6002    .text               mf_w.l(dadd.o)
    0x080005d2   0x080005d2   0x000000e4   Code   RO         6004    .text               mf_w.l(dmul.o)
    0x080006b6   0x080006b6   0x000000de   Code   RO         6006    .text               mf_w.l(ddiv.o)
    0x08000794   0x08000794   0x00000012   Code   RO         6008    .text               mf_w.l(fflti.o)
    0x080007a6   0x080007a6   0x0000000a   Code   RO         6010    .text               mf_w.l(ffltui.o)
    0x080007b0   0x080007b0   0x0000001a   Code   RO         6012    .text               mf_w.l(dfltui.o)
    0x080007ca   0x080007ca   0x00000028   Code   RO         6016    .text               mf_w.l(ffixui.o)
    0x080007f2   0x080007f2   0x00000026   Code   RO         6018    .text               mf_w.l(f2d.o)
    0x08000818   0x08000818   0x00000030   Code   RO         6020    .text               mf_w.l(cdcmple.o)
    0x08000848   0x08000848   0x00000030   Code   RO         6022    .text               mf_w.l(cdrcmple.o)
    0x08000878   0x08000878   0x00000038   Code   RO         6024    .text               mf_w.l(d2f.o)
    0x080008b0   0x080008b0   0x00000014   Code   RO         6026    .text               mf_w.l(cfrcmple.o)
    0x080008c4   0x080008c4   0x00000062   Code   RO         6046    .text               mc_w.l(uldiv.o)
    0x08000926   0x08000926   0x0000001e   Code   RO         6048    .text               mc_w.l(llshl.o)
    0x08000944   0x08000944   0x00000024   Code   RO         6050    .text               mc_w.l(llsshr.o)
    0x08000968   0x08000968   0x0000009c   Code   RO         6054    .text               mc_w.l(strtod.o)
    0x08000a04   0x08000a04   0x00000090   Code   RO         6056    .text               mc_w.l(__strtoll.o)
    0x08000a94   0x08000a94   0x00000000   Code   RO         6058    .text               mc_w.l(iusefp.o)
    0x08000a94   0x08000a94   0x0000006e   Code   RO         6060    .text               mf_w.l(fepilogue.o)
    0x08000b02   0x08000b02   0x000000ba   Code   RO         6062    .text               mf_w.l(depilogue.o)
    0x08000bbc   0x08000bbc   0x00000030   Code   RO         6064    .text               mf_w.l(dfixul.o)
    0x08000bec   0x08000bec   0x00000024   Code   RO         6066    .text               mc_w.l(init.o)
    0x08000c10   0x08000c10   0x00000020   Code   RO         6068    .text               mc_w.l(llushr.o)
    0x08000c30   0x08000c30   0x00000008   Code   RO         6072    .text               mc_w.l(ctype_o.o)
    0x08000c38   0x08000c38   0x00000012   Code   RO         6094    .text               mc_w.l(isspace_o.o)
    0x08000c4a   0x08000c4a   0x00000002   PAD
    0x08000c4c   0x08000c4c   0x00000360   Code   RO         6100    .text               mc_w.l(scanf_fp.o)
    0x08000fac   0x08000fac   0x00000040   Code   RO         6104    .text               mc_w.l(_sgetc.o)
    0x08000fec   0x08000fec   0x000000c2   Code   RO         6106    .text               mc_w.l(_strtoull.o)
    0x080010ae   0x080010ae   0x0000001c   Code   RO         6112    .text               mc_w.l(_chval.o)
    0x080010ca   0x080010ca   0x00000018   Code   RO         6114    .text               mf_w.l(dfltul.o)
    0x080010e2   0x080010e2   0x00000016   Code   RO          202    i.ADC_Cmd           stm32f10x_adc.o
    0x080010f8   0x080010f8   0x00000014   Code   RO          210    i.ADC_GetCalibrationStatus  stm32f10x_adc.o
    0x0800110c   0x0800110c   0x00000008   Code   RO          211    i.ADC_GetConversionValue  stm32f10x_adc.o
    0x08001114   0x08001114   0x00000012   Code   RO          213    i.ADC_GetFlagStatus  stm32f10x_adc.o
    0x08001126   0x08001126   0x00000014   Code   RO          216    i.ADC_GetResetCalibrationStatus  stm32f10x_adc.o
    0x0800113a   0x0800113a   0x00000002   PAD
    0x0800113c   0x0800113c   0x00000050   Code   RO          220    i.ADC_Init          stm32f10x_adc.o
    0x0800118c   0x0800118c   0x000000b8   Code   RO          224    i.ADC_RegularChannelConfig  stm32f10x_adc.o
    0x08001244   0x08001244   0x0000000a   Code   RO          225    i.ADC_ResetCalibration  stm32f10x_adc.o
    0x0800124e   0x0800124e   0x00000016   Code   RO          227    i.ADC_SoftwareStartConvCmd  stm32f10x_adc.o
    0x08001264   0x08001264   0x0000000a   Code   RO          229    i.ADC_StartCalibration  stm32f10x_adc.o
    0x0800126e   0x0800126e   0x0000001a   Code   RO         3991    i.BH1750_Init       bh1750.o
    0x08001288   0x08001288   0x00000004   Code   RO         4368    i.BusFault_Handler  stm32f10x_it.o
    0x0800128c   0x0800128c   0x00000014   Code   RO         3886    i.DS18B20_ConvertT  ds18b20.o
    0x080012a0   0x080012a0   0x00000084   Code   RO         3887    i.DS18B20_Detect    ds18b20.o
    0x08001324   0x08001324   0x0000000c   Code   RO         3888    i.DS18B20_Init      ds18b20.o
    0x08001330   0x08001330   0x00000098   Code   RO         3889    i.DS18B20_ReadT     ds18b20.o
    0x080013c8   0x080013c8   0x00000002   Code   RO         4369    i.DebugMon_Handler  stm32f10x_it.o
    0x080013ca   0x080013ca   0x00000018   Code   RO         3196    i.Delay_ms          delay.o
    0x080013e2   0x080013e2   0x00000018   Code   RO         3197    i.Delay_s           delay.o
    0x080013fa   0x080013fa   0x0000002e   Code   RO         3198    i.Delay_us          delay.o
    0x08001428   0x08001428   0x00000008   Code   RO         3649    i.Dth11_Init        dth11.o
    0x08001430   0x08001430   0x000002d8   Code   RO         3651    i.Dth11_Read        dth11.o
    0x08001708   0x08001708   0x00000008   Code   RO         3582    i.Esp8266_Init      esp8266.o
    0x08001710   0x08001710   0x00000278   Code   RO         3583    i.Esp8266_ModeNetSet  esp8266.o
    0x08001988   0x08001988   0x00000018   Code   RO         3584    i.Esp8266_WifiAndTcp_Connect  esp8266.o
    0x080019a0   0x080019a0   0x000000b4   Code   RO         3585    i.Esp8266_WriteCmd  esp8266.o
    0x08001a54   0x08001a54   0x00000058   Code   RO         3586    i.Esp8266_detect    esp8266.o
    0x08001aac   0x08001aac   0x00000116   Code   RO         1347    i.GPIO_Init         stm32f10x_gpio.o
    0x08001bc2   0x08001bc2   0x00000012   Code   RO         1351    i.GPIO_ReadInputDataBit  stm32f10x_gpio.o
    0x08001bd4   0x08001bd4   0x00000004   Code   RO         1354    i.GPIO_ResetBits    stm32f10x_gpio.o
    0x08001bd8   0x08001bd8   0x00000004   Code   RO         1355    i.GPIO_SetBits      stm32f10x_gpio.o
    0x08001bdc   0x08001bdc   0x00000004   Code   RO         1357    i.GPIO_Write        stm32f10x_gpio.o
    0x08001be0   0x08001be0   0x0000000a   Code   RO         1358    i.GPIO_WriteBit     stm32f10x_gpio.o
    0x08001bea   0x08001bea   0x00000002   PAD
    0x08001bec   0x08001bec   0x00000254   Code   RO         4296    i.HandleCommandFromTcp  interactwithtcp.o
    0x08001e40   0x08001e40   0x00000004   Code   RO         4370    i.HardFault_Handler  stm32f10x_it.o
    0x08001e44   0x08001e44   0x00000034   Code   RO         4090    i.HeatingCore_Control  heatingcore.o
    0x08001e78   0x08001e78   0x00000034   Code   RO         4091    i.HeatingCore_Init  heatingcore.o
    0x08001eac   0x08001eac   0x00000018   Code   RO         1459    i.I2C_AcknowledgeConfig  stm32f10x_i2c.o
    0x08001ec4   0x08001ec4   0x0000002a   Code   RO         1461    i.I2C_CheckEvent    stm32f10x_i2c.o
    0x08001eee   0x08001eee   0x00000018   Code   RO         1464    i.I2C_Cmd           stm32f10x_i2c.o
    0x08001f06   0x08001f06   0x00000018   Code   RO         1471    i.I2C_GenerateSTART  stm32f10x_i2c.o
    0x08001f1e   0x08001f1e   0x00000018   Code   RO         1472    i.I2C_GenerateSTOP  stm32f10x_i2c.o
    0x08001f36   0x08001f36   0x00000002   PAD
    0x08001f38   0x08001f38   0x000000ec   Code   RO         1478    i.I2C_Init          stm32f10x_i2c.o
    0x08002024   0x08002024   0x00000008   Code   RO         1483    i.I2C_ReceiveData   stm32f10x_i2c.o
    0x0800202c   0x0800202c   0x00000012   Code   RO         1485    i.I2C_Send7bitAddress  stm32f10x_i2c.o
    0x0800203e   0x0800203e   0x00000004   Code   RO         1486    i.I2C_SendData      stm32f10x_i2c.o
    0x08002042   0x08002042   0x00000002   PAD
    0x08002044   0x08002044   0x000000c8   Code   RO         3695    i.IC_Init           ic.o
    0x0800210c   0x0800210c   0x0000003a   Code   RO         3251    i.Is_Leap_Year      myrtc.o
    0x08002146   0x08002146   0x00000002   PAD
    0x08002148   0x08002148   0x00000050   Code   RO         3353    i.LED_Control       led.o
    0x08002198   0x08002198   0x00000038   Code   RO         3354    i.LED_Init          led.o
    0x080021d0   0x080021d0   0x00000028   Code   RO         3355    i.LED_SetStrength   led.o
    0x080021f8   0x080021f8   0x00000004   Code   RO         4371    i.MemManage_Handler  stm32f10x_it.o
    0x080021fc   0x080021fc   0x00000044   Code   RO         4297    i.Module_Init       interactwithtcp.o
    0x08002240   0x08002240   0x0000008c   Code   RO         3707    i.Motor_Control     motor.o
    0x080022cc   0x080022cc   0x00000034   Code   RO         3708    i.Motor_Init        motor.o
    0x08002300   0x08002300   0x00000040   Code   RO         3709    i.Motor_SetSpeed    motor.o
    0x08002340   0x08002340   0x00000074   Code   RO         3992    i.Multiple_read_BH1750  bh1750.o
    0x080023b4   0x080023b4   0x00000038   Code   RO         4188    i.MyI2C_Init        myi2c.o
    0x080023ec   0x080023ec   0x0000001c   Code   RO         4189    i.MyI2C_R_SDA       myi2c.o
    0x08002408   0x08002408   0x0000001e   Code   RO         4190    i.MyI2C_ReceiveAck  myi2c.o
    0x08002426   0x08002426   0x00000034   Code   RO         4191    i.MyI2C_ReceiveByte  myi2c.o
    0x0800245a   0x0800245a   0x00000018   Code   RO         4192    i.MyI2C_SendAck     myi2c.o
    0x08002472   0x08002472   0x00000036   Code   RO         4193    i.MyI2C_SendByte    myi2c.o
    0x080024a8   0x080024a8   0x0000001c   Code   RO         4194    i.MyI2C_Start       myi2c.o
    0x080024c4   0x080024c4   0x00000016   Code   RO         4195    i.MyI2C_Stop        myi2c.o
    0x080024da   0x080024da   0x00000002   PAD
    0x080024dc   0x080024dc   0x0000001c   Code   RO         4196    i.MyI2C_W_SCL       myi2c.o
    0x080024f8   0x080024f8   0x0000001c   Code   RO         4197    i.MyI2C_W_SDA       myi2c.o
    0x08002514   0x08002514   0x00000090   Code   RO         3979    i.My_I2C_Init       my_i2c.o
    0x080025a4   0x080025a4   0x00000002   Code   RO         4372    i.NMI_Handler       stm32f10x_it.o
    0x080025a6   0x080025a6   0x00000002   PAD
    0x080025a8   0x080025a8   0x00000070   Code   RO          137    i.NVIC_Init         misc.o
    0x08002618   0x08002618   0x00000014   Code   RO          138    i.NVIC_PriorityGroupConfig  misc.o
    0x0800262c   0x0800262c   0x0000002a   Code   RO         3389    i.OLED_Clear        oled.o
    0x08002656   0x08002656   0x00000002   PAD
    0x08002658   0x08002658   0x00000050   Code   RO         3390    i.OLED_I2C_Init     oled.o
    0x080026a8   0x080026a8   0x00000054   Code   RO         3391    i.OLED_I2C_SendByte  oled.o
    0x080026fc   0x080026fc   0x00000034   Code   RO         3392    i.OLED_I2C_Start    oled.o
    0x08002730   0x08002730   0x00000028   Code   RO         3393    i.OLED_I2C_Stop     oled.o
    0x08002758   0x08002758   0x000000ae   Code   RO         3394    i.OLED_Init         oled.o
    0x08002806   0x08002806   0x00000014   Code   RO         3395    i.OLED_Pow          oled.o
    0x0800281a   0x0800281a   0x00000022   Code   RO         3396    i.OLED_SetCursor    oled.o
    0x0800283c   0x0800283c   0x00000074   Code   RO         3398    i.OLED_ShowChar     oled.o
    0x080028b0   0x080028b0   0x00000044   Code   RO         3400    i.OLED_ShowNum      oled.o
    0x080028f4   0x080028f4   0x00000028   Code   RO         3402    i.OLED_ShowString   oled.o
    0x0800291c   0x0800291c   0x00000020   Code   RO         3403    i.OLED_WriteCommand  oled.o
    0x0800293c   0x0800293c   0x00000020   Code   RO         3404    i.OLED_WriteData    oled.o
    0x0800295c   0x0800295c   0x0000002c   Code   RO         3931    i.OneWire_Init      onewire.o
    0x08002988   0x08002988   0x00000038   Code   RO         3932    i.OneWire_ReceiveBit  onewire.o
    0x080029c0   0x080029c0   0x00000022   Code   RO         3933    i.OneWire_ReceiveByte  onewire.o
    0x080029e2   0x080029e2   0x00000002   PAD
    0x080029e4   0x080029e4   0x00000038   Code   RO         3934    i.OneWire_SendBit   onewire.o
    0x08002a1c   0x08002a1c   0x0000001e   Code   RO         3935    i.OneWire_SendByte  onewire.o
    0x08002a3a   0x08002a3a   0x00000002   PAD
    0x08002a3c   0x08002a3c   0x00000020   Code   RO         3936    i.OneWire_Set_In    onewire.o
    0x08002a5c   0x08002a5c   0x00000024   Code   RO         3937    i.OneWire_Set_Out   onewire.o
    0x08002a80   0x08002a80   0x0000007c   Code   RO         3810    i.PH_AD_GetValue    ad.o
    0x08002afc   0x08002afc   0x00000094   Code   RO         3811    i.PH_AD_Init        ad.o
    0x08002b90   0x08002b90   0x000000a0   Code   RO         3737    i.PWM_Init          pwm.o
    0x08002c30   0x08002c30   0x00000010   Code   RO         3738    i.PWM_SetCompare3   pwm.o
    0x08002c40   0x08002c40   0x00000010   Code   RO         3739    i.PWM_SetCompare4   pwm.o
    0x08002c50   0x08002c50   0x00000002   Code   RO         4373    i.PendSV_Handler    stm32f10x_it.o
    0x08002c52   0x08002c52   0x00000002   PAD
    0x08002c54   0x08002c54   0x00000138   Code   RO         3845    i.PhSensorValue_Get  phsensor.o
    0x08002d8c   0x08002d8c   0x00000008   Code   RO         3846    i.PhSensor_Init     phsensor.o
    0x08002d94   0x08002d94   0x0000001a   Code   RO         3652    i.Pow               dth11.o
    0x08002dae   0x08002dae   0x00000002   PAD
    0x08002db0   0x08002db0   0x00000034   Code   RO         4048    i.Pump_Control      pump.o
    0x08002de4   0x08002de4   0x00000034   Code   RO         4049    i.Pump_Init         pump.o
    0x08002e18   0x08002e18   0x00000018   Code   RO         1773    i.RCC_ADCCLKConfig  stm32f10x_rcc.o
    0x08002e30   0x08002e30   0x00000020   Code   RO         1775    i.RCC_APB1PeriphClockCmd  stm32f10x_rcc.o
    0x08002e50   0x08002e50   0x00000020   Code   RO         1777    i.RCC_APB2PeriphClockCmd  stm32f10x_rcc.o
    0x08002e70   0x08002e70   0x000000d4   Code   RO         1785    i.RCC_GetClocksFreq  stm32f10x_rcc.o
    0x08002f44   0x08002f44   0x00000010   Code   RO         1977    i.RTC_ClearITPendingBit  stm32f10x_rtc.o
    0x08002f54   0x08002f54   0x00000100   Code   RO         3253    i.RTC_Get           myrtc.o
    0x08003054   0x08003054   0x00000014   Code   RO         1980    i.RTC_GetCounter    stm32f10x_rtc.o
    0x08003068   0x08003068   0x00000024   Code   RO         1983    i.RTC_GetITStatus   stm32f10x_rtc.o
    0x0800308c   0x0800308c   0x00000078   Code   RO         3254    i.RTC_Get_Week      myrtc.o
    0x08003104   0x08003104   0x0000002c   Code   RO         3255    i.RTC_IRQHandler    myrtc.o
    0x08003130   0x08003130   0x00000014   Code   RO         1988    i.RTC_WaitForLastTask  stm32f10x_rtc.o
    0x08003144   0x08003144   0x000001d4   Code   RO         3587    i.ReconnectToTcp    esp8266.o
    0x08003318   0x08003318   0x00000010   Code   RO         3761    i.SGP30_Init        sgp30.o
    0x08003328   0x08003328   0x000000f4   Code   RO         3762    i.SGP30_Read        sgp30.o
    0x0800341c   0x0800341c   0x00000024   Code   RO         3763    i.SGP30_WaitEvent   sgp30.o
    0x08003440   0x08003440   0x00000070   Code   RO         3764    i.SGP30_Write       sgp30.o
    0x080034b0   0x080034b0   0x0000007c   Code   RO         3812    i.SOIL_AD_GetValue  ad.o
    0x0800352c   0x0800352c   0x00000094   Code   RO         3813    i.SOIL_AD_Init      ad.o
    0x080035c0   0x080035c0   0x00000002   Code   RO         4374    i.SVC_Handler       stm32f10x_it.o
    0x080035c2   0x080035c2   0x00000002   PAD
    0x080035c4   0x080035c4   0x00000290   Code   RO         4299    i.SendPropertyToTcp  interactwithtcp.o
    0x08003854   0x08003854   0x0000001c   Code   RO         3497    i.Serial_GetRxFlag  serial.o
    0x08003870   0x08003870   0x000000b8   Code   RO         3498    i.Serial_Init       serial.o
    0x08003928   0x08003928   0x00000042   Code   RO         3499    i.Serial_OledShowString  serial.o
    0x0800396a   0x0800396a   0x00000002   PAD
    0x0800396c   0x0800396c   0x00000014   Code   RO         3501    i.Serial_RxFromEspBuf_Clear  serial.o
    0x08003980   0x08003980   0x0000001c   Code   RO         3502    i.Serial_RxFromTcpBuf_Clear  serial.o
    0x0800399c   0x0800399c   0x00000020   Code   RO         3504    i.Serial_SendByte   serial.o
    0x080039bc   0x080039bc   0x0000001a   Code   RO         3506    i.Serial_SendString  serial.o
    0x080039d6   0x080039d6   0x00000008   Code   RO           17    i.SetSysClock       system_stm32f10x.o
    0x080039de   0x080039de   0x00000002   PAD
    0x080039e0   0x080039e0   0x000000e0   Code   RO           18    i.SetSysClockTo72   system_stm32f10x.o
    0x08003ac0   0x08003ac0   0x0000001a   Code   RO         3993    i.Single_Write_BH1750  bh1750.o
    0x08003ada   0x08003ada   0x00000008   Code   RO         4021    i.SoilHumSensor_Init  soilhumsensor.o
    0x08003ae2   0x08003ae2   0x00000002   PAD
    0x08003ae4   0x08003ae4   0x00000048   Code   RO         4023    i.SoilHumValue_Get  soilhumsensor.o
    0x08003b2c   0x08003b2c   0x00000034   Code   RO         4132    i.SteeperMotor_Control  _28byj48.o
    0x08003b60   0x08003b60   0x00000002   Code   RO         4375    i.SysTick_Handler   stm32f10x_it.o
    0x08003b62   0x08003b62   0x00000002   PAD
    0x08003b64   0x08003b64   0x00000060   Code   RO           20    i.SystemInit        system_stm32f10x.o
    0x08003bc4   0x08003bc4   0x00000080   Code   RO         2405    i.TI1_Config        stm32f10x_tim.o
    0x08003c44   0x08003c44   0x00000098   Code   RO         2406    i.TI2_Config        stm32f10x_tim.o
    0x08003cdc   0x08003cdc   0x000000d4   Code   RO         4133    i.TIM1_UP_IRQHandler  _28byj48.o
    0x08003db0   0x08003db0   0x00000040   Code   RO         3653    i.TIM3_IRQHandler   dth11.o
    0x08003df0   0x08003df0   0x00000006   Code   RO         2416    i.TIM_ClearITPendingBit  stm32f10x_tim.o
    0x08003df6   0x08003df6   0x00000018   Code   RO         2421    i.TIM_Cmd           stm32f10x_tim.o
    0x08003e0e   0x08003e0e   0x00000006   Code   RO         2436    i.TIM_GetCapture1   stm32f10x_tim.o
    0x08003e14   0x08003e14   0x00000022   Code   RO         2442    i.TIM_GetITStatus   stm32f10x_tim.o
    0x08003e36   0x08003e36   0x00000012   Code   RO         2446    i.TIM_ITConfig      stm32f10x_tim.o
    0x08003e48   0x08003e48   0x0000000c   Code   RO         2448    i.TIM_InternalClockConfig  stm32f10x_tim.o
    0x08003e54   0x08003e54   0x000000a0   Code   RO         2460    i.TIM_OC3Init       stm32f10x_tim.o
    0x08003ef4   0x08003ef4   0x0000007c   Code   RO         2465    i.TIM_OC4Init       stm32f10x_tim.o
    0x08003f70   0x08003f70   0x00000014   Code   RO         2468    i.TIM_OCStructInit  stm32f10x_tim.o
    0x08003f84   0x08003f84   0x0000007c   Code   RO         2469    i.TIM_PWMIConfig    stm32f10x_tim.o
    0x08004000   0x08004000   0x00000012   Code   RO         2474    i.TIM_SelectInputTrigger  stm32f10x_tim.o
    0x08004012   0x08004012   0x00000012   Code   RO         2479    i.TIM_SelectSlaveMode  stm32f10x_tim.o
    0x08004024   0x08004024   0x00000004   Code   RO         2480    i.TIM_SetAutoreload  stm32f10x_tim.o
    0x08004028   0x08004028   0x00000004   Code   RO         2484    i.TIM_SetCompare3   stm32f10x_tim.o
    0x0800402c   0x0800402c   0x00000006   Code   RO         2485    i.TIM_SetCompare4   stm32f10x_tim.o
    0x08004032   0x08004032   0x00000012   Code   RO         2487    i.TIM_SetIC1Prescaler  stm32f10x_tim.o
    0x08004044   0x08004044   0x0000001a   Code   RO         2488    i.TIM_SetIC2Prescaler  stm32f10x_tim.o
    0x0800405e   0x0800405e   0x00000002   PAD
    0x08004060   0x08004060   0x000000a4   Code   RO         2492    i.TIM_TimeBaseInit  stm32f10x_tim.o
    0x08004104   0x08004104   0x000001a4   Code   RO         3507    i.USART1_IRQHandler  serial.o
    0x080042a8   0x080042a8   0x0000001e   Code   RO         2957    i.USART_ClearITPendingBit  stm32f10x_usart.o
    0x080042c6   0x080042c6   0x00000018   Code   RO         2960    i.USART_Cmd         stm32f10x_usart.o
    0x080042de   0x080042de   0x0000001a   Code   RO         2963    i.USART_GetFlagStatus  stm32f10x_usart.o
    0x080042f8   0x080042f8   0x00000054   Code   RO         2964    i.USART_GetITStatus  stm32f10x_usart.o
    0x0800434c   0x0800434c   0x0000004a   Code   RO         2966    i.USART_ITConfig    stm32f10x_usart.o
    0x08004396   0x08004396   0x00000002   PAD
    0x08004398   0x08004398   0x000000d8   Code   RO         2967    i.USART_Init        stm32f10x_usart.o
    0x08004470   0x08004470   0x0000000a   Code   RO         2974    i.USART_ReceiveData  stm32f10x_usart.o
    0x0800447a   0x0800447a   0x00000008   Code   RO         2977    i.USART_SendData    stm32f10x_usart.o
    0x08004482   0x08004482   0x00000004   Code   RO         4376    i.UsageFault_Handler  stm32f10x_it.o
    0x08004486   0x08004486   0x00000002   PAD
    0x08004488   0x08004488   0x00000034   Code   RO         4069    i.Valve1_Control    valve1.o
    0x080044bc   0x080044bc   0x00000034   Code   RO         4070    i.Valve1_Init       valve1.o
    0x080044f0   0x080044f0   0x00000034   Code   RO         4111    i.Valve2_Control    valve2.o
    0x08004524   0x08004524   0x00000034   Code   RO         4112    i.Valve2_Init       valve2.o
    0x08004558   0x08004558   0x00000028   Code   RO         4134    i._28BYJ48Stop      _28byj48.o
    0x08004580   0x08004580   0x00000030   Code   RO         4135    i._28BYJ48_Forward_Ration  _28byj48.o
    0x080045b0   0x080045b0   0x00000088   Code   RO         4136    i._28BYJ48_Init     _28byj48.o
    0x08004638   0x08004638   0x00000030   Code   RO         4137    i._28BYJ48_Reverse_Rotation  _28byj48.o
    0x08004668   0x08004668   0x00000030   Code   RO         5932    i.__0snprintf       mc_w.l(printfa.o)
    0x08004698   0x08004698   0x00000028   Code   RO         5933    i.__0sprintf        mc_w.l(printfa.o)
    0x080046c0   0x080046c0   0x0000002c   Code   RO         5936    i.__0vsnprintf      mc_w.l(printfa.o)
    0x080046ec   0x080046ec   0x0000001a   Code   RO         4505    i.__ARM_common_switch8  jansson_CM3LE.lib(dump.o)
    0x08004706   0x08004706   0x00000016   Code   RO         5198    i.__ARM_isinf       jansson_CM3LE.lib(value.o)
    0x0800471c   0x0800471c   0x00000018   Code   RO         5203    i.__ARM_isnan       jansson_CM3LE.lib(value.o)
    0x08004734   0x08004734   0x00000008   Code   RO         5987    i.__aeabi_errno_addr  mc_w.l(errno.o)
    0x0800473c   0x0800473c   0x0000000e   Code   RO         6118    i.__scatterload_copy  mc_w.l(handlers.o)
    0x0800474a   0x0800474a   0x00000002   Code   RO         6119    i.__scatterload_null  mc_w.l(handlers.o)
    0x0800474c   0x0800474c   0x0000000e   Code   RO         6120    i.__scatterload_zeroinit  mc_w.l(handlers.o)
    0x0800475a   0x0800475a   0x00000002   PAD
    0x0800475c   0x0800475c   0x00000184   Code   RO         5938    i._fp_digits        mc_w.l(printfa.o)
    0x080048e0   0x080048e0   0x0000000e   Code   RO         6102    i._is_digit         mc_w.l(scanf_fp.o)
    0x080048ee   0x080048ee   0x00000002   PAD
    0x080048f0   0x080048f0   0x000006dc   Code   RO         5939    i._printf_core      mc_w.l(printfa.o)
    0x08004fcc   0x08004fcc   0x00000024   Code   RO         5940    i._printf_post_padding  mc_w.l(printfa.o)
    0x08004ff0   0x08004ff0   0x0000002e   Code   RO         5941    i._printf_pre_padding  mc_w.l(printfa.o)
    0x0800501e   0x0800501e   0x00000016   Code   RO         5942    i._snputc           mc_w.l(printfa.o)
    0x08005034   0x08005034   0x0000000a   Code   RO         5943    i._sputc            mc_w.l(printfa.o)
    0x0800503e   0x0800503e   0x00000018   Code   RO         4852    i.array_copy        jansson_CM3LE.lib(value.o)
    0x08005056   0x08005056   0x00000016   Code   RO         5292    i.bucket_is_empty   jansson_CM3LE.lib(hashtable.o)
    0x0800506c   0x0800506c   0x0000004c   Code   RO         4553    i.decode_unicode_escape  jansson_CM3LE.lib(load.o)
    0x080050b8   0x080050b8   0x00000394   Code   RO         4443    i.do_dump           jansson_CM3LE.lib(dump.o)
    0x0800544c   0x0800544c   0x00000060   Code   RO         4444    i.dump_indent       jansson_CM3LE.lib(dump.o)
    0x080054ac   0x080054ac   0x0000014c   Code   RO         4445    i.dump_string       jansson_CM3LE.lib(dump.o)
    0x080055f8   0x080055f8   0x00000010   Code   RO         4447    i.dump_to_strbuffer  jansson_CM3LE.lib(dump.o)
    0x08005608   0x08005608   0x000000c0   Code   RO         4554    i.error_set         jansson_CM3LE.lib(load.o)
    0x080056c8   0x080056c8   0x00000050   Code   RO         5959    i.free              mc_w.l(malloc.o)
    0x08005718   0x08005718   0x00000144   Code   RO         5293    i.hashlittle        jansson_CM3LE.lib(hashtable.o)
    0x0800585c   0x0800585c   0x00000010   Code   RO         5295    i.hashtable_close   jansson_CM3LE.lib(hashtable.o)
    0x0800586c   0x0800586c   0x00000022   Code   RO         5297    i.hashtable_do_clear  jansson_CM3LE.lib(hashtable.o)
    0x0800588e   0x0800588e   0x00000076   Code   RO         5299    i.hashtable_do_rehash  jansson_CM3LE.lib(hashtable.o)
    0x08005904   0x08005904   0x0000003c   Code   RO         5300    i.hashtable_find_pair  jansson_CM3LE.lib(hashtable.o)
    0x08005940   0x08005940   0x00000040   Code   RO         5301    i.hashtable_get     jansson_CM3LE.lib(hashtable.o)
    0x08005980   0x08005980   0x00000048   Code   RO         5302    i.hashtable_init    jansson_CM3LE.lib(hashtable.o)
    0x080059c8   0x080059c8   0x0000000c   Code   RO         5303    i.hashtable_iter    jansson_CM3LE.lib(hashtable.o)
    0x080059d4   0x080059d4   0x00000004   Code   RO         5305    i.hashtable_iter_key  jansson_CM3LE.lib(hashtable.o)
    0x080059d8   0x080059d8   0x0000000e   Code   RO         5306    i.hashtable_iter_next  jansson_CM3LE.lib(hashtable.o)
    0x080059e6   0x080059e6   0x00000004   Code   RO         5307    i.hashtable_iter_serial  jansson_CM3LE.lib(hashtable.o)
    0x080059ea   0x080059ea   0x00000004   Code   RO         5309    i.hashtable_iter_value  jansson_CM3LE.lib(hashtable.o)
    0x080059ee   0x080059ee   0x00000002   PAD
    0x080059f0   0x080059f0   0x000000ac   Code   RO         5310    i.hashtable_set     jansson_CM3LE.lib(hashtable.o)
    0x08005a9c   0x08005a9c   0x0000002a   Code   RO         5311    i.insert_to_bucket  jansson_CM3LE.lib(hashtable.o)
    0x08005ac6   0x08005ac6   0x00000036   Code   RO         4854    i.json_array        jansson_CM3LE.lib(value.o)
    0x08005afc   0x08005afc   0x00000048   Code   RO         4855    i.json_array_append_new  jansson_CM3LE.lib(value.o)
    0x08005b44   0x08005b44   0x0000001c   Code   RO         4858    i.json_array_get    jansson_CM3LE.lib(value.o)
    0x08005b60   0x08005b60   0x0000004c   Code   RO         4859    i.json_array_grow   jansson_CM3LE.lib(value.o)
    0x08005bac   0x08005bac   0x00000012   Code   RO         4863    i.json_array_size   jansson_CM3LE.lib(value.o)
    0x08005bbe   0x08005bbe   0x0000001c   Code   RO         4300    i.json_decref       interactwithtcp.o
    0x08005bda   0x08005bda   0x00000018   Code   RO         4555    i.json_decref       jansson_CM3LE.lib(load.o)
    0x08005bf2   0x08005bf2   0x00000018   Code   RO         4717    i.json_decref       jansson_CM3LE.lib(pack_unpack.o)
    0x08005c0a   0x08005c0a   0x00000018   Code   RO         4865    i.json_decref       jansson_CM3LE.lib(value.o)
    0x08005c22   0x08005c22   0x00000018   Code   RO         5312    i.json_decref       jansson_CM3LE.lib(hashtable.o)
    0x08005c3a   0x08005c3a   0x00000054   Code   RO         4867    i.json_delete       jansson_CM3LE.lib(value.o)
    0x08005c8e   0x08005c8e   0x0000002a   Code   RO         4448    i.json_dump_callback  jansson_CM3LE.lib(dump.o)
    0x08005cb8   0x08005cb8   0x00000044   Code   RO         4451    i.json_dumps        jansson_CM3LE.lib(dump.o)
    0x08005cfc   0x08005cfc   0x00000008   Code   RO         4869    i.json_false        jansson_CM3LE.lib(value.o)
    0x08005d04   0x08005d04   0x00000010   Code   RO         4556    i.json_incref       jansson_CM3LE.lib(load.o)
    0x08005d14   0x08005d14   0x00000010   Code   RO         4718    i.json_incref       jansson_CM3LE.lib(pack_unpack.o)
    0x08005d24   0x08005d24   0x0000001c   Code   RO         4871    i.json_integer      jansson_CM3LE.lib(value.o)
    0x08005d40   0x08005d40   0x00000018   Code   RO         4873    i.json_integer_value  jansson_CM3LE.lib(value.o)
    0x08005d58   0x08005d58   0x00000074   Code   RO         4561    i.json_loads        jansson_CM3LE.lib(load.o)
    0x08005dcc   0x08005dcc   0x00000008   Code   RO         4874    i.json_null         jansson_CM3LE.lib(value.o)
    0x08005dd4   0x08005dd4   0x0000004c   Code   RO         4876    i.json_object       jansson_CM3LE.lib(value.o)
    0x08005e20   0x08005e20   0x0000001c   Code   RO         4881    i.json_object_get   jansson_CM3LE.lib(value.o)
    0x08005e3c   0x08005e3c   0x00000018   Code   RO         4882    i.json_object_iter  jansson_CM3LE.lib(value.o)
    0x08005e54   0x08005e54   0x0000000c   Code   RO         4884    i.json_object_iter_key  jansson_CM3LE.lib(value.o)
    0x08005e60   0x08005e60   0x0000001c   Code   RO         4885    i.json_object_iter_next  jansson_CM3LE.lib(value.o)
    0x08005e7c   0x08005e7c   0x0000000c   Code   RO         4887    i.json_object_iter_value  jansson_CM3LE.lib(value.o)
    0x08005e88   0x08005e88   0x00000028   Code   RO         5619    i.json_object_seed  jansson_CM3LE.lib(hashtable_seed.o)
    0x08005eb0   0x08005eb0   0x00000040   Code   RO         4890    i.json_object_set_new_nocheck  jansson_CM3LE.lib(value.o)
    0x08005ef0   0x08005ef0   0x00000012   Code   RO         4892    i.json_object_size  jansson_CM3LE.lib(value.o)
    0x08005f02   0x08005f02   0x00000018   Code   RO         4719    i.json_pack         jansson_CM3LE.lib(pack_unpack.o)
    0x08005f1a   0x08005f1a   0x00000034   Code   RO         4896    i.json_real         jansson_CM3LE.lib(value.o)
    0x08005f4e   0x08005f4e   0x00000018   Code   RO         4898    i.json_real_value   jansson_CM3LE.lib(value.o)
    0x08005f66   0x08005f66   0x00000012   Code   RO         4901    i.json_string_length  jansson_CM3LE.lib(value.o)
    0x08005f78   0x08005f78   0x00000012   Code   RO         4907    i.json_string_value  jansson_CM3LE.lib(value.o)
    0x08005f8a   0x08005f8a   0x0000000a   Code   RO         4909    i.json_stringn_nocheck  jansson_CM3LE.lib(value.o)
    0x08005f94   0x08005f94   0x00000008   Code   RO         4910    i.json_true         jansson_CM3LE.lib(value.o)
    0x08005f9c   0x08005f9c   0x000000c4   Code   RO         4723    i.json_vpack_ex     jansson_CM3LE.lib(pack_unpack.o)
    0x08006060   0x08006060   0x000000a0   Code   RO         5555    i.jsonp_dtostr      jansson_CM3LE.lib(strconv.o)
    0x08006100   0x08006100   0x00000022   Code   RO         5247    i.jsonp_error_init  jansson_CM3LE.lib(error.o)
    0x08006122   0x08006122   0x00000010   Code   RO         5248    i.jsonp_error_set   jansson_CM3LE.lib(error.o)
    0x08006132   0x08006132   0x00000002   PAD
    0x08006134   0x08006134   0x0000003c   Code   RO         5249    i.jsonp_error_set_source  jansson_CM3LE.lib(error.o)
    0x08006170   0x08006170   0x0000002c   Code   RO         5250    i.jsonp_error_vset  jansson_CM3LE.lib(error.o)
    0x0800619c   0x0800619c   0x00000010   Code   RO         5450    i.jsonp_free        jansson_CM3LE.lib(memory.o)
    0x080061ac   0x080061ac   0x00000010   Code   RO         5451    i.jsonp_malloc      jansson_CM3LE.lib(memory.o)
    0x080061bc   0x080061bc   0x00000012   Code   RO         5452    i.jsonp_strdup      jansson_CM3LE.lib(memory.o)
    0x080061ce   0x080061ce   0x0000000a   Code   RO         4911    i.jsonp_stringn_nocheck_own  jansson_CM3LE.lib(value.o)
    0x080061d8   0x080061d8   0x00000024   Code   RO         5453    i.jsonp_strndup     jansson_CM3LE.lib(memory.o)
    0x080061fc   0x080061fc   0x00000064   Code   RO         5556    i.jsonp_strtod      jansson_CM3LE.lib(strconv.o)
    0x08006260   0x08006260   0x0000001c   Code   RO         4562    i.lex_close         jansson_CM3LE.lib(load.o)
    0x0800627c   0x0800627c   0x00000012   Code   RO         4563    i.lex_free_string   jansson_CM3LE.lib(load.o)
    0x0800628e   0x0800628e   0x00000008   Code   RO         4564    i.lex_get           jansson_CM3LE.lib(load.o)
    0x08006296   0x08006296   0x0000001e   Code   RO         4565    i.lex_get_save      jansson_CM3LE.lib(load.o)
    0x080062b4   0x080062b4   0x00000030   Code   RO         4566    i.lex_init          jansson_CM3LE.lib(load.o)
    0x080062e4   0x080062e4   0x0000000c   Code   RO         4567    i.lex_save          jansson_CM3LE.lib(load.o)
    0x080062f0   0x080062f0   0x00000138   Code   RO         4568    i.lex_scan          jansson_CM3LE.lib(load.o)
    0x08006428   0x08006428   0x0000018c   Code   RO         4569    i.lex_scan_number   jansson_CM3LE.lib(load.o)
    0x080065b4   0x080065b4   0x00000288   Code   RO         4570    i.lex_scan_string   jansson_CM3LE.lib(load.o)
    0x0800683c   0x0800683c   0x00000026   Code   RO         4571    i.lex_unget_unsave  jansson_CM3LE.lib(load.o)
    0x08006862   0x08006862   0x0000000e   Code   RO         5313    i.list_insert       jansson_CM3LE.lib(hashtable.o)
    0x08006870   0x08006870   0x00000024   Code   RO         4254    i.main              main.o
    0x08006894   0x08006894   0x0000006c   Code   RO         5960    i.malloc            mc_w.l(malloc.o)
    0x08006900   0x08006900   0x00000080   Code   RO         4725    i.next_token        jansson_CM3LE.lib(pack_unpack.o)
    0x08006980   0x08006980   0x0000000c   Code   RO         4452    i.object_key_compare_keys  jansson_CM3LE.lib(dump.o)
    0x0800698c   0x0800698c   0x0000001a   Code   RO         4453    i.object_key_compare_serials  jansson_CM3LE.lib(dump.o)
    0x080069a6   0x080069a6   0x00000002   PAD
    0x080069a8   0x080069a8   0x00000118   Code   RO         4726    i.pack              jansson_CM3LE.lib(pack_unpack.o)
    0x08006ac0   0x08006ac0   0x000000b0   Code   RO         4727    i.pack_array        jansson_CM3LE.lib(pack_unpack.o)
    0x08006b70   0x08006b70   0x00000130   Code   RO         4728    i.pack_object       jansson_CM3LE.lib(pack_unpack.o)
    0x08006ca0   0x08006ca0   0x00000094   Code   RO         4572    i.parse_array       jansson_CM3LE.lib(load.o)
    0x08006d34   0x08006d34   0x00000094   Code   RO         4573    i.parse_json        jansson_CM3LE.lib(load.o)
    0x08006dc8   0x08006dc8   0x00000180   Code   RO         4574    i.parse_object      jansson_CM3LE.lib(load.o)
    0x08006f48   0x08006f48   0x00000140   Code   RO         4575    i.parse_value       jansson_CM3LE.lib(load.o)
    0x08007088   0x08007088   0x00000014   Code   RO         4729    i.prev_token        jansson_CM3LE.lib(pack_unpack.o)
    0x0800709c   0x0800709c   0x0000015c   Code   RO         4730    i.read_string       jansson_CM3LE.lib(pack_unpack.o)
    0x080071f8   0x080071f8   0x0000002c   Code   RO         4731    i.scanner_init      jansson_CM3LE.lib(pack_unpack.o)
    0x08007224   0x08007224   0x00000006   Code   RO         4431    i.seed_from_timestamp_and_pid  jansson_config.o
    0x0800722a   0x0800722a   0x0000002c   Code   RO         4732    i.set_error         jansson_CM3LE.lib(pack_unpack.o)
    0x08007256   0x08007256   0x0000000c   Code   RO         5496    i.strbuffer_append_byte  jansson_CM3LE.lib(strbuffer.o)
    0x08007262   0x08007262   0x00000002   PAD
    0x08007264   0x08007264   0x00000070   Code   RO         5497    i.strbuffer_append_bytes  jansson_CM3LE.lib(strbuffer.o)
    0x080072d4   0x080072d4   0x0000000a   Code   RO         5498    i.strbuffer_clear   jansson_CM3LE.lib(strbuffer.o)
    0x080072de   0x080072de   0x00000018   Code   RO         5499    i.strbuffer_close   jansson_CM3LE.lib(strbuffer.o)
    0x080072f6   0x080072f6   0x00000022   Code   RO         5500    i.strbuffer_init    jansson_CM3LE.lib(strbuffer.o)
    0x08007318   0x08007318   0x00000018   Code   RO         5501    i.strbuffer_pop     jansson_CM3LE.lib(strbuffer.o)
    0x08007330   0x08007330   0x0000000a   Code   RO         5502    i.strbuffer_steal_value  jansson_CM3LE.lib(strbuffer.o)
    0x0800733a   0x0800733a   0x00000004   Code   RO         5503    i.strbuffer_value   jansson_CM3LE.lib(strbuffer.o)
    0x0800733e   0x0800733e   0x00000002   PAD
    0x08007340   0x08007340   0x000000e4   Code   RO         4576    i.stream_get        jansson_CM3LE.lib(load.o)
    0x08007424   0x08007424   0x0000004a   Code   RO         4577    i.stream_unget      jansson_CM3LE.lib(load.o)
    0x0800746e   0x0800746e   0x0000003e   Code   RO         4912    i.string_create     jansson_CM3LE.lib(value.o)
    0x080074ac   0x080074ac   0x00000018   Code   RO         4578    i.string_get        jansson_CM3LE.lib(load.o)
    0x080074c4   0x080074c4   0x0000001c   Code   RO         5638    i.strtod            m_ws.l(strtod.o)
    0x080074e0   0x080074e0   0x0000003c   Code   RO         5583    i.utf8_check_first  jansson_CM3LE.lib(utf.o)
    0x0800751c   0x0800751c   0x00000088   Code   RO         5584    i.utf8_check_full   jansson_CM3LE.lib(utf.o)
    0x080075a4   0x080075a4   0x0000003e   Code   RO         5585    i.utf8_check_string  jansson_CM3LE.lib(utf.o)
    0x080075e2   0x080075e2   0x00000002   PAD
    0x080075e4   0x080075e4   0x0000007c   Code   RO         5586    i.utf8_encode       jansson_CM3LE.lib(utf.o)
    0x08007660   0x08007660   0x00000040   Code   RO         5587    i.utf8_iterate      jansson_CM3LE.lib(utf.o)
    0x080076a0   0x080076a0   0x00000018   Data   RO         3261    .constdata          myrtc.o
    0x080076b8   0x080076b8   0x000005f0   Data   RO         3405    .constdata          oled.o
    0x08007ca8   0x08007ca8   0x00000020   Data   RO         4138    .constdata          _28byj48.o
    0x08007cc8   0x08007cc8   0x00000021   Data   RO         4454    .constdata          jansson_CM3LE.lib(dump.o)
    0x08007ce9   0x08007ce9   0x00000081   Data   RO         6073    .constdata          mc_w.l(ctype_o.o)
    0x08007d6a   0x08007d6a   0x00000002   PAD
    0x08007d6c   0x08007d6c   0x00000004   Data   RO         6074    .constdata          mc_w.l(ctype_o.o)
    0x08007d70   0x08007d70   0x00000015   Data   RO         3262    .conststring        myrtc.o
    0x08007d85   0x08007d85   0x00000003   PAD
    0x08007d88   0x08007d88   0x00000020   Data   RO         6116    Region$$Table       anon$$obj.o


    Execution Region RW_IRAM1 (Exec base: 0x20000000, Load base: 0x08007da8, Size: 0x00001708, Max: 0x00005000, ABSOLUTE)

    Exec Addr    Load Addr    Size         Type   Attr      Idx    E Section Name        Object

    0x20000000   0x08007da8   0x00000014   Data   RW         1805    .data               stm32f10x_rcc.o
    0x20000014   0x08007dbc   0x0000004e   Data   RW         3263    .data               myrtc.o
    0x20000062   0x08007e0a   0x00000002   Data   RW         3356    .data               led.o
    0x20000064   0x08007e0c   0x00000005   Data   RW         3509    .data               serial.o
    0x20000069   0x08007e11   0x00000003   PAD
    0x2000006c   0x08007e14   0x00000012   Data   RW         3655    .data               dth11.o
    0x2000007e   0x08007e26   0x00000002   Data   RW         3710    .data               motor.o
    0x20000080   0x08007e28   0x00000006   Data   RW         3765    .data               sgp30.o
    0x20000086   0x08007e2e   0x00000004   Data   RW         3815    .data               ad.o
    0x2000008a   0x08007e32   0x00000002   PAD
    0x2000008c   0x08007e34   0x00000006   Data   RW         3848    .data               phsensor.o
    0x20000092   0x08007e3a   0x00000002   PAD
    0x20000094   0x08007e3c   0x00000008   Data   RW         3891    .data               ds18b20.o
    0x2000009c   0x08007e44   0x00000006   Data   RW         3994    .data               bh1750.o
    0x200000a2   0x08007e4a   0x00000002   PAD
    0x200000a4   0x08007e4c   0x00000006   Data   RW         4024    .data               soilhumsensor.o
    0x200000aa   0x08007e52   0x00000001   Data   RW         4050    .data               pump.o
    0x200000ab   0x08007e53   0x00000002   Data   RW         4071    .data               valve1.o
    0x200000ad   0x08007e55   0x00000002   Data   RW         4092    .data               heatingcore.o
    0x200000af   0x08007e57   0x00000002   Data   RW         4113    .data               valve2.o
    0x200000b1   0x08007e59   0x00000001   PAD
    0x200000b2   0x08007e5a   0x00000007   Data   RW         4139    .data               _28byj48.o
    0x200000b9   0x08007e61   0x00000003   PAD
    0x200000bc   0x08007e64   0x00000018   Data   RW         4913    .data               jansson_CM3LE.lib(value.o)
    0x200000d4   0x08007e7c   0x00000008   Data   RW         5454    .data               jansson_CM3LE.lib(memory.o)
    0x200000dc   0x08007e84   0x00000004   Data   RW         5620    .data               jansson_CM3LE.lib(hashtable_seed.o)
    0x200000e0   0x08007e88   0x00000004   Data   RW         5990    .data               mc_w.l(errno.o)
    0x200000e4   0x08007e8c   0x00000004   Data   RW         6052    .data               mc_w.l(mvars.o)
    0x200000e8   0x08007e90   0x00000004   Data   RW         6053    .data               mc_w.l(mvars.o)
    0x200000ec        -       0x0000000a   Zero   RW         3260    .bss                myrtc.o
    0x200000f6        -       0x000005dc   Zero   RW         3508    .bss                serial.o
    0x200006d2        -       0x00000053   Zero   RW         3654    .bss                dth11.o
    0x20000725   0x08007e94   0x00000001   PAD
    0x20000726        -       0x00000028   Zero   RW         3814    .bss                ad.o
    0x2000074e   0x08007e94   0x00000002   PAD
    0x20000750        -       0x00000bb8   Zero   RW          131    HEAP                startup_stm32f10x_md.o
    0x20001308        -       0x00000400   Zero   RW          130    STACK               startup_stm32f10x_md.o


==============================================================================

Image component sizes


      Code (inc. data)   RO Data    RW Data    ZI Data      Debug   Object Name

       536         96         32          7          0       3588   _28byj48.o
       544         48          0          4         40       2292   ad.o
       168         12          0          6          0       1787   bh1750.o
         0          0          0          0          0       4532   core_cm3.o
        94          0          0          0          0       1320   delay.o
       316         38          0          8          0       2352   ds18b20.o
       826         76          0         18         83       3303   dth11.o
      1400        526          0          0          0       3630   esp8266.o
       104         14          0          2          0       1217   heatingcore.o
       200         10          0          0          0        646   ic.o
      1348        504          0          0          0       6045   interactwithtcp.o
         6          0          0          0          0        826   jansson_config.o
       176         22          0          2          0       1673   led.o
        36          0          0          0          0        467   main.o
       132         22          0          0          0     213599   misc.o
       256         20          0          2          0       1752   motor.o
       144          8          0          0          0        554   my_i2c.o
       350         18          0          0          0       4666   myi2c.o
       478         20         45         78         10       3515   myrtc.o
       814         22       1520          0          0       7149   oled.o
       288         32          0          0          0       3338   onewire.o
       320         44          0          6          0       1327   phsensor.o
       104         14          0          1          0       1117   pump.o
       192          6          0          0          0       1507   pwm.o
       804         68          0          5       1500       5365   serial.o
       408         32          0          6          0       2999   sgp30.o
        80         14          0          6          0       1286   soilhumsensor.o
        36          8        236          0       4024        752   startup_stm32f10x_md.o
       394         10          0          0          0      17941   stm32f10x_adc.o
       318          0          0          0          0      12609   stm32f10x_gpio.o
       404         14          0          0          0      14256   stm32f10x_i2c.o
        26          0          0          0          0       3494   stm32f10x_it.o
       300         38          0         20          0      13293   stm32f10x_rcc.o
        92         16          0          0          0       1825   stm32f10x_rtc.o
      1066        104          0          0          0      31661   stm32f10x_tim.o
       472          6          0          0          0      12215   stm32f10x_usart.o
       328         28          0          0          0      52905   system_stm32f10x.o
       104         14          0          2          0       1191   valve1.o
       104         14          0          2          0       1191   valve2.o

    ----------------------------------------------------------------------
     13808       1918       1868        188       5660     445185   Object Totals
         0          0         32          0          0          0   (incl. Generated)
        40          0          3         13          3          0   (incl. Padding)

    ----------------------------------------------------------------------

      Code (inc. data)   RO Data    RW Data    ZI Data      Debug   Library Member Name

      1534        162         33          0          0      17721   dump.o
       154          4          0          0          0       6085   error.o
      1000         32          0          0          0      17697   hashtable.o
        40          6          0          4          0       1280   hashtable_seed.o
      3288        680          0          0          0      19565   load.o
        86          8          0          8          0       6121   memory.o
      1604        414          0          0          0      12512   pack_unpack.o
       230          4          0          0          0       4952   strbuffer.o
       260         20          0          0          0       1934   strconv.o
       446         14          0          0          0       3830   utf.o
       958         32          0         24          0      25330   value.o
        28          0          0          0          0         80   strtod.o
       144          0          0          0          0         88   __strtoll.o
        28          0          0          0          0         68   _chval.o
        64          0          0          0          0         84   _sgetc.o
       194          0          0          0          0         96   _strtoull.o
         8          4        133          0          0         68   ctype_o.o
         0          0          0          0          0          0   entry.o
         0          0          0          0          0          0   entry10a.o
         0          0          0          0          0          0   entry11a.o
         8          4          0          0          0          0   entry2.o
         4          0          0          0          0          0   entry5.o
         0          0          0          0          0          0   entry7b.o
         0          0          0          0          0          0   entry8b.o
         8          4          0          0          0          0   entry9a.o
         8          4          0          4          0         68   errno.o
        30          0          0          0          0          0   handlers.o
        36          8          0          0          0         68   init.o
        18          0          0          0          0         76   isspace_o.o
         0          0          0          0          0          0   iusefp.o
        30          0          0          0          0         68   llshl.o
        36          0          0          0          0         68   llsshr.o
        32          0          0          0          0         68   llushr.o
       188         20          0          0          0        160   malloc.o
        20          0          0          0          0         68   memchr.o
        64          0          0          0          0         76   memmovea.o
        36          0          0          0          0        108   memseta.o
         0          0          0          8          0          0   mvars.o
      2390         94          0          0          0        752   printfa.o
       156          0          0          0          0         88   qsort.o
       878         12          0          0          0        216   scanf_fp.o
        24          0          0          0          0         68   strcat.o
        20          0          0          0          0         68   strchr.o
        28          0          0          0          0         76   strcmp.o
        18          0          0          0          0         68   strcpy.o
        14          0          0          0          0         68   strlen.o
        36          0          0          0          0         80   strstr.o
       156         12          0          0          0        120   strtod.o
         4          0          0          0          0         68   strtoll.o
        44          0          0          0          0         80   uidiv.o
        98          0          0          0          0         92   uldiv.o
        48          0          0          0          0         68   cdcmple.o
        48          0          0          0          0         68   cdrcmple.o
        20          0          0          0          0         68   cfrcmple.o
        56          0          0          0          0         88   d2f.o
       334          0          0          0          0        148   dadd.o
       222          0          0          0          0        100   ddiv.o
       186          0          0          0          0        176   depilogue.o
        48          0          0          0          0         68   dfixul.o
        26          0          0          0          0         76   dfltui.o
        24          0          0          0          0         76   dfltul.o
       228          0          0          0          0         96   dmul.o
        38          0          0          0          0         68   f2d.o
       176          0          0          0          0        140   fadd.o
       124          0          0          0          0         88   fdiv.o
       110          0          0          0          0        168   fepilogue.o
        40          0          0          0          0         68   ffixui.o
        18          0          0          0          0         68   fflti.o
        10          0          0          0          0         68   ffltui.o
       100          0          0          0          0         76   fmul.o

    ----------------------------------------------------------------------
     16324       1538        168         48          0     121959   Library Totals
        18          0          2          0          0          0   (incl. Padding)

    ----------------------------------------------------------------------

      Code (inc. data)   RO Data    RW Data    ZI Data      Debug   Library Name

      9600       1376         33         36          0     117027   jansson_CM3LE.lib
        28          0          0          0          0         80   m_ws.l
      4822        162        133         12          0       3076   mc_w.l
      1856          0          0          0          0       1776   mf_w.l

    ----------------------------------------------------------------------
     16324       1538        168         48          0     121959   Library Totals

    ----------------------------------------------------------------------

==============================================================================


      Code (inc. data)   RO Data    RW Data    ZI Data      Debug   

     30132       3456       2036        236       5660     550584   Grand Totals
     30132       3456       2036        236       5660     550584   ELF Image Totals
     30132       3456       2036        236          0          0   ROM Totals

==============================================================================

    Total RO  Size (Code + RO Data)                32168 (  31.41kB)
    Total RW  Size (RW Data + ZI Data)              5896 (   5.76kB)
    Total ROM Size (Code + RO Data + RW Data)      32404 (  31.64kB)

==============================================================================

