Component: ARM Compiler 5.06 update 5 (build 528) Tool: armlink [4d35e2]

==============================================================================

Section Cross References

    system_stm32f10x.o(i.SetSysClock) refers to system_stm32f10x.o(i.SetSysClockTo72) for SetSysClockTo72
    system_stm32f10x.o(i.SystemCoreClockUpdate) refers to system_stm32f10x.o(.data) for SystemCoreClock
    system_stm32f10x.o(i.SystemInit) refers to system_stm32f10x.o(i.SetSysClock) for SetSysClock
    startup_stm32f10x_md.o(RESET) refers to startup_stm32f10x_md.o(STACK) for __initial_sp
    startup_stm32f10x_md.o(RESET) refers to startup_stm32f10x_md.o(.text) for Reset_Handler
    startup_stm32f10x_md.o(RESET) refers to stm32f10x_it.o(i.NMI_Handler) for NMI_Handler
    startup_stm32f10x_md.o(RESET) refers to stm32f10x_it.o(i.HardFault_Handler) for HardFault_Handler
    startup_stm32f10x_md.o(RESET) refers to stm32f10x_it.o(i.MemManage_Handler) for MemManage_Handler
    startup_stm32f10x_md.o(RESET) refers to stm32f10x_it.o(i.BusFault_Handler) for BusFault_Handler
    startup_stm32f10x_md.o(RESET) refers to stm32f10x_it.o(i.UsageFault_Handler) for UsageFault_Handler
    startup_stm32f10x_md.o(RESET) refers to stm32f10x_it.o(i.SVC_Handler) for SVC_Handler
    startup_stm32f10x_md.o(RESET) refers to stm32f10x_it.o(i.DebugMon_Handler) for DebugMon_Handler
    startup_stm32f10x_md.o(RESET) refers to stm32f10x_it.o(i.PendSV_Handler) for PendSV_Handler
    startup_stm32f10x_md.o(RESET) refers to stm32f10x_it.o(i.SysTick_Handler) for SysTick_Handler
    startup_stm32f10x_md.o(RESET) refers to _28byj48.o(i.TIM1_UP_IRQHandler) for TIM1_UP_IRQHandler
    startup_stm32f10x_md.o(RESET) refers to dth11.o(i.TIM3_IRQHandler) for TIM3_IRQHandler
    startup_stm32f10x_md.o(RESET) refers to serial.o(i.USART1_IRQHandler) for USART1_IRQHandler
    startup_stm32f10x_md.o(.text) refers to system_stm32f10x.o(i.SystemInit) for SystemInit
    startup_stm32f10x_md.o(.text) refers to entry.o(.ARM.Collect$$$$00000000) for __main
    stm32f10x_adc.o(i.ADC_DeInit) refers to stm32f10x_rcc.o(i.RCC_APB2PeriphResetCmd) for RCC_APB2PeriphResetCmd
    stm32f10x_bkp.o(i.BKP_DeInit) refers to stm32f10x_rcc.o(i.RCC_BackupResetCmd) for RCC_BackupResetCmd
    stm32f10x_can.o(i.CAN_DeInit) refers to stm32f10x_rcc.o(i.RCC_APB1PeriphResetCmd) for RCC_APB1PeriphResetCmd
    stm32f10x_can.o(i.CAN_GetITStatus) refers to stm32f10x_can.o(i.CheckITStatus) for CheckITStatus
    stm32f10x_cec.o(i.CEC_DeInit) refers to stm32f10x_rcc.o(i.RCC_APB1PeriphResetCmd) for RCC_APB1PeriphResetCmd
    stm32f10x_dac.o(i.DAC_DeInit) refers to stm32f10x_rcc.o(i.RCC_APB1PeriphResetCmd) for RCC_APB1PeriphResetCmd
    stm32f10x_flash.o(i.FLASH_EnableWriteProtection) refers to stm32f10x_flash.o(i.FLASH_WaitForLastOperation) for FLASH_WaitForLastOperation
    stm32f10x_flash.o(i.FLASH_EraseAllBank1Pages) refers to stm32f10x_flash.o(i.FLASH_WaitForLastBank1Operation) for FLASH_WaitForLastBank1Operation
    stm32f10x_flash.o(i.FLASH_EraseAllPages) refers to stm32f10x_flash.o(i.FLASH_WaitForLastOperation) for FLASH_WaitForLastOperation
    stm32f10x_flash.o(i.FLASH_EraseOptionBytes) refers to stm32f10x_flash.o(i.FLASH_GetReadOutProtectionStatus) for FLASH_GetReadOutProtectionStatus
    stm32f10x_flash.o(i.FLASH_EraseOptionBytes) refers to stm32f10x_flash.o(i.FLASH_WaitForLastOperation) for FLASH_WaitForLastOperation
    stm32f10x_flash.o(i.FLASH_ErasePage) refers to stm32f10x_flash.o(i.FLASH_WaitForLastOperation) for FLASH_WaitForLastOperation
    stm32f10x_flash.o(i.FLASH_ProgramHalfWord) refers to stm32f10x_flash.o(i.FLASH_WaitForLastOperation) for FLASH_WaitForLastOperation
    stm32f10x_flash.o(i.FLASH_ProgramOptionByteData) refers to stm32f10x_flash.o(i.FLASH_WaitForLastOperation) for FLASH_WaitForLastOperation
    stm32f10x_flash.o(i.FLASH_ProgramWord) refers to stm32f10x_flash.o(i.FLASH_WaitForLastOperation) for FLASH_WaitForLastOperation
    stm32f10x_flash.o(i.FLASH_ReadOutProtection) refers to stm32f10x_flash.o(i.FLASH_WaitForLastOperation) for FLASH_WaitForLastOperation
    stm32f10x_flash.o(i.FLASH_UserOptionByteConfig) refers to stm32f10x_flash.o(i.FLASH_WaitForLastOperation) for FLASH_WaitForLastOperation
    stm32f10x_flash.o(i.FLASH_WaitForLastBank1Operation) refers to stm32f10x_flash.o(i.FLASH_GetBank1Status) for FLASH_GetBank1Status
    stm32f10x_flash.o(i.FLASH_WaitForLastOperation) refers to stm32f10x_flash.o(i.FLASH_GetBank1Status) for FLASH_GetBank1Status
    stm32f10x_gpio.o(i.GPIO_AFIODeInit) refers to stm32f10x_rcc.o(i.RCC_APB2PeriphResetCmd) for RCC_APB2PeriphResetCmd
    stm32f10x_gpio.o(i.GPIO_DeInit) refers to stm32f10x_rcc.o(i.RCC_APB2PeriphResetCmd) for RCC_APB2PeriphResetCmd
    stm32f10x_i2c.o(i.I2C_DeInit) refers to stm32f10x_rcc.o(i.RCC_APB1PeriphResetCmd) for RCC_APB1PeriphResetCmd
    stm32f10x_i2c.o(i.I2C_Init) refers to stm32f10x_rcc.o(i.RCC_GetClocksFreq) for RCC_GetClocksFreq
[...]
    i.json_decref                            0x08003898   Section        0  interactwithtcp.o(i.json_decref)
    json_decref                              0x08003899   Thumb Code    28  interactwithtcp.o(i.json_decref)
    i.json_decref                            0x080038b4   Section        0  load.o(i.json_decref)
    json_decref                              0x080038b5   Thumb Code    24  load.o(i.json_decref)
    i.json_decref                            0x080038cc   Section        0  value.o(i.json_decref)
    json_decref                              0x080038cd   Thumb Code    24  value.o(i.json_decref)
    i.json_decref                            0x080038e4   Section        0  hashtable.o(i.json_decref)
    json_decref                              0x080038e5   Thumb Code    24  hashtable.o(i.json_decref)
    i.json_delete                            0x080038fc   Section        0  value.o(i.json_delete)
    i.json_false                             0x08003950   Section        0  value.o(i.json_false)
    i.json_incref                            0x08003958   Section        0  load.o(i.json_incref)
    json_incref                              0x08003959   Thumb Code    16  load.o(i.json_incref)
    i.json_integer                           0x08003968   Section        0  value.o(i.json_integer)
    i.json_integer_value                     0x08003984   Section        0  value.o(i.json_integer_value)
    i.json_loads                             0x0800399c   Section        0  load.o(i.json_loads)
    i.json_null                              0x08003a10   Section        0  value.o(i.json_null)
    i.json_object                            0x08003a18   Section        0  value.o(i.json_object)
    i.json_object_get                        0x08003a64   Section        0  value.o(i.json_object_get)
    i.json_object_iter                       0x08003a80   Section        0  value.o(i.json_object_iter)
    i.json_object_iter_key                   0x08003a98   Section        0  value.o(i.json_object_iter_key)
    i.json_object_iter_next                  0x08003aa4   Section        0  value.o(i.json_object_iter_next)
    i.json_object_iter_value                 0x08003ac0   Section        0  value.o(i.json_object_iter_value)
    i.json_object_seed                       0x08003acc   Section        0  hashtable_seed.o(i.json_object_seed)
    i.json_object_set_new_nocheck            0x08003af4   Section        0  value.o(i.json_object_set_new_nocheck)
    i.json_real                              0x08003b34   Section        0  value.o(i.json_real)
    i.json_real_value                        0x08003b68   Section        0  value.o(i.json_real_value)
    i.json_string_value                      0x08003b80   Section        0  value.o(i.json_string_value)
    i.json_true                              0x08003b94   Section        0  value.o(i.json_true)
    i.jsonp_error_init                       0x08003b9c   Section        0  error.o(i.jsonp_error_init)
    i.jsonp_error_set                        0x08003bbe   Section        0  error.o(i.jsonp_error_set)
    i.jsonp_error_set_source                 0x08003bd0   Section        0  error.o(i.jsonp_error_set_source)
    i.jsonp_error_vset                       0x08003c0c   Section        0  error.o(i.jsonp_error_vset)
    i.jsonp_free                             0x08003c38   Section        0  memory.o(i.jsonp_free)
    i.jsonp_malloc                           0x08003c48   Section        0  memory.o(i.jsonp_malloc)
    i.jsonp_stringn_nocheck_own              0x08003c58   Section        0  value.o(i.jsonp_stringn_nocheck_own)
    i.jsonp_strndup                          0x08003c62   Section        0  memory.o(i.jsonp_strndup)
    i.jsonp_strtod                           0x08003c88   Section        0  strconv.o(i.jsonp_strtod)
    i.lex_close                              0x08003cec   Section        0  load.o(i.lex_close)
    lex_close                                0x08003ced   Thumb Code    28  load.o(i.lex_close)
    i.lex_free_string                        0x08003d08   Section        0  load.o(i.lex_free_string)
    lex_free_string                          0x08003d09   Thumb Code    18  load.o(i.lex_free_string)
    i.lex_get                                0x08003d1a   Section        0  load.o(i.lex_get)
    lex_get                                  0x08003d1b   Thumb Code     8  load.o(i.lex_get)
    i.lex_get_save                           0x08003d22   Section        0  load.o(i.lex_get_save)
    lex_get_save                             0x08003d23   Thumb Code    30  load.o(i.lex_get_save)
    i.lex_init                               0x08003d40   Section        0  load.o(i.lex_init)
    lex_init                                 0x08003d41   Thumb Code    44  load.o(i.lex_init)
    i.lex_save                               0x08003d70   Section        0  load.o(i.lex_save)
    lex_save                                 0x08003d71   Thumb Code    12  load.o(i.lex_save)
    i.lex_scan                               0x08003d7c   Section        0  load.o(i.lex_scan)
    lex_scan                                 0x08003d7d   Thumb Code   284  load.o(i.lex_scan)
    i.lex_scan_number                        0x08003eb4   Section        0  load.o(i.lex_scan_number)
    lex_scan_number                          0x08003eb5   Thumb Code   328  load.o(i.lex_scan_number)
    i.lex_scan_string                        0x08004040   Section        0  load.o(i.lex_scan_string)
    lex_scan_string                          0x08004041   Thumb Code   464  load.o(i.lex_scan_string)
    i.lex_unget_unsave                       0x080042c8   Section        0  load.o(i.lex_unget_unsave)
    lex_unget_unsave                         0x080042c9   Thumb Code    38  load.o(i.lex_unget_unsave)
    i.list_insert                            0x080042ee   Section        0  hashtable.o(i.list_insert)
    list_insert                              0x080042ef   Thumb Code    14  hashtable.o(i.list_insert)
    i.main                                   0x080042fc   Section        0  main.o(i.main)
    i.malloc                                 0x08004358   Section        0  malloc.o(i.malloc)
    i.parse_array                            0x080043c4   Section        0  load.o(i.parse_array)
    parse_array                              0x080043c5   Thumb Code   130  load.o(i.parse_array)
    i.parse_json                             0x08004458   Section        0  load.o(i.parse_json)
    parse_json                               0x08004459   Thumb Code   104  load.o(i.parse_json)
    i.parse_object                           0x080044ec   Section        0  load.o(i.parse_object)
    parse_object                             0x080044ed   Thumb Code   264  load.o(i.parse_object)
    i.parse_value                            0x0800466c   Section        0  load.o(i.parse_value)
    parse_value                              0x0800466d   Thumb Code   210  load.o(i.parse_value)
    i.seed_from_timestamp_and_pid            0x080047ac   Section        0  jansson_config.o(i.seed_from_timestamp_and_pid)
    i.strbuffer_append_byte                  0x080047b2   Section        0  strbuffer.o(i.strbuffer_append_byte)
    i.strbuffer_append_bytes                 0x080047c0   Section        0  strbuffer.o(i.strbuffer_append_bytes)
    i.strbuffer_clear                        0x08004830   Section        0  strbuffer.o(i.strbuffer_clear)
    i.strbuffer_close                        0x0800483a   Section        0  strbuffer.o(i.strbuffer_close)
    i.strbuffer_init                         0x08004852   Section        0  strbuffer.o(i.strbuffer_init)
    i.strbuffer_pop                          0x08004874   Section        0  strbuffer.o(i.strbuffer_pop)
    i.strbuffer_value                        0x0800488c   Section        0  strbuffer.o(i.strbuffer_value)
    i.stream_get                             0x08004890   Section        0  load.o(i.stream_get)
    stream_get                               0x08004891   Thumb Code   200  load.o(i.stream_get)
    i.stream_unget                           0x08004974   Section        0  load.o(i.stream_unget)
    stream_unget                             0x08004975   Thumb Code    74  load.o(i.stream_unget)
    i.string_create                          0x080049be   Section        0  value.o(i.string_create)
    string_create                            0x080049bf   Thumb Code    62  value.o(i.string_create)
    i.string_get                             0x080049fc   Section        0  load.o(i.string_get)
    string_get                               0x080049fd   Thumb Code    24  load.o(i.string_get)
    i.strtod                                 0x08004a14   Section        0  strtod.o(i.strtod)
    i.utf8_check_first                       0x08004a30   Section        0  utf.o(i.utf8_check_first)
    i.utf8_check_full                        0x08004a6c   Section        0  utf.o(i.utf8_check_full)
    i.utf8_encode                            0x08004af4   Section        0  utf.o(i.utf8_encode)
    .constdata                               0x08004b70   Section     1520  oled.o(.constdata)
    .constdata                               0x08005160   Section       32  _28byj48.o(.constdata)
    .constdata                               0x08005180   Section       12  mktime.o(.constdata)
    monlen                                   0x08005180   Data          12  mktime.o(.constdata)
    .constdata                               0x0800518c   Section       12  localtime_i.o(.constdata)
    monlen                                   0x0800518c   Data          12  localtime_i.o(.constdata)
    .constdata                               0x08005198   Section      129  ctype_o.o(.constdata)
    .constdata                               0x0800521c   Section        4  ctype_o.o(.constdata)
    table                                    0x0800521c   Data           4  ctype_o.o(.constdata)
    .data                                    0x20000000   Section       12  myrtc.o(.data)
    .data                                    0x2000000c   Section        2  led.o(.data)
    .data                                    0x2000000e   Section        5  serial.o(.data)
    Rx_State                                 0x20000012   Data           1  serial.o(.data)
    .data                                    0x20000014   Section       18  dth11.o(.data)
    .data                                    0x20000026   Section        2  motor.o(.data)
    .data                                    0x20000028   Section        6  sgp30.o(.data)
    .data                                    0x20000030   Section        6  phsensor.o(.data)
    .data                                    0x20000038   Section        8  ds18b20.o(.data)
    .data                                    0x20000040   Section        6  bh1750.o(.data)
    .data                                    0x20000048   Section        6  soilhumsensor.o(.data)
    .data                                    0x2000004e   Section        1  pump.o(.data)
    .data                                    0x2000004f   Section        2  valve1.o(.data)
    .data                                    0x20000051   Section        2  heatingcore.o(.data)
    .data                                    0x20000053   Section        2  valve2.o(.data)
    .data                                    0x20000056   Section        7  _28byj48.o(.data)
    i                                        0x2000005c   Data           1  _28byj48.o(.data)
    .data                                    0x20000060   Section       76  interactwithtcp.o(.data)
    .data                                    0x200000ac   Section       24  value.o(.data)
    the_true                                 0x200000ac   Data           8  value.o(.data)
    the_false                                0x200000b4   Data           8  value.o(.data)
    the_null                                 0x200000bc   Data           8  value.o(.data)
    .data                                    0x200000c4   Section        8  memory.o(.data)
    do_malloc                                0x200000c4   Data           4  memory.o(.data)
    do_free                                  0x200000c8   Data           4  memory.o(.data)
    .data                                    0x200000cc   Section        4  hashtable_seed.o(.data)
    .data                                    0x200000d0   Section        4  errno.o(.data)
    _errno                                   0x200000d0   Data           4  errno.o(.data)
    .data                                    0x200000d4   Section        4  mvars.o(.data)
    .data                                    0x200000d8   Section        4  mvars.o(.data)
    .bss                                     0x200000dc   Section     1000  serial.o(.bss)
    .bss                                     0x200004c4   Section       83  dth11.o(.bss)
    .bss                                     0x20000518   Section       44  localtime_w.o(.bss)
    _tms                                     0x20000518   Data          44  localtime_w.o(.bss)
    HEAP                                     0x20000548   Section     3000  startup_stm32f10x_md.o(HEAP)
    STACK                                    0x20001100   Section     1024  startup_stm32f10x_md.o(STACK)

    Global Symbols

    Symbol Name                              Value     Ov Type        Size  Object(Section)

    BuildAttributes$$THM_ISAv4$P$D$K$B$S$PE$A:L22UL41UL21$X:L11$S22US41US21$IEEE1$IW$USESV6$~STKCKD$USESV7$~SHL$OTIME$ROPI$IEEEJ$EBA8$MICROLIB$REQ8$PRES8$EABIv2 0x00000000   Number         0  anon$$obj.o ABSOLUTE
    __ARM_use_no_argv                        0x00000000   Number         0  main.o ABSOLUTE
    _printf_a                                0x00000000   Number         0  stubs.o ABSOLUTE
    _printf_c                                0x00000000   Number         0  stubs.o ABSOLUTE
    _printf_charcount                        0x00000000   Number         0  stubs.o ABSOLUTE
    _printf_d                                0x00000000   Number         0  stubs.o ABSOLUTE
    _printf_e                                0x00000000   Number         0  stubs.o ABSOLUTE
    _printf_f                                0x00000000   Number         0  stubs.o ABSOLUTE
    _printf_flags                            0x00000000   Number         0  stubs.o ABSOLUTE
    _printf_fp_dec                           0x00000000   Number         0  stubs.o ABSOLUTE
    _printf_fp_hex                           0x00000000   Number         0  stubs.o ABSOLUTE
    _printf_g                                0x00000000   Number         0  stubs.o ABSOLUTE
    _printf_i                                0x00000000   Number         0  stubs.o ABSOLUTE
    _printf_int_dec                          0x00000000   Number         0  stubs.o ABSOLUTE
    _printf_l                                0x00000000   Number         0  stubs.o ABSOLUTE
    _printf_lc                               0x00000000   Number         0  stubs.o ABSOLUTE
    _printf_ll                               0x00000000   Number         0  stubs.o ABSOLUTE
    _printf_lld                              0x00000000   Number         0  stubs.o ABSOLUTE
    _printf_lli                              0x00000000   Number         0  stubs.o ABSOLUTE
    _printf_llo                              0x00000000   Number         0  stubs.o ABSOLUTE
    _printf_llu                              0x00000000   Number         0  stubs.o ABSOLUTE
    _printf_llx                              0x00000000   Number         0  stubs.o ABSOLUTE
    _printf_longlong_dec                     0x00000000   Number         0  stubs.o ABSOLUTE
    _printf_longlong_hex                     0x00000000   Number         0  stubs.o ABSOLUTE
    _printf_longlong_oct                     0x00000000   Number         0  stubs.o ABSOLUTE
    _printf_ls                               0x00000000   Number         0  stubs.o ABSOLUTE
    _printf_mbtowc                           0x00000000   Number         0  stubs.o ABSOLUTE
    _printf_n                                0x00000000   Number         0  stubs.o ABSOLUTE
    _printf_o                                0x00000000   Number         0  stubs.o ABSOLUTE
    _printf_p                                0x00000000   Number         0  stubs.o ABSOLUTE
    _printf_percent                          0x00000000   Number         0  stubs.o ABSOLUTE
    _printf_pre_padding                      0x00000000   Number         0  stubs.o ABSOLUTE
    _printf_return_value                     0x00000000   Number         0  stubs.o ABSOLUTE
    _printf_s                                0x00000000   Number         0  stubs.o ABSOLUTE
    _printf_sizespec                         0x00000000   Number         0  stubs.o ABSOLUTE
    _printf_str                              0x00000000   Number         0  stubs.o ABSOLUTE
    _printf_truncate_signed                  0x00000000   Number         0  stubs.o ABSOLUTE
    _printf_truncate_unsigned                0x00000000   Number         0  stubs.o ABSOLUTE
    _printf_u                                0x00000000   Number         0  stubs.o ABSOLUTE
    _printf_wc                               0x00000000   Number         0  stubs.o ABSOLUTE
    _printf_wctomb                           0x00000000   Number         0  stubs.o ABSOLUTE
    _printf_widthprec                        0x00000000   Number         0  stubs.o ABSOLUTE
    _printf_x                                0x00000000   Number         0  stubs.o ABSOLUTE
    __cpp_initialize__aeabi_                  - Undefined Weak Reference
    __cxa_finalize                            - Undefined Weak Reference
    __decompress                              - Undefined Weak Reference
    _clock_init                               - Undefined Weak Reference
    _microlib_exit                            - Undefined Weak Reference
    __Vectors_Size                           0x000000ec   Number         0  startup_stm32f10x_md.o ABSOLUTE
    __Vectors                                0x08000000   Data           4  startup_stm32f10x_md.o(RESET)
    __Vectors_End                            0x080000ec   Data           0  startup_stm32f10x_md.o(RESET)
    __main                                   0x080000ed   Thumb Code     0  entry.o(.ARM.Collect$$$$00000000)
    _main_stk                                0x080000ed   Thumb Code     0  entry2.o(.ARM.Collect$$$$00000001)
    _main_scatterload                        0x080000f1   Thumb Code     0  entry5.o(.ARM.Collect$$$$00000004)
    __main_after_scatterload                 0x080000f5   Thumb Code     0  entry5.o(.ARM.Collect$$$$00000004)
    _main_clock                              0x080000f5   Thumb Code     0  entry7b.o(.ARM.Collect$$$$00000008)
    _main_cpp_init                           0x080000f5   Thumb Code     0  entry8b.o(.ARM.Collect$$$$0000000A)
    _main_init                               0x080000f5   Thumb Code     0  entry9a.o(.ARM.Collect$$$$0000000B)
    __rt_final_cpp                           0x080000fd   Thumb Code     0  entry10a.o(.ARM.Collect$$$$0000000D)
    __rt_final_exit                          0x080000fd   Thumb Code     0  entry11a.o(.ARM.Collect$$$$0000000F)
    Reset_Handler                            0x08000101   Thumb Code     8  startup_stm32f10x_md.o(.text)
    ADC1_2_IRQHandler                        0x0800011b   Thumb Code     0  startup_stm32f10x_md.o(.text)
    CAN1_RX1_IRQHandler                      0x0800011b   Thumb Code     0  startup_stm32f10x_md.o(.text)
    CAN1_SCE_IRQHandler                      0x0800011b   Thumb Code     0  startup_stm32f10x_md.o(.text)
    DMA1_Channel1_IRQHandler                 0x0800011b   Thumb Code     0  startup_stm32f10x_md.o(.text)
    DMA1_Channel2_IRQHandler                 0x0800011b   Thumb Code     0  startup_stm32f10x_md.o(.text)
    DMA1_Channel3_IRQHandler                 0x0800011b   Thumb Code     0  startup_stm32f10x_md.o(.text)
    DMA1_Channel4_IRQHandler                 0x0800011b   Thumb Code     0  startup_stm32f10x_md.o(.text)
    DMA1_Channel5_IRQHandler                 0x0800011b   Thumb Code     0  startup_stm32f10x_md.o(.text)
    DMA1_Channel6_IRQHandler                 0x0800011b   Thumb Code     0  startup_stm32f10x_md.o(.text)
    DMA1_Channel7_IRQHandler                 0x0800011b   Thumb Code     0  startup_stm32f10x_md.o(.text)
    EXTI0_IRQHandler                         0x0800011b   Thumb Code     0  startup_stm32f10x_md.o(.text)
    EXTI15_10_IRQHandler                     0x0800011b   Thumb Code     0  startup_stm32f10x_md.o(.text)
    EXTI1_IRQHandler                         0x0800011b   Thumb Code     0  startup_stm32f10x_md.o(.text)
    EXTI2_IRQHandler                         0x0800011b   Thumb Code     0  startup_stm32f10x_md.o(.text)
    EXTI3_IRQHandler                         0x0800011b   Thumb Code     0  startup_stm32f10x_md.o(.text)
    EXTI4_IRQHandler                         0x0800011b   Thumb Code     0  startup_stm32f10x_md.o(.text)
    EXTI9_5_IRQHandler                       0x0800011b   Thumb Code     0  startup_stm32f10x_md.o(.text)
    FLASH_IRQHandler                         0x0800011b   Thumb Code     0  startup_stm32f10x_md.o(.text)
    I2C1_ER_IRQHandler                       0x0800011b   Thumb Code     0  startup_stm32f10x_md.o(.text)
    I2C1_EV_IRQHandler                       0x0800011b   Thumb Code     0  startup_stm32f10x_md.o(.text)
    I2C2_ER_IRQHandler                       0x0800011b   Thumb Code     0  startup_stm32f10x_md.o(.text)
    I2C2_EV_IRQHandler                       0x0800011b   Thumb Code     0  startup_stm32f10x_md.o(.text)
    PVD_IRQHandler                           0x0800011b   Thumb Code     0  startup_stm32f10x_md.o(.text)
    RCC_IRQHandler                           0x0800011b   Thumb Code     0  startup_stm32f10x_md.o(.text)
    RTCAlarm_IRQHandler                      0x0800011b   Thumb Code     0  startup_stm32f10x_md.o(.text)
    RTC_IRQHandler                           0x0800011b   Thumb Code     0  startup_stm32f10x_md.o(.text)
    SPI1_IRQHandler                          0x0800011b   Thumb Code     0  startup_stm32f10x_md.o(.text)
    SPI2_IRQHandler                          0x0800011b   Thumb Code     0  startup_stm32f10x_md.o(.text)
    TAMPER_IRQHandler                        0x0800011b   Thumb Code     0  startup_stm32f10x_md.o(.text)
    TIM1_BRK_IRQHandler                      0x0800011b   Thumb Code     0  startup_stm32f10x_md.o(.text)
    TIM1_CC_IRQHandler                       0x0800011b   Thumb Code     0  startup_stm32f10x_md.o(.text)
    TIM1_TRG_COM_IRQHandler                  0x0800011b   Thumb Code     0  startup_stm32f10x_md.o(.text)
    TIM2_IRQHandler                          0x0800011b   Thumb Code     0  startup_stm32f10x_md.o(.text)
    TIM4_IRQHandler                          0x0800011b   Thumb Code     0  startup_stm32f10x_md.o(.text)
    USART2_IRQHandler                        0x0800011b   Thumb Code     0  startup_stm32f10x_md.o(.text)
    USART3_IRQHandler                        0x0800011b   Thumb Code     0  startup_stm32f10x_md.o(.text)
    USBWakeUp_IRQHandler                     0x0800011b   Thumb Code     0  startup_stm32f10x_md.o(.text)
    USB_HP_CAN1_TX_IRQHandler                0x0800011b   Thumb Code     0  startup_stm32f10x_md.o(.text)
    USB_LP_CAN1_RX0_IRQHandler               0x0800011b   Thumb Code     0  startup_stm32f10x_md.o(.text)
    WWDG_IRQHandler                          0x0800011b   Thumb Code     0  startup_stm32f10x_md.o(.text)
    __aeabi_uidiv                            0x08000125   Thumb Code     0  uidiv.o(.text)
    __aeabi_uidivmod                         0x08000125   Thumb Code    44  uidiv.o(.text)
    mktime                                   0x08000151   Thumb Code   150  mktime.o(.text)
    ___aeabi_memcpy8$move                    0x080001f9   Thumb Code     0  memmovea.o(.text)
    __aeabi_memcpy                           0x080001f9   Thumb Code    64  memmovea.o(.text)
    __aeabi_memcpy4                          0x080001f9   Thumb Code     0  memmovea.o(.text)
    __aeabi_memmove                          0x080001f9   Thumb Code     0  memmovea.o(.text)
    __aeabi_memmove4                         0x080001f9   Thumb Code     0  memmovea.o(.text)
    __aeabi_memmove8                         0x080001f9   Thumb Code     0  memmovea.o(.text)
    __aeabi_memset                           0x08000239   Thumb Code    14  memseta.o(.text)
    __aeabi_memset4                          0x08000239   Thumb Code     0  memseta.o(.text)
    __aeabi_memset8                          0x08000239   Thumb Code     0  memseta.o(.text)
    __aeabi_memclr                           0x08000247   Thumb Code     4  memseta.o(.text)
    __aeabi_memclr4                          0x08000247   Thumb Code     0  memseta.o(.text)
    __aeabi_memclr8                          0x08000247   Thumb Code     0  memseta.o(.text)
    _memset$wrapper                          0x0800024b   Thumb Code    18  memseta.o(.text)
    strcat                                   0x0800025d   Thumb Code    24  strcat.o(.text)
    strstr                                   0x08000275   Thumb Code    36  strstr.o(.text)
    strlen                                   0x08000299   Thumb Code    14  strlen.o(.text)
    strcmp                                   0x080002a7   Thumb Code    28  strcmp.o(.text)
    memchr                                   0x080002c3   Thumb Code    20  memchr.o(.text)
    strcpy                                   0x080002d7   Thumb Code    18  strcpy.o(.text)
    strtoll                                  0x080002e9   Thumb Code     4  strtoll.o(.text)
    __aeabi_dadd                             0x080002ed   Thumb Code   322  dadd.o(.text)
    __aeabi_dsub                             0x0800042f   Thumb Code     6  dadd.o(.text)
    __aeabi_drsub                            0x08000435   Thumb Code     6  dadd.o(.text)
    __aeabi_dmul                             0x0800043b   Thumb Code   228  dmul.o(.text)
    __aeabi_ddiv                             0x0800051f   Thumb Code   222  ddiv.o(.text)
    __aeabi_d2uiz                            0x080005fd   Thumb Code    50  dfixui.o(.text)
    __aeabi_cdcmpeq                          0x08000631   Thumb Code     0  cdcmple.o(.text)
    __aeabi_cdcmple                          0x08000631   Thumb Code    48  cdcmple.o(.text)
    __aeabi_cdrcmple                         0x08000661   Thumb Code    48  cdrcmple.o(.text)
    __aeabi_d2f                              0x08000691   Thumb Code    56  d2f.o(.text)
    __aeabi_cfcmpeq                          0x080006c9   Thumb Code     0  cfcmple.o(.text)
    __aeabi_cfcmple                          0x080006c9   Thumb Code    20  cfcmple.o(.text)
    __aeabi_cfrcmple                         0x080006dd   Thumb Code    20  cfrcmple.o(.text)
    __aeabi_uldivmod                         0x080006f1   Thumb Code    98  uldiv.o(.text)
    __aeabi_llsl                             0x08000753   Thumb Code    30  llshl.o(.text)
    _ll_shift_l                              0x08000753   Thumb Code     0  llshl.o(.text)
    __aeabi_llsr                             0x08000771   Thumb Code    32  llushr.o(.text)
    _ll_ushift_r                             0x08000771   Thumb Code     0  llushr.o(.text)
    __aeabi_lasr                             0x08000791   Thumb Code    36  llsshr.o(.text)
    _ll_sshift_r                             0x08000791   Thumb Code     0  llsshr.o(.text)
    localtime                                0x080007b5   Thumb Code     6  localtime_w.o(.text)
    _localtime                               0x080007c1   Thumb Code   134  localtime_i.o(.text)
    __strtod_int                             0x08000883   Thumb Code    90  strtod.o(.text)
    __strtoll                                0x080008e9   Thumb Code   144  __strtoll.o(.text)
    __I$use$fp                               0x08000979   Thumb Code     0  iusefp.o(.text)
    _float_round                             0x08000979   Thumb Code    18  fepilogue.o(.text)
    _float_epilogue                          0x0800098b   Thumb Code    92  fepilogue.o(.text)
    _double_round                            0x080009e7   Thumb Code    30  depilogue.o(.text)
    _double_epilogue                         0x08000a05   Thumb Code   156  depilogue.o(.text)
    __aeabi_d2ulz                            0x08000aa1   Thumb Code    48  dfixul.o(.text)
    __scatterload                            0x08000ad1   Thumb Code    28  init.o(.text)
    __scatterload_rt2                        0x08000ad1   Thumb Code     0  init.o(.text)
    __rt_ctype_table                         0x08000af5   Thumb Code     4  ctype_o.o(.text)
    isspace                                  0x08000afd   Thumb Code    18  isspace_o.o(.text)
    _scanf_real                              0x08000c39   Thumb Code     0  scanf_fp.o(.text)
    _scanf_really_real                       0x08000c39   Thumb Code   556  scanf_fp.o(.text)
    _sgetc                                   0x08000e71   Thumb Code    30  _sgetc.o(.text)
    _sbackspace                              0x08000e8f   Thumb Code    34  _sgetc.o(.text)
    _strtoull                                0x08000eb1   Thumb Code   194  _strtoull.o(.text)
    _chval                                   0x08000f73   Thumb Code    28  _chval.o(.text)
    __aeabi_ul2d                             0x08000f8f   Thumb Code    24  dfltul.o(.text)
    BKP_ReadBackupRegister                   0x08000fa9   Thumb Code    24  stm32f10x_bkp.o(i.BKP_ReadBackupRegister)
    BKP_WriteBackupRegister                  0x08000fc5   Thumb Code    22  stm32f10x_bkp.o(i.BKP_WriteBackupRegister)
    BusFault_Handler                         0x08000fe1   Thumb Code     4  stm32f10x_it.o(i.BusFault_Handler)
    ControlDevice                            0x08000fe5   Thumb Code  2408  interactwithtcp.o(i.ControlDevice)
    DebugMon_Handler                         0x08001a1d   Thumb Code     2  stm32f10x_it.o(i.DebugMon_Handler)
    Delay_ms                                 0x08001a1f   Thumb Code    24  delay.o(i.Delay_ms)
    Delay_s                                  0x08001a37   Thumb Code    24  delay.o(i.Delay_s)
    Delay_us                                 0x08001a4f   Thumb Code    46  delay.o(i.Delay_us)
    GPIO_Init                                0x08001a7d   Thumb Code   278  stm32f10x_gpio.o(i.GPIO_Init)
    GPIO_ResetBits                           0x08001b93   Thumb Code     4  stm32f10x_gpio.o(i.GPIO_ResetBits)
    GPIO_SetBits                             0x08001b97   Thumb Code     4  stm32f10x_gpio.o(i.GPIO_SetBits)
    GPIO_Write                               0x08001b9b   Thumb Code     4  stm32f10x_gpio.o(i.GPIO_Write)
    GPIO_WriteBit                            0x08001b9f   Thumb Code    10  stm32f10x_gpio.o(i.GPIO_WriteBit)
    HardFault_Handler                        0x08001ba9   Thumb Code     4  stm32f10x_it.o(i.HardFault_Handler)
    HeatingCore_Control                      0x08001bad   Thumb Code    42  heatingcore.o(i.HeatingCore_Control)
    LED_Control                              0x08001be1   Thumb Code    74  led.o(i.LED_Control)
    LED_SetStrength                          0x08001c31   Thumb Code    30  led.o(i.LED_SetStrength)
    MemManage_Handler                        0x08001c59   Thumb Code     4  stm32f10x_it.o(i.MemManage_Handler)
    Motor_Control                            0x08001c5d   Thumb Code   134  motor.o(i.Motor_Control)
    Motor_SetSpeed                           0x08001ce9   Thumb Code    54  motor.o(i.Motor_SetSpeed)
    MyRTC_Init                               0x08001d29   Thumb Code   112  myrtc.o(i.MyRTC_Init)
    MyRTC_ReadTime                           0x08001d99   Thumb Code    68  myrtc.o(i.MyRTC_ReadTime)
    MyRTC_SetTime                            0x08001de1   Thumb Code    70  myrtc.o(i.MyRTC_SetTime)
    NMI_Handler                              0x08001e2d   Thumb Code     2  stm32f10x_it.o(i.NMI_Handler)
    OLED_Clear                               0x08001e2f   Thumb Code    42  oled.o(i.OLED_Clear)
    OLED_I2C_Init                            0x08001e59   Thumb Code    76  oled.o(i.OLED_I2C_Init)
    OLED_I2C_SendByte                        0x08001ea9   Thumb Code    80  oled.o(i.OLED_I2C_SendByte)
    OLED_I2C_Start                           0x08001efd   Thumb Code    48  oled.o(i.OLED_I2C_Start)
    OLED_I2C_Stop                            0x08001f31   Thumb Code    36  oled.o(i.OLED_I2C_Stop)
    OLED_Init                                0x08001f59   Thumb Code   174  oled.o(i.OLED_Init)
    OLED_Pow                                 0x08002007   Thumb Code    20  oled.o(i.OLED_Pow)
    OLED_SetCursor                           0x0800201b   Thumb Code    34  oled.o(i.OLED_SetCursor)
    OLED_ShowChar                            0x0800203d   Thumb Code   110  oled.o(i.OLED_ShowChar)
    OLED_ShowNum                             0x080020b1   Thumb Code    68  oled.o(i.OLED_ShowNum)
    OLED_ShowString                          0x080020f5   Thumb Code    40  oled.o(i.OLED_ShowString)
    OLED_WriteCommand                        0x0800211d   Thumb Code    32  oled.o(i.OLED_WriteCommand)
    OLED_WriteData                           0x0800213d   Thumb Code    32  oled.o(i.OLED_WriteData)
    PWM_SetCompare3                          0x0800215d   Thumb Code    16  pwm.o(i.PWM_SetCompare3)
    PWM_SetCompare4                          0x0800216d   Thumb Code    16  pwm.o(i.PWM_SetCompare4)
    PWR_BackupAccessCmd                      0x0800217d   Thumb Code     6  stm32f10x_pwr.o(i.PWR_BackupAccessCmd)
    PendSV_Handler                           0x08002189   Thumb Code     2  stm32f10x_it.o(i.PendSV_Handler)
    Pump_Control                             0x0800218d   Thumb Code    42  pump.o(i.Pump_Control)
    RCC_APB1PeriphClockCmd                   0x080021c1   Thumb Code    26  stm32f10x_rcc.o(i.RCC_APB1PeriphClockCmd)
    RCC_APB2PeriphClockCmd                   0x080021e1   Thumb Code    26  stm32f10x_rcc.o(i.RCC_APB2PeriphClockCmd)
    RCC_GetFlagStatus                        0x08002201   Thumb Code    56  stm32f10x_rcc.o(i.RCC_GetFlagStatus)
    RCC_LSEConfig                            0x0800223d   Thumb Code    46  stm32f10x_rcc.o(i.RCC_LSEConfig)
    RCC_RTCCLKCmd                            0x08002271   Thumb Code     6  stm32f10x_rcc.o(i.RCC_RTCCLKCmd)
    RCC_RTCCLKConfig                         0x0800227d   Thumb Code    12  stm32f10x_rcc.o(i.RCC_RTCCLKConfig)
    RTC_EnterConfigMode                      0x0800228d   Thumb Code    14  stm32f10x_rtc.o(i.RTC_EnterConfigMode)
    RTC_ExitConfigMode                       0x080022a1   Thumb Code    16  stm32f10x_rtc.o(i.RTC_ExitConfigMode)
    RTC_GetCounter                           0x080022b5   Thumb Code    16  stm32f10x_rtc.o(i.RTC_GetCounter)
    RTC_SetCounter                           0x080022c9   Thumb Code    24  stm32f10x_rtc.o(i.RTC_SetCounter)
    RTC_SetPrescaler                         0x080022e5   Thumb Code    26  stm32f10x_rtc.o(i.RTC_SetPrescaler)
    RTC_WaitForLastTask                      0x08002305   Thumb Code    16  stm32f10x_rtc.o(i.RTC_WaitForLastTask)
    RTC_WaitForSynchro                       0x08002319   Thumb Code    30  stm32f10x_rtc.o(i.RTC_WaitForSynchro)
    SVC_Handler                              0x0800233d   Thumb Code     2  stm32f10x_it.o(i.SVC_Handler)
    Serial_GetRxFlag                         0x08002341   Thumb Code    22  serial.o(i.Serial_GetRxFlag)
    Serial_OledShowString                    0x0800235d   Thumb Code    66  serial.o(i.Serial_OledShowString)
    Serial_RxFromEspBuf_Clear                0x080023a1   Thumb Code    20  serial.o(i.Serial_RxFromEspBuf_Clear)
    SteeperMotor_Control                     0x080024a5   Thumb Code    48  _28byj48.o(i.SteeperMotor_Control)
    SysTick_Handler                          0x080024d9   Thumb Code     2  stm32f10x_it.o(i.SysTick_Handler)
    SystemInit                               0x080024dd   Thumb Code    78  system_stm32f10x.o(i.SystemInit)
    TIM1_UP_IRQHandler                       0x0800253d   Thumb Code   178  _28byj48.o(i.TIM1_UP_IRQHandler)
    TIM3_IRQHandler                          0x08002611   Thumb Code    50  dth11.o(i.TIM3_IRQHandler)
    TIM_ClearITPendingBit                    0x08002651   Thumb Code     6  stm32f10x_tim.o(i.TIM_ClearITPendingBit)
    TIM_Cmd                                  0x08002657   Thumb Code    24  stm32f10x_tim.o(i.TIM_Cmd)
    TIM_GetCapture1                          0x0800266f   Thumb Code     6  stm32f10x_tim.o(i.TIM_GetCapture1)
    TIM_GetITStatus                          0x08002675   Thumb Code    34  stm32f10x_tim.o(i.TIM_GetITStatus)
    TIM_SetAutoreload                        0x08002697   Thumb Code     4  stm32f10x_tim.o(i.TIM_SetAutoreload)
    TIM_SetCompare3                          0x0800269b   Thumb Code     4  stm32f10x_tim.o(i.TIM_SetCompare3)
    TIM_SetCompare4                          0x0800269f   Thumb Code     6  stm32f10x_tim.o(i.TIM_SetCompare4)
    USART1_IRQHandler                        0x080026a5   Thumb Code   198  serial.o(i.USART1_IRQHandler)
    USART_ClearITPendingBit                  0x08002785   Thumb Code    30  stm32f10x_usart.o(i.USART_ClearITPendingBit)
    USART_GetITStatus                        0x080027a3   Thumb Code    84  stm32f10x_usart.o(i.USART_GetITStatus)
    USART_ReceiveData                        0x080027f7   Thumb Code    10  stm32f10x_usart.o(i.USART_ReceiveData)
    UsageFault_Handler                       0x08002801   Thumb Code     4  stm32f10x_it.o(i.UsageFault_Handler)
    Valve1_Control                           0x08002805   Thumb Code    42  valve1.o(i.Valve1_Control)
    Valve2_Control                           0x08002839   Thumb Code    42  valve2.o(i.Valve2_Control)
    _28BYJ48Stop                             0x0800286d   Thumb Code    26  _28byj48.o(i._28BYJ48Stop)
    _28BYJ48_Forward_Ration                  0x08002895   Thumb Code    30  _28byj48.o(i._28BYJ48_Forward_Ration)
    _28BYJ48_Reverse_Rotation                0x080028c5   Thumb Code    30  _28byj48.o(i._28BYJ48_Reverse_Rotation)
    __0snprintf                              0x080028f5   Thumb Code    44  printfa.o(i.__0snprintf)
    __1snprintf                              0x080028f5   Thumb Code     0  printfa.o(i.__0snprintf)
    __2snprintf                              0x080028f5   Thumb Code     0  printfa.o(i.__0snprintf)
    __c89snprintf                            0x080028f5   Thumb Code     0  printfa.o(i.__0snprintf)
    snprintf                                 0x080028f5   Thumb Code     0  printfa.o(i.__0snprintf)
    __0vsnprintf                             0x08002925   Thumb Code    40  printfa.o(i.__0vsnprintf)
    __1vsnprintf                             0x08002925   Thumb Code     0  printfa.o(i.__0vsnprintf)
    __2vsnprintf                             0x08002925   Thumb Code     0  printfa.o(i.__0vsnprintf)
    __c89vsnprintf                           0x08002925   Thumb Code     0  printfa.o(i.__0vsnprintf)
    vsnprintf                                0x08002925   Thumb Code     0  printfa.o(i.__0vsnprintf)
    __ARM_common_switch8                     0x08002951   Thumb Code    26  dump.o(i.__ARM_common_switch8)
    __ARM_isinf                              0x0800296b   Thumb Code    22  value.o(i.__ARM_isinf)
    __ARM_isnan                              0x08002981   Thumb Code    20  value.o(i.__ARM_isnan)
    __aeabi_errno_addr                       0x08002999   Thumb Code     4  errno.o(i.__aeabi_errno_addr)
    __rt_errno_addr                          0x08002999   Thumb Code     0  errno.o(i.__aeabi_errno_addr)
    __scatterload_copy                       0x080029a1   Thumb Code    14  handlers.o(i.__scatterload_copy)
    __scatterload_null                       0x080029af   Thumb Code     2  handlers.o(i.__scatterload_null)
    __scatterload_zeroinit                   0x080029b1   Thumb Code    14  handlers.o(i.__scatterload_zeroinit)
    _is_digit                                0x08002b45   Thumb Code    14  scanf_fp.o(i._is_digit)
    free                                     0x080033d5   Thumb Code    76  malloc.o(i.free)
    hashtable_close                          0x08003569   Thumb Code    16  hashtable.o(i.hashtable_close)
    hashtable_get                            0x0800364d   Thumb Code    58  hashtable.o(i.hashtable_get)
    hashtable_init                           0x0800368d   Thumb Code    72  hashtable.o(i.hashtable_init)
    hashtable_iter                           0x080036d5   Thumb Code    12  hashtable.o(i.hashtable_iter)
    hashtable_iter_key                       0x080036e1   Thumb Code     4  hashtable.o(i.hashtable_iter_key)
    hashtable_iter_next                      0x080036e5   Thumb Code    14  hashtable.o(i.hashtable_iter_next)
    hashtable_iter_value                     0x080036f3   Thumb Code     4  hashtable.o(i.hashtable_iter_value)
    hashtable_set                            0x080036f9   Thumb Code   168  hashtable.o(i.hashtable_set)
    json_array                               0x080037cf   Thumb Code    54  value.o(i.json_array)
    json_array_append_new                    0x08003805   Thumb Code    68  value.o(i.json_array_append_new)
    json_delete                              0x080038fd   Thumb Code    84  value.o(i.json_delete)
    json_false                               0x08003951   Thumb Code     4  value.o(i.json_false)
    json_integer                             0x08003969   Thumb Code    28  value.o(i.json_integer)
    json_integer_value                       0x08003985   Thumb Code    24  value.o(i.json_integer_value)
    json_loads                               0x0800399d   Thumb Code    82  load.o(i.json_loads)
    json_null                                0x08003a11   Thumb Code     4  value.o(i.json_null)
    json_object                              0x08003a19   Thumb Code    70  value.o(i.json_object)
    json_object_get                          0x08003a65   Thumb Code    28  value.o(i.json_object_get)
    json_object_iter                         0x08003a81   Thumb Code    24  value.o(i.json_object_iter)
    json_object_iter_key                     0x08003a99   Thumb Code    12  value.o(i.json_object_iter_key)
    json_object_iter_next                    0x08003aa5   Thumb Code    28  value.o(i.json_object_iter_next)
    json_object_iter_value                   0x08003ac1   Thumb Code    12  value.o(i.json_object_iter_value)
    json_object_seed                         0x08003acd   Thumb Code    34  hashtable_seed.o(i.json_object_seed)
    json_object_set_new_nocheck              0x08003af5   Thumb Code    58  value.o(i.json_object_set_new_nocheck)
    json_real                                0x08003b35   Thumb Code    52  value.o(i.json_real)
    json_real_value                          0x08003b69   Thumb Code    24  value.o(i.json_real_value)
    json_string_value                        0x08003b81   Thumb Code    18  value.o(i.json_string_value)
    json_true                                0x08003b95   Thumb Code     4  value.o(i.json_true)
    jsonp_error_init                         0x08003b9d   Thumb Code    34  error.o(i.jsonp_error_init)
    jsonp_error_set                          0x08003bbf   Thumb Code    16  error.o(i.jsonp_error_set)
    jsonp_error_set_source                   0x08003bd1   Thumb Code    56  error.o(i.jsonp_error_set_source)
    jsonp_error_vset                         0x08003c0d   Thumb Code    44  error.o(i.jsonp_error_vset)
    jsonp_free                               0x08003c39   Thumb Code    12  memory.o(i.jsonp_free)
    jsonp_malloc                             0x08003c49   Thumb Code    12  memory.o(i.jsonp_malloc)
    jsonp_stringn_nocheck_own                0x08003c59   Thumb Code    10  value.o(i.jsonp_stringn_nocheck_own)
    jsonp_strndup                            0x08003c63   Thumb Code    36  memory.o(i.jsonp_strndup)
    jsonp_strtod                             0x08003c89   Thumb Code    90  strconv.o(i.jsonp_strtod)
    main                                     0x080042fd   Thumb Code    84  main.o(i.main)
    malloc                                   0x08004359   Thumb Code    92  malloc.o(i.malloc)
    seed_from_timestamp_and_pid              0x080047ad   Thumb Code     6  jansson_config.o(i.seed_from_timestamp_and_pid)
    strbuffer_append_byte                    0x080047b3   Thumb Code    12  strbuffer.o(i.strbuffer_append_byte)
    strbuffer_append_bytes                   0x080047c1   Thumb Code   108  strbuffer.o(i.strbuffer_append_bytes)
    strbuffer_clear                          0x08004831   Thumb Code    10  strbuffer.o(i.strbuffer_clear)
    strbuffer_close                          0x0800483b   Thumb Code    24  strbuffer.o(i.strbuffer_close)
    strbuffer_init                           0x08004853   Thumb Code    34  strbuffer.o(i.strbuffer_init)
    strbuffer_pop                            0x08004875   Thumb Code    24  strbuffer.o(i.strbuffer_pop)
    strbuffer_value                          0x0800488d   Thumb Code     4  strbuffer.o(i.strbuffer_value)
    strtod                                   0x08004a15   Thumb Code    28  strtod.o(i.strtod)
    utf8_check_first                         0x08004a31   Thumb Code    60  utf.o(i.utf8_check_first)
    utf8_check_full                          0x08004a6d   Thumb Code   126  utf.o(i.utf8_check_full)
    utf8_encode                              0x08004af5   Thumb Code   120  utf.o(i.utf8_encode)
    OLED_F8x16                               0x08004b70   Data        1520  oled.o(.constdata)
    CW                                       0x08005160   Data          16  _28byj48.o(.constdata)
    CCW                                      0x08005170   Data          16  _28byj48.o(.constdata)
    __ctype_table                            0x08005198   Data         129  ctype_o.o(.constdata)
    Region$$Table$$Base                      0x08005220   Number         0  anon$$obj.o(Region$$Table)
    Region$$Table$$Limit                     0x08005240   Number         0  anon$$obj.o(Region$$Table)
    MyRTC_Time                               0x20000000   Data          12  myrtc.o(.data)
    light_status                             0x2000000c   Data           1  led.o(.data)
    light_workmode                           0x2000000d   Data           1  led.o(.data)
    Serial_RxFlag                            0x2000000e   Data           1  serial.o(.data)
    pRx_State                                0x20000010   Data           2  serial.o(.data)
    tumid_int                                0x20000014   Data           1  dth11.o(.data)
    tumid_frac                               0x20000015   Data           1  dth11.o(.data)
    temp_int                                 0x20000016   Data           1  dth11.o(.data)
    temp_frac                                0x20000017   Data           1  dth11.o(.data)
    check_sum                                0x20000018   Data           1  dth11.o(.data)
    i                                        0x20000019   Data           1  dth11.o(.data)
    air_temperature                          0x2000001c   Data           4  dth11.o(.data)
    air_humidity                             0x20000020   Data           4  dth11.o(.data)
    DTH11_ErrorCount                         0x20000024   Data           1  dth11.o(.data)
    DTH11_WorkStatus                         0x20000025   Data           1  dth11.o(.data)
    fan_status                               0x20000026   Data           1  motor.o(.data)
    fan_workmode                             0x20000027   Data           1  motor.o(.data)
    CO2Data                                  0x20000028   Data           2  sgp30.o(.data)
    TVOCData                                 0x2000002a   Data           2  sgp30.o(.data)
    SGP30_ErrorCount                         0x2000002c   Data           1  sgp30.o(.data)
    SGP30_WorkStatus                         0x2000002d   Data           1  sgp30.o(.data)
    ph_value                                 0x20000030   Data           4  phsensor.o(.data)
    PhSensor_ErrorCount                      0x20000034   Data           1  phsensor.o(.data)
    PhSensor_WorkStatus                      0x20000035   Data           1  phsensor.o(.data)
    DS18B20_ErrorCount                       0x20000038   Data           1  ds18b20.o(.data)
    DS18B20_WorkStatus                       0x20000039   Data           1  ds18b20.o(.data)
    soil_temperature                         0x2000003c   Data           4  ds18b20.o(.data)
    light                                    0x20000040   Data           4  bh1750.o(.data)
    BH1750_ErrorCount                        0x20000044   Data           1  bh1750.o(.data)
    BH1750_WorkStatus                        0x20000045   Data           1  bh1750.o(.data)
    soil_moisture                            0x20000048   Data           4  soilhumsensor.o(.data)
    soilHumSensor_ErrorCount                 0x2000004c   Data           1  soilhumsensor.o(.data)
    soilHumSensor_WorkStatus                 0x2000004d   Data           1  soilhumsensor.o(.data)
    pump_status                              0x2000004e   Data           1  pump.o(.data)
    valve1_status                            0x2000004f   Data           1  valve1.o(.data)
    valve1_workmode                          0x20000050   Data           1  valve1.o(.data)
    hc_status                                0x20000051   Data           1  heatingcore.o(.data)
    hc_workmode                              0x20000052   Data           1  heatingcore.o(.data)
    valve2_status                            0x20000053   Data           1  valve2.o(.data)
    valve2_workmode                          0x20000054   Data           1  valve2.o(.data)
    Mode                                     0x20000056   Data           1  _28byj48.o(.data)
    Count                                    0x20000058   Data           2  _28byj48.o(.data)
    arr                                      0x2000005a   Data           1  _28byj48.o(.data)
    curtain_status                           0x2000005b   Data           1  _28byj48.o(.data)
    mode                                     0x20000060   Data           1  interactwithtcp.o(.data)
    airT_Max                                 0x20000064   Data           4  interactwithtcp.o(.data)
    airT_Min                                 0x20000068   Data           4  interactwithtcp.o(.data)
    airH_Max                                 0x2000006c   Data           4  interactwithtcp.o(.data)
    airH_Min                                 0x20000070   Data           4  interactwithtcp.o(.data)
    ph_Max                                   0x20000074   Data           4  interactwithtcp.o(.data)
    ph_Min                                   0x20000078   Data           4  interactwithtcp.o(.data)
    soilT_Max                                0x2000007c   Data           4  interactwithtcp.o(.data)
    soilT_Min                                0x20000080   Data           4  interactwithtcp.o(.data)
    soilH_Max                                0x20000084   Data           4  interactwithtcp.o(.data)
    soilH_Min                                0x20000088   Data           4  interactwithtcp.o(.data)
    co2_Max                                  0x2000008c   Data           2  interactwithtcp.o(.data)
    co2_Min                                  0x2000008e   Data           2  interactwithtcp.o(.data)
    light_Max                                0x20000090   Data           2  interactwithtcp.o(.data)
    light_Min                                0x20000092   Data           2  interactwithtcp.o(.data)
    Led_Mode                                 0x20000094   Data           1  interactwithtcp.o(.data)
    Fan_Mode                                 0x20000095   Data           1  interactwithtcp.o(.data)
    Valve1_Mode                              0x20000096   Data           1  interactwithtcp.o(.data)
    Valve2_Mode                              0x20000097   Data           1  interactwithtcp.o(.data)
    Pump_Mode                                0x20000098   Data           1  interactwithtcp.o(.data)
    HeatingCore_Mode                         0x20000099   Data           1  interactwithtcp.o(.data)
    Curtain_Mode                             0x2000009a   Data           1  interactwithtcp.o(.data)
    Led_WorkingTime                          0x2000009c   Data           4  interactwithtcp.o(.data)
    Fan_WorkingTime                          0x200000a0   Data           4  interactwithtcp.o(.data)
    Pump_WorkingTime                         0x200000a4   Data           4  interactwithtcp.o(.data)
    Curtain_WorkingTime                      0x200000a8   Data           4  interactwithtcp.o(.data)
    hashtable_seed                           0x200000cc   Data           4  hashtable_seed.o(.data)
    __microlib_freelist                      0x200000d4   Data           4  mvars.o(.data)
    __microlib_freelist_initialised          0x200000d8   Data           4  mvars.o(.data)
    Serial_RxFromEspBuf                      0x200000dc   Data         500  serial.o(.bss)
    Rx_Temp                                  0x200002d0   Data         500  serial.o(.bss)
    lst_pulse_perid                          0x200004c4   Data          43  dth11.o(.bss)
    lst_bit                                  0x200004ef   Data          40  dth11.o(.bss)
    __heap_base                              0x20000548   Data           0  startup_stm32f10x_md.o(HEAP)
    __heap_limit                             0x20001100   Data           0  startup_stm32f10x_md.o(HEAP)
    __initial_sp                             0x20001500   Data           0  startup_stm32f10x_md.o(STACK)



==============================================================================

Memory Map of the image

  Image Entry point : 0x080000ed

  Load Region LR_IROM1 (Base: 0x08000000, Size: 0x0000531c, Max: 0x00010000, ABSOLUTE)

    Execution Region ER_IROM1 (Exec base: 0x08000000, Load base: 0x08000000, Size: 0x00005240, Max: 0x00010000, ABSOLUTE)

    Exec Addr    Load Addr    Size         Type   Attr      Idx    E Section Name        Object

    0x08000000   0x08000000   0x000000ec   Data   RO          132    RESET               startup_stm32f10x_md.o
    0x080000ec   0x080000ec   0x00000000   Code   RO         5713  * .ARM.Collect$$$$00000000  mc_w.l(entry.o)
    0x080000ec   0x080000ec   0x00000004   Code   RO         6111    .ARM.Collect$$$$00000001  mc_w.l(entry2.o)
    0x080000f0   0x080000f0   0x00000004   Code   RO         6114    .ARM.Collect$$$$00000004  mc_w.l(entry5.o)
    0x080000f4   0x080000f4   0x00000000   Code   RO         6116    .ARM.Collect$$$$00000008  mc_w.l(entry7b.o)
    0x080000f4   0x080000f4   0x00000000   Code   RO         6118    .ARM.Collect$$$$0000000A  mc_w.l(entry8b.o)
    0x080000f4   0x080000f4   0x00000008   Code   RO         6119    .ARM.Collect$$$$0000000B  mc_w.l(entry9a.o)
    0x080000fc   0x080000fc   0x00000000   Code   RO         6121    .ARM.Collect$$$$0000000D  mc_w.l(entry10a.o)
    0x080000fc   0x080000fc   0x00000000   Code   RO         6123    .ARM.Collect$$$$0000000F  mc_w.l(entry11a.o)
    0x080000fc   0x080000fc   0x00000004   Code   RO         6112    .ARM.Collect$$$$00002712  mc_w.l(entry2.o)
    0x08000100   0x08000100   0x00000024   Code   RO          133    .text               startup_stm32f10x_md.o
    0x08000124   0x08000124   0x0000002c   Code   RO         5736    .text               mc_w.l(uidiv.o)
    0x08000150   0x08000150   0x000000a8   Code   RO         5746    .text               mc_w.l(mktime.o)
    0x080001f8   0x080001f8   0x00000040   Code   RO         5751    .text               mc_w.l(memmovea.o)
    0x08000238   0x08000238   0x00000024   Code   RO         5753    .text               mc_w.l(memseta.o)
    0x0800025c   0x0800025c   0x00000018   Code   RO         5755    .text               mc_w.l(strcat.o)
    0x08000274   0x08000274   0x00000024   Code   RO         5757    .text               mc_w.l(strstr.o)
    0x08000298   0x08000298   0x0000000e   Code   RO         5761    .text               mc_w.l(strlen.o)
    0x080002a6   0x080002a6   0x0000001c   Code   RO         5763    .text               mc_w.l(strcmp.o)
    0x080002c2   0x080002c2   0x00000014   Code   RO         5765    .text               mc_w.l(memchr.o)
    0x080002d6   0x080002d6   0x00000012   Code   RO         5769    .text               mc_w.l(strcpy.o)
    0x080002e8   0x080002e8   0x00000004   Code   RO         6073    .text               mc_w.l(strtoll.o)
    0x080002ec   0x080002ec   0x0000014e   Code   RO         6081    .text               mf_w.l(dadd.o)
    0x0800043a   0x0800043a   0x000000e4   Code   RO         6083    .text               mf_w.l(dmul.o)
    0x0800051e   0x0800051e   0x000000de   Code   RO         6085    .text               mf_w.l(ddiv.o)
    0x080005fc   0x080005fc   0x00000032   Code   RO         6097    .text               mf_w.l(dfixui.o)
    0x0800062e   0x0800062e   0x00000002   PAD
    0x08000630   0x08000630   0x00000030   Code   RO         6101    .text               mf_w.l(cdcmple.o)
    0x08000660   0x08000660   0x00000030   Code   RO         6103    .text               mf_w.l(cdrcmple.o)
    0x08000690   0x08000690   0x00000038   Code   RO         6105    .text               mf_w.l(d2f.o)
    0x080006c8   0x080006c8   0x00000014   Code   RO         6107    .text               mf_w.l(cfcmple.o)
    0x080006dc   0x080006dc   0x00000014   Code   RO         6109    .text               mf_w.l(cfrcmple.o)
    0x080006f0   0x080006f0   0x00000062   Code   RO         6129    .text               mc_w.l(uldiv.o)
    0x08000752   0x08000752   0x0000001e   Code   RO         6131    .text               mc_w.l(llshl.o)
    0x08000770   0x08000770   0x00000020   Code   RO         6133    .text               mc_w.l(llushr.o)
    0x08000790   0x08000790   0x00000024   Code   RO         6135    .text               mc_w.l(llsshr.o)
    0x080007b4   0x080007b4   0x0000000c   Code   RO         6137    .text               mc_w.l(localtime_w.o)
    0x080007c0   0x080007c0   0x0000008c   Code   RO         6140    .text               mc_w.l(localtime_i.o)
    0x0800084c   0x0800084c   0x0000009c   Code   RO         6145    .text               mc_w.l(strtod.o)
    0x080008e8   0x080008e8   0x00000090   Code   RO         6147    .text               mc_w.l(__strtoll.o)
    0x08000978   0x08000978   0x00000000   Code   RO         6149    .text               mc_w.l(iusefp.o)
    0x08000978   0x08000978   0x0000006e   Code   RO         6151    .text               mf_w.l(fepilogue.o)
    0x080009e6   0x080009e6   0x000000ba   Code   RO         6153    .text               mf_w.l(depilogue.o)
    0x08000aa0   0x08000aa0   0x00000030   Code   RO         6155    .text               mf_w.l(dfixul.o)
    0x08000ad0   0x08000ad0   0x00000024   Code   RO         6157    .text               mc_w.l(init.o)
    0x08000af4   0x08000af4   0x00000008   Code   RO         6161    .text               mc_w.l(ctype_o.o)
    0x08000afc   0x08000afc   0x00000012   Code   RO         6183    .text               mc_w.l(isspace_o.o)
    0x08000b0e   0x08000b0e   0x00000002   PAD
    0x08000b10   0x08000b10   0x00000360   Code   RO         6189    .text               mc_w.l(scanf_fp.o)
    0x08000e70   0x08000e70   0x00000040   Code   RO         6193    .text               mc_w.l(_sgetc.o)
    0x08000eb0   0x08000eb0   0x000000c2   Code   RO         6195    .text               mc_w.l(_strtoull.o)
    0x08000f72   0x08000f72   0x0000001c   Code   RO         6201    .text               mc_w.l(_chval.o)
    0x08000f8e   0x08000f8e   0x00000018   Code   RO         6203    .text               mf_w.l(dfltul.o)
    0x08000fa6   0x08000fa6   0x00000002   PAD
    0x08000fa8   0x08000fa8   0x0000001c   Code   RO          431    i.BKP_ReadBackupRegister  stm32f10x_bkp.o
    0x08000fc4   0x08000fc4   0x0000001c   Code   RO          435    i.BKP_WriteBackupRegister  stm32f10x_bkp.o
    0x08000fe0   0x08000fe0   0x00000004   Code   RO         4440    i.BusFault_Handler  stm32f10x_it.o
    0x08000fe4   0x08000fe4   0x00000a38   Code   RO         4339    i.ControlDevice     interactwithtcp.o
    0x08001a1c   0x08001a1c   0x00000002   Code   RO         4441    i.DebugMon_Handler  stm32f10x_it.o
    0x08001a1e   0x08001a1e   0x00000018   Code   RO         3196    i.Delay_ms          delay.o
    0x08001a36   0x08001a36   0x00000018   Code   RO         3197    i.Delay_s           delay.o
    0x08001a4e   0x08001a4e   0x0000002e   Code   RO         3198    i.Delay_us          delay.o
    0x08001a7c   0x08001a7c   0x00000116   Code   RO         1347    i.GPIO_Init         stm32f10x_gpio.o
    0x08001b92   0x08001b92   0x00000004   Code   RO         1354    i.GPIO_ResetBits    stm32f10x_gpio.o
    0x08001b96   0x08001b96   0x00000004   Code   RO         1355    i.GPIO_SetBits      stm32f10x_gpio.o
    0x08001b9a   0x08001b9a   0x00000004   Code   RO         1357    i.GPIO_Write        stm32f10x_gpio.o
    0x08001b9e   0x08001b9e   0x0000000a   Code   RO         1358    i.GPIO_WriteBit     stm32f10x_gpio.o
    0x08001ba8   0x08001ba8   0x00000004   Code   RO         4442    i.HardFault_Handler  stm32f10x_it.o
    0x08001bac   0x08001bac   0x00000034   Code   RO         4117    i.HeatingCore_Control  heatingcore.o
    0x08001be0   0x08001be0   0x00000050   Code   RO         3385    i.LED_Control       led.o
    0x08001c30   0x08001c30   0x00000028   Code   RO         3387    i.LED_SetStrength   led.o
    0x08001c58   0x08001c58   0x00000004   Code   RO         4443    i.MemManage_Handler  stm32f10x_it.o
    0x08001c5c   0x08001c5c   0x0000008c   Code   RO         3734    i.Motor_Control     motor.o
    0x08001ce8   0x08001ce8   0x00000040   Code   RO         3736    i.Motor_SetSpeed    motor.o
    0x08001d28   0x08001d28   0x00000070   Code   RO         3251    i.MyRTC_Init        myrtc.o
    0x08001d98   0x08001d98   0x00000048   Code   RO         3252    i.MyRTC_ReadTime    myrtc.o
    0x08001de0   0x08001de0   0x0000004c   Code   RO         3253    i.MyRTC_SetTime     myrtc.o
    0x08001e2c   0x08001e2c   0x00000002   Code   RO         4444    i.NMI_Handler       stm32f10x_it.o
    0x08001e2e   0x08001e2e   0x0000002a   Code   RO         3421    i.OLED_Clear        oled.o
    0x08001e58   0x08001e58   0x00000050   Code   RO         3422    i.OLED_I2C_Init     oled.o
    0x08001ea8   0x08001ea8   0x00000054   Code   RO         3423    i.OLED_I2C_SendByte  oled.o
    0x08001efc   0x08001efc   0x00000034   Code   RO         3424    i.OLED_I2C_Start    oled.o
    0x08001f30   0x08001f30   0x00000028   Code   RO         3425    i.OLED_I2C_Stop     oled.o
    0x08001f58   0x08001f58   0x000000ae   Code   RO         3426    i.OLED_Init         oled.o
    0x08002006   0x08002006   0x00000014   Code   RO         3427    i.OLED_Pow          oled.o
    0x0800201a   0x0800201a   0x00000022   Code   RO         3428    i.OLED_SetCursor    oled.o
    0x0800203c   0x0800203c   0x00000074   Code   RO         3430    i.OLED_ShowChar     oled.o
    0x080020b0   0x080020b0   0x00000044   Code   RO         3432    i.OLED_ShowNum      oled.o
    0x080020f4   0x080020f4   0x00000028   Code   RO         3434    i.OLED_ShowString   oled.o
    0x0800211c   0x0800211c   0x00000020   Code   RO         3435    i.OLED_WriteCommand  oled.o
    0x0800213c   0x0800213c   0x00000020   Code   RO         3436    i.OLED_WriteData    oled.o
    0x0800215c   0x0800215c   0x00000010   Code   RO         3765    i.PWM_SetCompare3   pwm.o
    0x0800216c   0x0800216c   0x00000010   Code   RO         3766    i.PWM_SetCompare4   pwm.o
    0x0800217c   0x0800217c   0x0000000c   Code   RO         1710    i.PWR_BackupAccessCmd  stm32f10x_pwr.o
    0x08002188   0x08002188   0x00000002   Code   RO         4445    i.PendSV_Handler    stm32f10x_it.o
    0x0800218a   0x0800218a   0x00000002   PAD
    0x0800218c   0x0800218c   0x00000034   Code   RO         4075    i.Pump_Control      pump.o
    0x080021c0   0x080021c0   0x00000020   Code   RO         1775    i.RCC_APB1PeriphClockCmd  stm32f10x_rcc.o
    0x080021e0   0x080021e0   0x00000020   Code   RO         1777    i.RCC_APB2PeriphClockCmd  stm32f10x_rcc.o
    0x08002200   0x08002200   0x0000003c   Code   RO         1786    i.RCC_GetFlagStatus  stm32f10x_rcc.o
    0x0800223c   0x0800223c   0x00000034   Code   RO         1793    i.RCC_LSEConfig     stm32f10x_rcc.o
    0x08002270   0x08002270   0x0000000c   Code   RO         1800    i.RCC_RTCCLKCmd     stm32f10x_rcc.o
    0x0800227c   0x0800227c   0x00000010   Code   RO         1801    i.RCC_RTCCLKConfig  stm32f10x_rcc.o
    0x0800228c   0x0800228c   0x00000014   Code   RO         1978    i.RTC_EnterConfigMode  stm32f10x_rtc.o
    0x080022a0   0x080022a0   0x00000014   Code   RO         1979    i.RTC_ExitConfigMode  stm32f10x_rtc.o
    0x080022b4   0x080022b4   0x00000014   Code   RO         1980    i.RTC_GetCounter    stm32f10x_rtc.o
    0x080022c8   0x080022c8   0x0000001c   Code   RO         1986    i.RTC_SetCounter    stm32f10x_rtc.o
    0x080022e4   0x080022e4   0x00000020   Code   RO         1987    i.RTC_SetPrescaler  stm32f10x_rtc.o
    0x08002304   0x08002304   0x00000014   Code   RO         1988    i.RTC_WaitForLastTask  stm32f10x_rtc.o
    0x08002318   0x08002318   0x00000024   Code   RO         1989    i.RTC_WaitForSynchro  stm32f10x_rtc.o
    0x0800233c   0x0800233c   0x00000002   Code   RO         4446    i.SVC_Handler       stm32f10x_it.o
    0x0800233e   0x0800233e   0x00000002   PAD
    0x08002340   0x08002340   0x0000001c   Code   RO         3529    i.Serial_GetRxFlag  serial.o
    0x0800235c   0x0800235c   0x00000042   Code   RO         3531    i.Serial_OledShowString  serial.o
    0x0800239e   0x0800239e   0x00000002   PAD
    0x080023a0   0x080023a0   0x0000001c   Code   RO         3533    i.Serial_RxFromEspBuf_Clear  serial.o
    0x080023bc   0x080023bc   0x00000008   Code   RO           17    i.SetSysClock       system_stm32f10x.o
    0x080023c4   0x080023c4   0x000000e0   Code   RO           18    i.SetSysClockTo72   system_stm32f10x.o
    0x080024a4   0x080024a4   0x00000034   Code   RO         4159    i.SteeperMotor_Control  _28byj48.o
    0x080024d8   0x080024d8   0x00000002   Code   RO         4447    i.SysTick_Handler   stm32f10x_it.o
    0x080024da   0x080024da   0x00000002   PAD
    0x080024dc   0x080024dc   0x00000060   Code   RO           20    i.SystemInit        system_stm32f10x.o
    0x0800253c   0x0800253c   0x000000d4   Code   RO         4160    i.TIM1_UP_IRQHandler  _28byj48.o
    0x08002610   0x08002610   0x00000040   Code   RO         3664    i.TIM3_IRQHandler   dth11.o
    0x08002650   0x08002650   0x00000006   Code   RO         2416    i.TIM_ClearITPendingBit  stm32f10x_tim.o
    0x08002656   0x08002656   0x00000018   Code   RO         2421    i.TIM_Cmd           stm32f10x_tim.o
    0x0800266e   0x0800266e   0x00000006   Code   RO         2436    i.TIM_GetCapture1   stm32f10x_tim.o
    0x08002674   0x08002674   0x00000022   Code   RO         2442    i.TIM_GetITStatus   stm32f10x_tim.o
    0x08002696   0x08002696   0x00000004   Code   RO         2480    i.TIM_SetAutoreload  stm32f10x_tim.o
    0x0800269a   0x0800269a   0x00000004   Code   RO         2484    i.TIM_SetCompare3   stm32f10x_tim.o
    0x0800269e   0x0800269e   0x00000006   Code   RO         2485    i.TIM_SetCompare4   stm32f10x_tim.o
    0x080026a4   0x080026a4   0x000000e0   Code   RO         3538    i.USART1_IRQHandler  serial.o
    0x08002784   0x08002784   0x0000001e   Code   RO         2957    i.USART_ClearITPendingBit  stm32f10x_usart.o
    0x080027a2   0x080027a2   0x00000054   Code   RO         2964    i.USART_GetITStatus  stm32f10x_usart.o
    0x080027f6   0x080027f6   0x0000000a   Code   RO         2974    i.USART_ReceiveData  stm32f10x_usart.o
    0x08002800   0x08002800   0x00000004   Code   RO         4448    i.UsageFault_Handler  stm32f10x_it.o
    0x08002804   0x08002804   0x00000034   Code   RO         4096    i.Valve1_Control    valve1.o
    0x08002838   0x08002838   0x00000034   Code   RO         4138    i.Valve2_Control    valve2.o
    0x0800286c   0x0800286c   0x00000028   Code   RO         4161    i._28BYJ48Stop      _28byj48.o
    0x08002894   0x08002894   0x00000030   Code   RO         4162    i._28BYJ48_Forward_Ration  _28byj48.o
    0x080028c4   0x080028c4   0x00000030   Code   RO         4164    i._28BYJ48_Reverse_Rotation  _28byj48.o
    0x080028f4   0x080028f4   0x00000030   Code   RO         6011    i.__0snprintf       mc_w.l(printfa.o)
    0x08002924   0x08002924   0x0000002c   Code   RO         6015    i.__0vsnprintf      mc_w.l(printfa.o)
    0x08002950   0x08002950   0x0000001a   Code   RO         4577    i.__ARM_common_switch8  jansson_CM3LE.lib(dump.o)
    0x0800296a   0x0800296a   0x00000016   Code   RO         5270    i.__ARM_isinf       jansson_CM3LE.lib(value.o)
    0x08002980   0x08002980   0x00000018   Code   RO         5275    i.__ARM_isnan       jansson_CM3LE.lib(value.o)
    0x08002998   0x08002998   0x00000008   Code   RO         6066    i.__aeabi_errno_addr  mc_w.l(errno.o)
    0x080029a0   0x080029a0   0x0000000e   Code   RO         6207    i.__scatterload_copy  mc_w.l(handlers.o)
    0x080029ae   0x080029ae   0x00000002   Code   RO         6208    i.__scatterload_null  mc_w.l(handlers.o)
    0x080029b0   0x080029b0   0x0000000e   Code   RO         6209    i.__scatterload_zeroinit  mc_w.l(handlers.o)
    0x080029be   0x080029be   0x00000002   PAD
    0x080029c0   0x080029c0   0x00000184   Code   RO         6017    i._fp_digits        mc_w.l(printfa.o)
    0x08002b44   0x08002b44   0x0000000e   Code   RO         6191    i._is_digit         mc_w.l(scanf_fp.o)
    0x08002b52   0x08002b52   0x00000002   PAD
    0x08002b54   0x08002b54   0x000006dc   Code   RO         6018    i._printf_core      mc_w.l(printfa.o)
    0x08003230   0x08003230   0x00000024   Code   RO         6019    i._printf_post_padding  mc_w.l(printfa.o)
    0x08003254   0x08003254   0x0000002e   Code   RO         6020    i._printf_pre_padding  mc_w.l(printfa.o)
    0x08003282   0x08003282   0x00000016   Code   RO         6021    i._snputc           mc_w.l(printfa.o)
    0x08003298   0x08003298   0x00000018   Code   RO         4924    i.array_copy        jansson_CM3LE.lib(value.o)
    0x080032b0   0x080032b0   0x00000016   Code   RO         5364    i.bucket_is_empty   jansson_CM3LE.lib(hashtable.o)
    0x080032c6   0x080032c6   0x0000004c   Code   RO         4625    i.decode_unicode_escape  jansson_CM3LE.lib(load.o)
    0x08003312   0x08003312   0x00000002   PAD
    0x08003314   0x08003314   0x000000c0   Code   RO         4626    i.error_set         jansson_CM3LE.lib(load.o)
    0x080033d4   0x080033d4   0x00000050   Code   RO         6038    i.free              mc_w.l(malloc.o)
    0x08003424   0x08003424   0x00000144   Code   RO         5365    i.hashlittle        jansson_CM3LE.lib(hashtable.o)
    0x08003568   0x08003568   0x00000010   Code   RO         5367    i.hashtable_close   jansson_CM3LE.lib(hashtable.o)
    0x08003578   0x08003578   0x00000022   Code   RO         5369    i.hashtable_do_clear  jansson_CM3LE.lib(hashtable.o)
    0x0800359a   0x0800359a   0x00000076   Code   RO         5371    i.hashtable_do_rehash  jansson_CM3LE.lib(hashtable.o)
    0x08003610   0x08003610   0x0000003c   Code   RO         5372    i.hashtable_find_pair  jansson_CM3LE.lib(hashtable.o)
    0x0800364c   0x0800364c   0x00000040   Code   RO         5373    i.hashtable_get     jansson_CM3LE.lib(hashtable.o)
    0x0800368c   0x0800368c   0x00000048   Code   RO         5374    i.hashtable_init    jansson_CM3LE.lib(hashtable.o)
    0x080036d4   0x080036d4   0x0000000c   Code   RO         5375    i.hashtable_iter    jansson_CM3LE.lib(hashtable.o)
    0x080036e0   0x080036e0   0x00000004   Code   RO         5377    i.hashtable_iter_key  jansson_CM3LE.lib(hashtable.o)
    0x080036e4   0x080036e4   0x0000000e   Code   RO         5378    i.hashtable_iter_next  jansson_CM3LE.lib(hashtable.o)
    0x080036f2   0x080036f2   0x00000004   Code   RO         5381    i.hashtable_iter_value  jansson_CM3LE.lib(hashtable.o)
    0x080036f6   0x080036f6   0x00000002   PAD
    0x080036f8   0x080036f8   0x000000ac   Code   RO         5382    i.hashtable_set     jansson_CM3LE.lib(hashtable.o)
    0x080037a4   0x080037a4   0x0000002a   Code   RO         5383    i.insert_to_bucket  jansson_CM3LE.lib(hashtable.o)
    0x080037ce   0x080037ce   0x00000036   Code   RO         4926    i.json_array        jansson_CM3LE.lib(value.o)
    0x08003804   0x08003804   0x00000048   Code   RO         4927    i.json_array_append_new  jansson_CM3LE.lib(value.o)
    0x0800384c   0x0800384c   0x0000004c   Code   RO         4931    i.json_array_grow   jansson_CM3LE.lib(value.o)
    0x08003898   0x08003898   0x0000001c   Code   RO         4342    i.json_decref       interactwithtcp.o
    0x080038b4   0x080038b4   0x00000018   Code   RO         4627    i.json_decref       jansson_CM3LE.lib(load.o)
    0x080038cc   0x080038cc   0x00000018   Code   RO         4937    i.json_decref       jansson_CM3LE.lib(value.o)
    0x080038e4   0x080038e4   0x00000018   Code   RO         5384    i.json_decref       jansson_CM3LE.lib(hashtable.o)
    0x080038fc   0x080038fc   0x00000054   Code   RO         4939    i.json_delete       jansson_CM3LE.lib(value.o)
    0x08003950   0x08003950   0x00000008   Code   RO         4941    i.json_false        jansson_CM3LE.lib(value.o)
    0x08003958   0x08003958   0x00000010   Code   RO         4628    i.json_incref       jansson_CM3LE.lib(load.o)
    0x08003968   0x08003968   0x0000001c   Code   RO         4943    i.json_integer      jansson_CM3LE.lib(value.o)
    0x08003984   0x08003984   0x00000018   Code   RO         4945    i.json_integer_value  jansson_CM3LE.lib(value.o)
    0x0800399c   0x0800399c   0x00000074   Code   RO         4633    i.json_loads        jansson_CM3LE.lib(load.o)
    0x08003a10   0x08003a10   0x00000008   Code   RO         4946    i.json_null         jansson_CM3LE.lib(value.o)
    0x08003a18   0x08003a18   0x0000004c   Code   RO         4948    i.json_object       jansson_CM3LE.lib(value.o)
    0x08003a64   0x08003a64   0x0000001c   Code   RO         4953    i.json_object_get   jansson_CM3LE.lib(value.o)
    0x08003a80   0x08003a80   0x00000018   Code   RO         4954    i.json_object_iter  jansson_CM3LE.lib(value.o)
    0x08003a98   0x08003a98   0x0000000c   Code   RO         4956    i.json_object_iter_key  jansson_CM3LE.lib(value.o)
    0x08003aa4   0x08003aa4   0x0000001c   Code   RO         4957    i.json_object_iter_next  jansson_CM3LE.lib(value.o)
    0x08003ac0   0x08003ac0   0x0000000c   Code   RO         4959    i.json_object_iter_value  jansson_CM3LE.lib(value.o)
    0x08003acc   0x08003acc   0x00000028   Code   RO         5691    i.json_object_seed  jansson_CM3LE.lib(hashtable_seed.o)
    0x08003af4   0x08003af4   0x00000040   Code   RO         4962    i.json_object_set_new_nocheck  jansson_CM3LE.lib(value.o)
    0x08003b34   0x08003b34   0x00000034   Code   RO         4968    i.json_real         jansson_CM3LE.lib(value.o)
    0x08003b68   0x08003b68   0x00000018   Code   RO         4970    i.json_real_value   jansson_CM3LE.lib(value.o)
    0x08003b80   0x08003b80   0x00000012   Code   RO         4979    i.json_string_value  jansson_CM3LE.lib(value.o)
    0x08003b92   0x08003b92   0x00000002   PAD
    0x08003b94   0x08003b94   0x00000008   Code   RO         4982    i.json_true         jansson_CM3LE.lib(value.o)
    0x08003b9c   0x08003b9c   0x00000022   Code   RO         5319    i.jsonp_error_init  jansson_CM3LE.lib(error.o)
    0x08003bbe   0x08003bbe   0x00000010   Code   RO         5320    i.jsonp_error_set   jansson_CM3LE.lib(error.o)
    0x08003bce   0x08003bce   0x00000002   PAD
    0x08003bd0   0x08003bd0   0x0000003c   Code   RO         5321    i.jsonp_error_set_source  jansson_CM3LE.lib(error.o)
    0x08003c0c   0x08003c0c   0x0000002c   Code   RO         5322    i.jsonp_error_vset  jansson_CM3LE.lib(error.o)
    0x08003c38   0x08003c38   0x00000010   Code   RO         5522    i.jsonp_free        jansson_CM3LE.lib(memory.o)
    0x08003c48   0x08003c48   0x00000010   Code   RO         5523    i.jsonp_malloc      jansson_CM3LE.lib(memory.o)
    0x08003c58   0x08003c58   0x0000000a   Code   RO         4983    i.jsonp_stringn_nocheck_own  jansson_CM3LE.lib(value.o)
    0x08003c62   0x08003c62   0x00000024   Code   RO         5525    i.jsonp_strndup     jansson_CM3LE.lib(memory.o)
    0x08003c86   0x08003c86   0x00000002   PAD
    0x08003c88   0x08003c88   0x00000064   Code   RO         5628    i.jsonp_strtod      jansson_CM3LE.lib(strconv.o)
    0x08003cec   0x08003cec   0x0000001c   Code   RO         4634    i.lex_close         jansson_CM3LE.lib(load.o)
    0x08003d08   0x08003d08   0x00000012   Code   RO         4635    i.lex_free_string   jansson_CM3LE.lib(load.o)
    0x08003d1a   0x08003d1a   0x00000008   Code   RO         4636    i.lex_get           jansson_CM3LE.lib(load.o)
    0x08003d22   0x08003d22   0x0000001e   Code   RO         4637    i.lex_get_save      jansson_CM3LE.lib(load.o)
    0x08003d40   0x08003d40   0x00000030   Code   RO         4638    i.lex_init          jansson_CM3LE.lib(load.o)
    0x08003d70   0x08003d70   0x0000000c   Code   RO         4639    i.lex_save          jansson_CM3LE.lib(load.o)
    0x08003d7c   0x08003d7c   0x00000138   Code   RO         4640    i.lex_scan          jansson_CM3LE.lib(load.o)
    0x08003eb4   0x08003eb4   0x0000018c   Code   RO         4641    i.lex_scan_number   jansson_CM3LE.lib(load.o)
    0x08004040   0x08004040   0x00000288   Code   RO         4642    i.lex_scan_string   jansson_CM3LE.lib(load.o)
    0x080042c8   0x080042c8   0x00000026   Code   RO         4643    i.lex_unget_unsave  jansson_CM3LE.lib(load.o)
    0x080042ee   0x080042ee   0x0000000e   Code   RO         5385    i.list_insert       jansson_CM3LE.lib(hashtable.o)
    0x080042fc   0x080042fc   0x0000005c   Code   RO         4281    i.main              main.o
    0x08004358   0x08004358   0x0000006c   Code   RO         6039    i.malloc            mc_w.l(malloc.o)
    0x080043c4   0x080043c4   0x00000094   Code   RO         4644    i.parse_array       jansson_CM3LE.lib(load.o)
    0x08004458   0x08004458   0x00000094   Code   RO         4645    i.parse_json        jansson_CM3LE.lib(load.o)
    0x080044ec   0x080044ec   0x00000180   Code   RO         4646    i.parse_object      jansson_CM3LE.lib(load.o)
    0x0800466c   0x0800466c   0x00000140   Code   RO         4647    i.parse_value       jansson_CM3LE.lib(load.o)
    0x080047ac   0x080047ac   0x00000006   Code   RO         4503    i.seed_from_timestamp_and_pid  jansson_config.o
    0x080047b2   0x080047b2   0x0000000c   Code   RO         5568    i.strbuffer_append_byte  jansson_CM3LE.lib(strbuffer.o)
    0x080047be   0x080047be   0x00000002   PAD
    0x080047c0   0x080047c0   0x00000070   Code   RO         5569    i.strbuffer_append_bytes  jansson_CM3LE.lib(strbuffer.o)
    0x08004830   0x08004830   0x0000000a   Code   RO         5570    i.strbuffer_clear   jansson_CM3LE.lib(strbuffer.o)
    0x0800483a   0x0800483a   0x00000018   Code   RO         5571    i.strbuffer_close   jansson_CM3LE.lib(strbuffer.o)
    0x08004852   0x08004852   0x00000022   Code   RO         5572    i.strbuffer_init    jansson_CM3LE.lib(strbuffer.o)
    0x08004874   0x08004874   0x00000018   Code   RO         5573    i.strbuffer_pop     jansson_CM3LE.lib(strbuffer.o)
    0x0800488c   0x0800488c   0x00000004   Code   RO         5575    i.strbuffer_value   jansson_CM3LE.lib(strbuffer.o)
    0x08004890   0x08004890   0x000000e4   Code   RO         4648    i.stream_get        jansson_CM3LE.lib(load.o)
    0x08004974   0x08004974   0x0000004a   Code   RO         4649    i.stream_unget      jansson_CM3LE.lib(load.o)
    0x080049be   0x080049be   0x0000003e   Code   RO         4984    i.string_create     jansson_CM3LE.lib(value.o)
    0x080049fc   0x080049fc   0x00000018   Code   RO         4650    i.string_get        jansson_CM3LE.lib(load.o)
    0x08004a14   0x08004a14   0x0000001c   Code   RO         5710    i.strtod            m_ws.l(strtod.o)
    0x08004a30   0x08004a30   0x0000003c   Code   RO         5655    i.utf8_check_first  jansson_CM3LE.lib(utf.o)
    0x08004a6c   0x08004a6c   0x00000088   Code   RO         5656    i.utf8_check_full   jansson_CM3LE.lib(utf.o)
    0x08004af4   0x08004af4   0x0000007c   Code   RO         5658    i.utf8_encode       jansson_CM3LE.lib(utf.o)
    0x08004b70   0x08004b70   0x000005f0   Data   RO         3437    .constdata          oled.o
    0x08005160   0x08005160   0x00000020   Data   RO         4165    .constdata          _28byj48.o
    0x08005180   0x08005180   0x0000000c   Data   RO         5747    .constdata          mc_w.l(mktime.o)
    0x0800518c   0x0800518c   0x0000000c   Data   RO         6141    .constdata          mc_w.l(localtime_i.o)
    0x08005198   0x08005198   0x00000081   Data   RO         6162    .constdata          mc_w.l(ctype_o.o)
    0x08005219   0x08005219   0x00000003   PAD
    0x0800521c   0x0800521c   0x00000004   Data   RO         6163    .constdata          mc_w.l(ctype_o.o)
    0x08005220   0x08005220   0x00000020   Data   RO         6205    Region$$Table       anon$$obj.o


    Execution Region RW_IRAM1 (Exec base: 0x20000000, Load base: 0x08005240, Size: 0x00001500, Max: 0x00005000, ABSOLUTE)

    Exec Addr    Load Addr    Size         Type   Attr      Idx    E Section Name        Object

    0x20000000   0x08005240   0x0000000c   Data   RW         3254    .data               myrtc.o
    0x2000000c   0x0800524c   0x00000002   Data   RW         3388    .data               led.o
    0x2000000e   0x0800524e   0x00000005   Data   RW         3540    .data               serial.o
    0x20000013   0x08005253   0x00000001   PAD
    0x20000014   0x08005254   0x00000012   Data   RW         3666    .data               dth11.o
    0x20000026   0x08005266   0x00000002   Data   RW         3737    .data               motor.o
    0x20000028   0x08005268   0x00000006   Data   RW         3792    .data               sgp30.o
    0x2000002e   0x0800526e   0x00000002   PAD
    0x20000030   0x08005270   0x00000006   Data   RW         3875    .data               phsensor.o
    0x20000036   0x08005276   0x00000002   PAD
    0x20000038   0x08005278   0x00000008   Data   RW         3918    .data               ds18b20.o
    0x20000040   0x08005280   0x00000006   Data   RW         4021    .data               bh1750.o
    0x20000046   0x08005286   0x00000002   PAD
    0x20000048   0x08005288   0x00000006   Data   RW         4051    .data               soilhumsensor.o
    0x2000004e   0x0800528e   0x00000001   Data   RW         4077    .data               pump.o
    0x2000004f   0x0800528f   0x00000002   Data   RW         4098    .data               valve1.o
    0x20000051   0x08005291   0x00000002   Data   RW         4119    .data               heatingcore.o
    0x20000053   0x08005293   0x00000002   Data   RW         4140    .data               valve2.o
    0x20000055   0x08005295   0x00000001   PAD
    0x20000056   0x08005296   0x00000007   Data   RW         4166    .data               _28byj48.o
    0x2000005d   0x0800529d   0x00000003   PAD
    0x20000060   0x080052a0   0x0000004c   Data   RW         4344    .data               interactwithtcp.o
    0x200000ac   0x080052ec   0x00000018   Data   RW         4985    .data               jansson_CM3LE.lib(value.o)
    0x200000c4   0x08005304   0x00000008   Data   RW         5526    .data               jansson_CM3LE.lib(memory.o)
    0x200000cc   0x0800530c   0x00000004   Data   RW         5692    .data               jansson_CM3LE.lib(hashtable_seed.o)
    0x200000d0   0x08005310   0x00000004   Data   RW         6069    .data               mc_w.l(errno.o)
    0x200000d4   0x08005314   0x00000004   Data   RW         6143    .data               mc_w.l(mvars.o)
    0x200000d8   0x08005318   0x00000004   Data   RW         6144    .data               mc_w.l(mvars.o)
    0x200000dc        -       0x000003e8   Zero   RW         3539    .bss                serial.o
    0x200004c4        -       0x00000053   Zero   RW         3665    .bss                dth11.o
    0x20000517   0x0800531c   0x00000001   PAD
    0x20000518        -       0x0000002c   Zero   RW         6138    .bss                mc_w.l(localtime_w.o)
    0x20000544   0x0800531c   0x00000004   PAD
    0x20000548        -       0x00000bb8   Zero   RW          131    HEAP                startup_stm32f10x_md.o
    0x20001100        -       0x00000400   Zero   RW          130    STACK               startup_stm32f10x_md.o


==============================================================================

Image component sizes


      Code (inc. data)   RO Data    RW Data    ZI Data      Debug   Object Name

       400         88         32          7          0       2984   _28byj48.o
         0          0          0          6          0        292   bh1750.o
         0          0          0          0          0       4532   core_cm3.o
        94          0          0          0          0       1320   delay.o
         0          0          0          8          0        325   ds18b20.o
        64         14          0         18         83       1543   dth11.o
        52         10          0          2          0        746   heatingcore.o
      2644        756          0         76          0       9388   interactwithtcp.o
         6          0          0          0          0        826   jansson_config.o
       120         16          0          2          0       1230   led.o
        92          8          0          0          0        427   main.o
         0          0          0          0          0     201656   misc.o
       204         16          0          2          0       1299   motor.o
       260         10          0         12          0       2875   myrtc.o
       814         22       1520          0          0       7153   oled.o
         0          0          0          6          0        315   phsensor.o
        52         10          0          1          0        673   pump.o
        32          0          0          0          0        916   pwm.o
       346         40          0          5       1000       3165   serial.o
         0          0          0          6          0        325   sgp30.o
         0          0          0          6          0        350   soilhumsensor.o
        36          8        236          0       4024        752   startup_stm32f10x_md.o
        56         10          0          0          0       2007   stm32f10x_bkp.o
       300          0          0          0          0      12045   stm32f10x_gpio.o
        26          0          0          0          0       3494   stm32f10x_it.o
        12          6          0          0          0        450   stm32f10x_pwr.o
       204         32          0          0          0       2977   stm32f10x_rcc.o
       176         34          0          0          0       3087   stm32f10x_rtc.o
        84          0          0          0          0      24214   stm32f10x_tim.o
       124          0          0          0          0       9094   stm32f10x_usart.o
       328         28          0          0          0      10025   system_stm32f10x.o
        52         10          0          2          0        737   valve1.o
        52         10          0          2          0        737   valve2.o

    ----------------------------------------------------------------------
      6638       1128       1820        172       5108     311959   Object Totals
         0          0         32          0          0          0   (incl. Generated)
         8          0          0         11          1          0   (incl. Padding)

    ----------------------------------------------------------------------

      Code (inc. data)   RO Data    RW Data    ZI Data      Debug   Library Member Name

        26          0          0          0          0       5280   dump.o
       154          4          0          0          0       6085   error.o
       996         32          0          0          0      17185   hashtable.o
        40          6          0          4          0       1280   hashtable_seed.o
      3288        680          0          0          0      19565   load.o
        68          8          0          8          0       5614   memory.o
         0          0          0          0          0        392   pack_unpack.o
       220          4          0          0          0       4432   strbuffer.o
       100         10          0          0          0       1151   strconv.o
       320         14          0          0          0       2507   utf.o
       866         32          0         24          0      22894   value.o
        28          0          0          0          0         80   strtod.o
       144          0          0          0          0         88   __strtoll.o
        28          0          0          0          0         68   _chval.o
        64          0          0          0          0         84   _sgetc.o
       194          0          0          0          0         96   _strtoull.o
         8          4        133          0          0         68   ctype_o.o
         0          0          0          0          0          0   entry.o
         0          0          0          0          0          0   entry10a.o
         0          0          0          0          0          0   entry11a.o
         8          4          0          0          0          0   entry2.o
         4          0          0          0          0          0   entry5.o
         0          0          0          0          0          0   entry7b.o
         0          0          0          0          0          0   entry8b.o
         8          4          0          0          0          0   entry9a.o
         8          4          0          4          0         68   errno.o
        30          0          0          0          0          0   handlers.o
        36          8          0          0          0         68   init.o
        18          0          0          0          0         76   isspace_o.o
         0          0          0          0          0          0   iusefp.o
        30          0          0          0          0         68   llshl.o
        36          0          0          0          0         68   llsshr.o
        32          0          0          0          0         68   llushr.o
       140          6         12          0          0         76   localtime_i.o
        12          6          0          0         44         68   localtime_w.o
       188         20          0          0          0        160   malloc.o
        20          0          0          0          0         68   memchr.o
        64          0          0          0          0         76   memmovea.o
        36          0          0          0          0        108   memseta.o
       168         18         12          0          0         80   mktime.o
         0          0          0          8          0          0   mvars.o
      2340         88          0          0          0        600   printfa.o
       878         12          0          0          0        216   scanf_fp.o
        24          0          0          0          0         68   strcat.o
        28          0          0          0          0         76   strcmp.o
        18          0          0          0          0         68   strcpy.o
        14          0          0          0          0         68   strlen.o
        36          0          0          0          0         80   strstr.o
       156         12          0          0          0        120   strtod.o
         4          0          0          0          0         68   strtoll.o
        44          0          0          0          0         80   uidiv.o
        98          0          0          0          0         92   uldiv.o
        48          0          0          0          0         68   cdcmple.o
        48          0          0          0          0         68   cdrcmple.o
        20          0          0          0          0         68   cfcmple.o
        20          0          0          0          0         68   cfrcmple.o
        56          0          0          0          0         88   d2f.o
       334          0          0          0          0        148   dadd.o
       222          0          0          0          0        100   ddiv.o
       186          0          0          0          0        176   depilogue.o
        50          0          0          0          0         76   dfixui.o
        48          0          0          0          0         68   dfixul.o
        24          0          0          0          0         76   dfltul.o
       228          0          0          0          0         96   dmul.o
       110          0          0          0          0        168   fepilogue.o

    ----------------------------------------------------------------------
     12438        976        160         48         48      90725   Library Totals
        22          0          3          0          4          0   (incl. Padding)

    ----------------------------------------------------------------------

      Code (inc. data)   RO Data    RW Data    ZI Data      Debug   Library Name

      6078        790          0         36          0      86385   jansson_CM3LE.lib
        28          0          0          0          0         80   m_ws.l
      4916        186        157         12         44       2992   mc_w.l
      1394          0          0          0          0       1268   mf_w.l

    ----------------------------------------------------------------------
     12438        976        160         48         48      90725   Library Totals

    ----------------------------------------------------------------------

==============================================================================


      Code (inc. data)   RO Data    RW Data    ZI Data      Debug   

     19076       2104       1980        220       5156     392792   Grand Totals
     19076       2104       1980        220       5156     392792   ELF Image Totals
     19076       2104       1980        220          0          0   ROM Totals

==============================================================================

    Total RO  Size (Code + RO Data)                21056 (  20.56kB)
    Total RW  Size (RW Data + ZI Data)              5376 (   5.25kB)
    Total ROM Size (Code + RO Data + RW Data)      21276 (  20.78kB)

==============================================================================

